SLURM_JOB_ID: 64468354
SLURM_JOB_USER: vsc37097
SLURM_JOB_ACCOUNT: lp-emedia
SLURM_JOB_NAME: slurm_h100.sh
SLURM_CLUSTER_NAME: wice
SLURM_JOB_PARTITION: gpu_h100
SLURM_NNODES: 1
SLURM_NODELIST: s16g15
SLURM_JOB_CPUS_PER_NODE: 16
SLURM_JOB_GPUS: 0,1
Date: Fri May  9 13:40:56 CEST 2025
Walltime: 01-00:00:00
========================================================================

--- Running with smoothing: MSE ---

W0509 13:41:24.517000 833399 /vsc-hard-mounts/leuven-data/370/vsc37097/miniconda3/envs/torch/lib/python3.10/site-packages/torch/distributed/run.py:793] 
W0509 13:41:24.517000 833399 /vsc-hard-mounts/leuven-data/370/vsc37097/miniconda3/envs/torch/lib/python3.10/site-packages/torch/distributed/run.py:793] *****************************************
W0509 13:41:24.517000 833399 /vsc-hard-mounts/leuven-data/370/vsc37097/miniconda3/envs/torch/lib/python3.10/site-packages/torch/distributed/run.py:793] Setting OMP_NUM_THREADS environment variable for each process to be 1 in default, to avoid your system being overloaded, please further tune the variable for optimal performance in your application as needed. 
W0509 13:41:24.517000 833399 /vsc-hard-mounts/leuven-data/370/vsc37097/miniconda3/envs/torch/lib/python3.10/site-packages/torch/distributed/run.py:793] *****************************************
[2025-05-09 13:41:44] INFO: [Rank 0] Using device: cuda:0
[2025-05-09 13:41:44] INFO: Training started at: 2025-05-09 13:41:44.503117
s16g15:833823:833823 [0] NCCL INFO Bootstrap : Using ib0:172.23.4.215<0>
s16g15:833823:833823 [0] NCCL INFO NET/Plugin: No plugin found (libnccl-net.so)
s16g15:833823:833823 [0] NCCL INFO NET/Plugin: Plugin load returned 2 : libnccl-net.so: cannot open shared object file: No such file or directory : when loading libnccl-net.so
s16g15:833823:833823 [0] NCCL INFO NET/Plugin: Using internal network plugin.
s16g15:833823:833823 [0] NCCL INFO cudaDriverVersion 12000
NCCL version 2.21.5+cuda12.4
s16g15:833823:834335 [0] NCCL INFO NET/IB : Using [0]={[0] mlx5_0:1/IB, [1] mlx5_1:1/IB} [RO]; OOB ib0:172.23.4.215<0>
s16g15:833823:834335 [0] NCCL INFO Using non-device net plugin version 0
s16g15:833823:834335 [0] NCCL INFO Using network IB
s16g15:833824:833824 [1] NCCL INFO cudaDriverVersion 12000
s16g15:833824:833824 [1] NCCL INFO Bootstrap : Using ib0:172.23.4.215<0>
s16g15:833824:833824 [1] NCCL INFO NET/Plugin: No plugin found (libnccl-net.so)
s16g15:833824:833824 [1] NCCL INFO NET/Plugin: Plugin load returned 2 : libnccl-net.so: cannot open shared object file: No such file or directory : when loading libnccl-net.so
s16g15:833824:833824 [1] NCCL INFO NET/Plugin: Using internal network plugin.
s16g15:833824:834338 [1] NCCL INFO NET/IB : Using [0]={[0] mlx5_0:1/IB, [1] mlx5_1:1/IB} [RO]; OOB ib0:172.23.4.215<0>
s16g15:833824:834338 [1] NCCL INFO Using non-device net plugin version 0
s16g15:833824:834338 [1] NCCL INFO Using network IB
s16g15:833824:834338 [1] NCCL INFO ncclCommInitRank comm 0x44b9def0 rank 1 nranks 2 cudaDev 1 nvmlDev 1 busId 46000 commId 0x351342368ae1ec99 - Init START
s16g15:833823:834335 [0] NCCL INFO ncclCommInitRank comm 0x291c6160 rank 0 nranks 2 cudaDev 0 nvmlDev 0 busId 26000 commId 0x351342368ae1ec99 - Init START
s16g15:833823:834335 [0] NCCL INFO Setting affinity for GPU 0 to ffff
s16g15:833824:834338 [1] NCCL INFO Setting affinity for GPU 1 to ffff
s16g15:833824:834338 [1] NCCL INFO comm 0x44b9def0 rank 1 nRanks 2 nNodes 1 localRanks 2 localRank 1 MNNVL 0
s16g15:833823:834335 [0] NCCL INFO comm 0x291c6160 rank 0 nRanks 2 nNodes 1 localRanks 2 localRank 0 MNNVL 0
s16g15:833824:834338 [1] NCCL INFO Trees [0] -1/-1/-1->1->0 [1] -1/-1/-1->1->0 [2] 0/-1/-1->1->-1 [3] 0/-1/-1->1->-1 [4] -1/-1/-1->1->0 [5] -1/-1/-1->1->0 [6] 0/-1/-1->1->-1 [7] 0/-1/-1->1->-1
s16g15:833824:834338 [1] NCCL INFO P2P Chunksize set to 524288
s16g15:833823:834335 [0] NCCL INFO Channel 00/08 :    0   1
s16g15:833823:834335 [0] NCCL INFO Channel 01/08 :    0   1
s16g15:833823:834335 [0] NCCL INFO Channel 02/08 :    0   1
s16g15:833823:834335 [0] NCCL INFO Channel 03/08 :    0   1
s16g15:833823:834335 [0] NCCL INFO Channel 04/08 :    0   1
s16g15:833823:834335 [0] NCCL INFO Channel 05/08 :    0   1
s16g15:833823:834335 [0] NCCL INFO Channel 06/08 :    0   1
s16g15:833823:834335 [0] NCCL INFO Channel 07/08 :    0   1
s16g15:833823:834335 [0] NCCL INFO Trees [0] 1/-1/-1->0->-1 [1] 1/-1/-1->0->-1 [2] -1/-1/-1->0->1 [3] -1/-1/-1->0->1 [4] 1/-1/-1->0->-1 [5] 1/-1/-1->0->-1 [6] -1/-1/-1->0->1 [7] -1/-1/-1->0->1
s16g15:833823:834335 [0] NCCL INFO P2P Chunksize set to 524288
s16g15:833824:834338 [1] NCCL INFO Channel 00/0 : 1[1] -> 0[0] via P2P/CUMEM
s16g15:833823:834335 [0] NCCL INFO Channel 00/0 : 0[0] -> 1[1] via P2P/CUMEM
s16g15:833824:834338 [1] NCCL INFO Channel 01/0 : 1[1] -> 0[0] via P2P/CUMEM
s16g15:833823:834335 [0] NCCL INFO Channel 01/0 : 0[0] -> 1[1] via P2P/CUMEM
s16g15:833824:834338 [1] NCCL INFO Channel 02/0 : 1[1] -> 0[0] via P2P/CUMEM
s16g15:833823:834335 [0] NCCL INFO Channel 02/0 : 0[0] -> 1[1] via P2P/CUMEM
s16g15:833824:834338 [1] NCCL INFO Channel 03/0 : 1[1] -> 0[0] via P2P/CUMEM
s16g15:833823:834335 [0] NCCL INFO Channel 03/0 : 0[0] -> 1[1] via P2P/CUMEM
s16g15:833824:834338 [1] NCCL INFO Channel 04/0 : 1[1] -> 0[0] via P2P/CUMEM
s16g15:833823:834335 [0] NCCL INFO Channel 04/0 : 0[0] -> 1[1] via P2P/CUMEM
s16g15:833824:834338 [1] NCCL INFO Channel 05/0 : 1[1] -> 0[0] via P2P/CUMEM
s16g15:833823:834335 [0] NCCL INFO Channel 05/0 : 0[0] -> 1[1] via P2P/CUMEM
s16g15:833824:834338 [1] NCCL INFO Channel 06/0 : 1[1] -> 0[0] via P2P/CUMEM
s16g15:833823:834335 [0] NCCL INFO Channel 06/0 : 0[0] -> 1[1] via P2P/CUMEM
s16g15:833824:834338 [1] NCCL INFO Channel 07/0 : 1[1] -> 0[0] via P2P/CUMEM
s16g15:833823:834335 [0] NCCL INFO Channel 07/0 : 0[0] -> 1[1] via P2P/CUMEM
s16g15:833823:834335 [0] NCCL INFO Connected all rings
s16g15:833823:834335 [0] NCCL INFO Connected all trees
s16g15:833823:834335 [0] NCCL INFO threadThresholds 8/8/64 | 16/8/64 | 512 | 512
s16g15:833823:834335 [0] NCCL INFO 8 coll channels, 8 collnet channels, 0 nvls channels, 8 p2p channels, 8 p2p channels per peer
s16g15:833824:834338 [1] NCCL INFO Connected all rings
s16g15:833824:834338 [1] NCCL INFO Connected all trees
s16g15:833824:834338 [1] NCCL INFO threadThresholds 8/8/64 | 16/8/64 | 512 | 512
s16g15:833824:834338 [1] NCCL INFO 8 coll channels, 8 collnet channels, 0 nvls channels, 8 p2p channels, 8 p2p channels per peer
s16g15:833823:834335 [0] NCCL INFO TUNER/Plugin: Plugin load returned 11 : libnccl-net.so: cannot open shared object file: No such file or directory : when loading libnccl-tuner.so
s16g15:833823:834335 [0] NCCL INFO TUNER/Plugin: Using internal tuner plugin.
s16g15:833823:834335 [0] NCCL INFO ncclCommInitRank comm 0x291c6160 rank 0 nranks 2 cudaDev 0 nvmlDev 0 busId 26000 commId 0x351342368ae1ec99 - Init COMPLETE
s16g15:833824:834338 [1] NCCL INFO TUNER/Plugin: Plugin load returned 11 : libnccl-net.so: cannot open shared object file: No such file or directory : when loading libnccl-tuner.so
s16g15:833824:834338 [1] NCCL INFO TUNER/Plugin: Using internal tuner plugin.
s16g15:833824:834338 [1] NCCL INFO ncclCommInitRank comm 0x44b9def0 rank 1 nranks 2 cudaDev 1 nvmlDev 1 busId 46000 commId 0x351342368ae1ec99 - Init COMPLETE
Fold 1:   0%|          | 0/100 [00:00<?, ?it/s]Fold 1:   0%|          | 0/100 [00:00<?, ?it/s]Fold 1:   1%|          | 1/100 [00:15<25:55, 15.71s/it][2025-05-09 13:47:01] INFO: [Rank 0] Epoch 1/100 - Loss: 0.1595, CE: 0.1182, smooth: 0.2757
Fold 1:   1%|          | 1/100 [00:15<26:02, 15.78s/it]Fold 1:   2%|▏         | 2/100 [00:22<17:16, 10.58s/it]Fold 1:   2%|▏         | 2/100 [00:22<17:18, 10.60s/it]Fold 1:   3%|▎         | 3/100 [00:29<14:30,  8.97s/it]Fold 1:   3%|▎         | 3/100 [00:29<14:29,  8.97s/it]Fold 1:   4%|▍         | 4/100 [00:36<13:03,  8.16s/it]Fold 1:   4%|▍         | 4/100 [00:36<13:03,  8.17s/it]Fold 1:   5%|▌         | 5/100 [00:43<12:14,  7.73s/it]Fold 1:   5%|▌         | 5/100 [00:43<12:14,  7.73s/it]Fold 1:   6%|▌         | 6/100 [00:50<11:45,  7.50s/it][2025-05-09 13:47:36] INFO: [Rank 0] Epoch 6/100 - Loss: 0.0471, CE: 0.0396, smooth: 0.0497
Fold 1:   6%|▌         | 6/100 [00:50<11:45,  7.50s/it]Fold 1:   7%|▋         | 7/100 [00:57<11:19,  7.31s/it]Fold 1:   7%|▋         | 7/100 [00:57<11:21,  7.32s/it]Fold 1:   8%|▊         | 8/100 [01:04<11:04,  7.23s/it]Fold 1:   8%|▊         | 8/100 [01:04<11:04,  7.22s/it]Fold 1:   9%|▉         | 9/100 [01:11<10:49,  7.14s/it]Fold 1:   9%|▉         | 9/100 [01:11<10:49,  7.14s/it]Fold 1:  10%|█         | 10/100 [01:18<10:39,  7.10s/it]Fold 1:  10%|█         | 10/100 [01:18<10:40,  7.12s/it]Fold 1:  11%|█         | 11/100 [01:25<10:32,  7.10s/it][2025-05-09 13:48:11] INFO: [Rank 0] Epoch 11/100 - Loss: 0.0434, CE: 0.0353, smooth: 0.0543
Fold 1:  11%|█         | 11/100 [01:25<10:32,  7.11s/it]Fold 1:  12%|█▏        | 12/100 [01:32<10:21,  7.06s/it]Fold 1:  12%|█▏        | 12/100 [01:32<10:20,  7.05s/it]Fold 1:  13%|█▎        | 13/100 [01:39<10:13,  7.05s/it]Fold 1:  13%|█▎        | 13/100 [01:39<10:14,  7.07s/it]Fold 1:  14%|█▍        | 14/100 [01:46<10:04,  7.03s/it]Fold 1:  14%|█▍        | 14/100 [01:46<10:03,  7.02s/it]Fold 1:  15%|█▌        | 15/100 [01:53<09:57,  7.03s/it]Fold 1:  15%|█▌        | 15/100 [01:53<09:57,  7.03s/it]Fold 1:  16%|█▌        | 16/100 [02:00<09:50,  7.03s/it][2025-05-09 13:48:47] INFO: [Rank 0] Epoch 16/100 - Loss: 0.0360, CE: 0.0300, smooth: 0.0396
Fold 1:  16%|█▌        | 16/100 [02:00<09:50,  7.04s/it]Fold 1:  17%|█▋        | 17/100 [02:07<09:45,  7.05s/it]Fold 1:  17%|█▋        | 17/100 [02:07<09:44,  7.04s/it]Fold 1:  18%|█▊        | 18/100 [02:14<09:34,  7.01s/it]Fold 1:  18%|█▊        | 18/100 [02:14<09:34,  7.01s/it]Fold 1:  19%|█▉        | 19/100 [02:21<09:29,  7.03s/it]Fold 1:  19%|█▉        | 19/100 [02:21<09:29,  7.03s/it]Fold 1:  20%|██        | 20/100 [02:28<09:20,  7.00s/it]Fold 1:  20%|██        | 20/100 [02:28<09:20,  7.01s/it]Fold 1:  21%|██        | 21/100 [02:35<09:14,  7.02s/it][2025-05-09 13:49:22] INFO: [Rank 0] Epoch 21/100 - Loss: 0.0301, CE: 0.0252, smooth: 0.0331
Fold 1:  21%|██        | 21/100 [02:35<09:14,  7.01s/it]Fold 1:  22%|██▏       | 22/100 [02:42<09:05,  6.99s/it]Fold 1:  22%|██▏       | 22/100 [02:42<09:04,  6.98s/it]Fold 1:  23%|██▎       | 23/100 [02:49<08:58,  6.99s/it]Fold 1:  23%|██▎       | 23/100 [02:49<08:59,  7.00s/it]Fold 1:  24%|██▍       | 24/100 [02:56<08:49,  6.97s/it]Fold 1:  24%|██▍       | 24/100 [02:56<08:49,  6.97s/it]Fold 1:  25%|██▌       | 25/100 [03:03<08:40,  6.94s/it]Fold 1:  25%|██▌       | 25/100 [03:03<08:41,  6.95s/it]Fold 1:  26%|██▌       | 26/100 [03:10<08:35,  6.97s/it][2025-05-09 13:49:56] INFO: [Rank 0] Epoch 26/100 - Loss: 0.0278, CE: 0.0228, smooth: 0.0334
Fold 1:  26%|██▌       | 26/100 [03:10<08:37,  6.99s/it]Fold 1:  27%|██▋       | 27/100 [03:17<08:30,  6.99s/it]Fold 1:  27%|██▋       | 27/100 [03:17<08:31,  7.00s/it]Fold 1:  28%|██▊       | 28/100 [03:24<08:25,  7.01s/it]Fold 1:  28%|██▊       | 28/100 [03:24<08:24,  7.01s/it]Fold 1:  29%|██▉       | 29/100 [03:31<08:18,  7.03s/it]Fold 1:  29%|██▉       | 29/100 [03:31<08:19,  7.03s/it]Fold 1:  30%|███       | 30/100 [03:38<08:09,  6.99s/it]Fold 1:  30%|███       | 30/100 [03:38<08:09,  6.99s/it]Fold 1:  31%|███       | 31/100 [03:45<08:01,  6.99s/it][2025-05-09 13:50:31] INFO: [Rank 0] Epoch 31/100 - Loss: 0.0273, CE: 0.0228, smooth: 0.0303
Fold 1:  31%|███       | 31/100 [03:45<08:01,  6.99s/it]Fold 1:  32%|███▏      | 32/100 [03:52<07:54,  6.98s/it]Fold 1:  32%|███▏      | 32/100 [03:52<07:56,  7.00s/it]Fold 1:  33%|███▎      | 33/100 [03:59<07:50,  7.02s/it]Fold 1:  33%|███▎      | 33/100 [03:59<07:49,  7.01s/it]Fold 1:  34%|███▍      | 34/100 [04:06<07:43,  7.02s/it]Fold 1:  34%|███▍      | 34/100 [04:06<07:43,  7.02s/it]Fold 1:  35%|███▌      | 35/100 [04:13<07:34,  6.99s/it]Fold 1:  35%|███▌      | 35/100 [04:13<07:35,  7.00s/it]Fold 1:  36%|███▌      | 36/100 [04:20<07:28,  7.01s/it][2025-05-09 13:51:06] INFO: [Rank 0] Epoch 36/100 - Loss: 0.1973, CE: 0.0615, smooth: 0.9056
Fold 1:  36%|███▌      | 36/100 [04:20<07:28,  7.01s/it]Fold 1:  37%|███▋      | 37/100 [04:27<07:20,  6.99s/it]Fold 1:  37%|███▋      | 37/100 [04:27<07:20,  6.99s/it]Fold 1:  38%|███▊      | 38/100 [04:34<07:13,  7.00s/it]Fold 1:  38%|███▊      | 38/100 [04:34<07:13,  7.00s/it]Fold 1:  39%|███▉      | 39/100 [04:41<07:04,  6.96s/it]Fold 1:  39%|███▉      | 39/100 [04:41<07:04,  6.96s/it]Fold 1:  40%|████      | 40/100 [04:48<06:58,  6.97s/it]Fold 1:  40%|████      | 40/100 [04:48<06:58,  6.97s/it]Fold 1:  41%|████      | 41/100 [04:55<06:50,  6.95s/it][2025-05-09 13:51:41] INFO: [Rank 0] Epoch 41/100 - Loss: 0.0274, CE: 0.0215, smooth: 0.0392
Fold 1:  41%|████      | 41/100 [04:55<06:50,  6.95s/it]Fold 1:  42%|████▏     | 42/100 [05:02<06:43,  6.96s/it]Fold 1:  42%|████▏     | 42/100 [05:02<06:44,  6.97s/it]Fold 1:  43%|████▎     | 43/100 [05:09<06:35,  6.94s/it]Fold 1:  43%|████▎     | 43/100 [05:09<06:35,  6.94s/it]Fold 1:  44%|████▍     | 44/100 [05:16<06:30,  6.97s/it]Fold 1:  44%|████▍     | 44/100 [05:16<06:30,  6.97s/it]Fold 1:  45%|████▌     | 45/100 [05:23<06:24,  6.98s/it]Fold 1:  45%|████▌     | 45/100 [05:23<06:23,  6.98s/it]Fold 1:  46%|████▌     | 46/100 [05:30<06:18,  7.00s/it][2025-05-09 13:52:16] INFO: [Rank 0] Epoch 46/100 - Loss: 0.0237, CE: 0.0188, smooth: 0.0327
Fold 1:  46%|████▌     | 46/100 [05:30<06:18,  7.01s/it]Fold 1:  47%|████▋     | 47/100 [05:37<06:11,  7.01s/it]Fold 1:  47%|████▋     | 47/100 [05:37<06:12,  7.02s/it]Fold 1:  48%|████▊     | 48/100 [05:44<06:05,  7.03s/it]Fold 1:  48%|████▊     | 48/100 [05:44<06:05,  7.03s/it]Fold 1:  49%|████▉     | 49/100 [05:51<05:58,  7.03s/it]Fold 1:  49%|████▉     | 49/100 [05:51<05:58,  7.02s/it]Fold 1:  50%|█████     | 50/100 [05:58<05:50,  7.02s/it]Fold 1:  50%|█████     | 50/100 [05:58<05:51,  7.03s/it]Fold 1:  51%|█████     | 51/100 [06:05<05:42,  6.99s/it][2025-05-09 13:52:51] INFO: [Rank 0] Epoch 51/100 - Loss: 0.0208, CE: 0.0162, smooth: 0.0310
Fold 1:  51%|█████     | 51/100 [06:05<05:43,  7.00s/it]Fold 1:  52%|█████▏    | 52/100 [06:12<05:36,  7.02s/it]Fold 1:  52%|█████▏    | 52/100 [06:12<05:36,  7.02s/it]Fold 1:  53%|█████▎    | 53/100 [06:19<05:30,  7.04s/it]Fold 1:  53%|█████▎    | 53/100 [06:19<05:30,  7.03s/it]Fold 1:  54%|█████▍    | 54/100 [06:26<05:22,  7.01s/it]Fold 1:  54%|█████▍    | 54/100 [06:26<05:22,  7.00s/it]Fold 1:  55%|█████▌    | 55/100 [06:33<05:16,  7.02s/it]Fold 1:  55%|█████▌    | 55/100 [06:33<05:16,  7.02s/it]Fold 1:  56%|█████▌    | 56/100 [06:40<05:09,  7.03s/it][2025-05-09 13:53:26] INFO: [Rank 0] Epoch 56/100 - Loss: 0.0181, CE: 0.0138, smooth: 0.0288
Fold 1:  56%|█████▌    | 56/100 [06:40<05:09,  7.03s/it]Fold 1:  57%|█████▋    | 57/100 [06:47<05:00,  7.00s/it]Fold 1:  57%|█████▋    | 57/100 [06:47<05:00,  6.99s/it]Fold 1:  58%|█████▊    | 58/100 [06:54<04:53,  6.98s/it]Fold 1:  58%|█████▊    | 58/100 [06:54<04:53,  7.00s/it]Fold 1:  59%|█████▉    | 59/100 [07:01<04:45,  6.96s/it]Fold 1:  59%|█████▉    | 59/100 [07:01<04:45,  6.96s/it]Fold 1:  60%|██████    | 60/100 [07:08<04:39,  6.99s/it]Fold 1:  60%|██████    | 60/100 [07:08<04:39,  6.99s/it]Fold 1:  61%|██████    | 61/100 [07:15<04:32,  7.00s/it][2025-05-09 13:54:01] INFO: [Rank 0] Epoch 61/100 - Loss: 0.0170, CE: 0.0129, smooth: 0.0275
Fold 1:  61%|██████    | 61/100 [07:15<04:33,  7.01s/it]Fold 1:  62%|██████▏   | 62/100 [07:22<04:26,  7.00s/it]Fold 1:  62%|██████▏   | 62/100 [07:22<04:26,  7.01s/it]Fold 1:  63%|██████▎   | 63/100 [07:29<04:18,  6.97s/it]Fold 1:  63%|██████▎   | 63/100 [07:29<04:18,  6.99s/it]Fold 1:  64%|██████▍   | 64/100 [07:36<04:10,  6.96s/it]Fold 1:  64%|██████▍   | 64/100 [07:36<04:10,  6.96s/it]Fold 1:  65%|██████▌   | 65/100 [07:43<04:03,  6.95s/it]Fold 1:  65%|██████▌   | 65/100 [07:43<04:03,  6.95s/it]Fold 1:  66%|██████▌   | 66/100 [07:50<03:57,  6.97s/it][2025-05-09 13:54:36] INFO: [Rank 0] Epoch 66/100 - Loss: 0.0174, CE: 0.0126, smooth: 0.0319
Fold 1:  66%|██████▌   | 66/100 [07:50<03:57,  6.97s/it]Fold 1:  67%|██████▋   | 67/100 [07:57<03:49,  6.96s/it]Fold 1:  67%|██████▋   | 67/100 [07:57<03:49,  6.96s/it]Fold 1:  68%|██████▊   | 68/100 [08:04<03:42,  6.95s/it]Fold 1:  68%|██████▊   | 68/100 [08:04<03:42,  6.95s/it]Fold 1:  69%|██████▉   | 69/100 [08:11<03:35,  6.94s/it]Fold 1:  69%|██████▉   | 69/100 [08:11<03:35,  6.94s/it]Fold 1:  70%|███████   | 70/100 [08:18<03:29,  6.97s/it]Fold 1:  70%|███████   | 70/100 [08:18<03:28,  6.97s/it][2025-05-09 13:55:11] INFO: [Rank 0] Epoch 71/100 - Loss: 0.0168, CE: 0.0124, smooth: 0.0292
Fold 1:  71%|███████   | 71/100 [08:25<03:21,  6.96s/it]Fold 1:  71%|███████   | 71/100 [08:25<03:22,  6.97s/it]Fold 1:  72%|███████▏  | 72/100 [08:32<03:15,  6.98s/it]Fold 1:  72%|███████▏  | 72/100 [08:32<03:15,  6.98s/it]Fold 1:  73%|███████▎  | 73/100 [08:39<03:08,  7.00s/it]Fold 1:  73%|███████▎  | 73/100 [08:39<03:09,  7.00s/it]Fold 1:  74%|███████▍  | 74/100 [08:46<03:01,  6.98s/it]Fold 1:  74%|███████▍  | 74/100 [08:46<03:01,  6.99s/it]Fold 1:  75%|███████▌  | 75/100 [08:53<02:54,  7.00s/it]Fold 1:  75%|███████▌  | 75/100 [08:53<02:55,  7.01s/it][2025-05-09 13:55:46] INFO: [Rank 0] Epoch 76/100 - Loss: 0.0233, CE: 0.0185, smooth: 0.0321
Fold 1:  76%|███████▌  | 76/100 [09:00<02:48,  7.01s/it]Fold 1:  76%|███████▌  | 76/100 [09:00<02:48,  7.01s/it]Fold 1:  77%|███████▋  | 77/100 [09:07<02:40,  6.98s/it]Fold 1:  77%|███████▋  | 77/100 [09:07<02:40,  6.98s/it]Fold 1:  78%|███████▊  | 78/100 [09:14<02:33,  6.99s/it]Fold 1:  78%|███████▊  | 78/100 [09:14<02:33,  7.00s/it]Fold 1:  79%|███████▉  | 79/100 [09:21<02:27,  7.01s/it]Fold 1:  79%|███████▉  | 79/100 [09:21<02:27,  7.01s/it]Fold 1:  80%|████████  | 80/100 [09:28<02:20,  7.03s/it]Fold 1:  80%|████████  | 80/100 [09:28<02:20,  7.04s/it]Fold 1:  81%|████████  | 81/100 [09:35<02:13,  7.04s/it][2025-05-09 13:56:21] INFO: [Rank 0] Epoch 81/100 - Loss: 0.0119, CE: 0.0082, smooth: 0.0244
Fold 1:  81%|████████  | 81/100 [09:35<02:13,  7.03s/it]Fold 1:  82%|████████▏ | 82/100 [09:42<02:06,  7.04s/it]Fold 1:  82%|████████▏ | 82/100 [09:42<02:06,  7.04s/it]Fold 1:  83%|████████▎ | 83/100 [09:49<01:59,  7.03s/it]Fold 1:  83%|████████▎ | 83/100 [09:49<01:59,  7.04s/it]Fold 1:  84%|████████▍ | 84/100 [09:56<01:52,  7.03s/it]Fold 1:  84%|████████▍ | 84/100 [09:56<01:52,  7.04s/it]Fold 1:  85%|████████▌ | 85/100 [10:03<01:45,  7.04s/it]Fold 1:  85%|████████▌ | 85/100 [10:03<01:45,  7.04s/it][2025-05-09 13:56:56] INFO: [Rank 0] Epoch 86/100 - Loss: 0.5596, CE: 0.1394, smooth: 2.8014
Fold 1:  86%|████████▌ | 86/100 [10:10<01:38,  7.01s/it]Fold 1:  86%|████████▌ | 86/100 [10:10<01:38,  7.01s/it]Fold 1:  87%|████████▋ | 87/100 [10:17<01:31,  7.01s/it]Fold 1:  87%|████████▋ | 87/100 [10:17<01:31,  7.02s/it]Fold 1:  88%|████████▊ | 88/100 [10:24<01:23,  6.98s/it]Fold 1:  88%|████████▊ | 88/100 [10:24<01:23,  6.98s/it]Fold 1:  89%|████████▉ | 89/100 [10:31<01:16,  6.97s/it]Fold 1:  89%|████████▉ | 89/100 [10:31<01:16,  6.96s/it]Fold 1:  90%|█████████ | 90/100 [10:38<01:09,  6.98s/it]Fold 1:  90%|█████████ | 90/100 [10:38<01:09,  6.98s/it]Fold 1:  91%|█████████ | 91/100 [10:45<01:03,  7.01s/it][2025-05-09 13:57:31] INFO: [Rank 0] Epoch 91/100 - Loss: 0.0319, CE: 0.0241, smooth: 0.0519
Fold 1:  91%|█████████ | 91/100 [10:45<01:03,  7.01s/it]Fold 1:  92%|█████████▏| 92/100 [10:52<00:56,  7.02s/it]Fold 1:  92%|█████████▏| 92/100 [10:52<00:56,  7.02s/it]Fold 1:  93%|█████████▎| 93/100 [10:59<00:48,  6.99s/it]Fold 1:  93%|█████████▎| 93/100 [10:59<00:48,  6.99s/it]Fold 1:  94%|█████████▍| 94/100 [11:06<00:42,  7.01s/it]Fold 1:  94%|█████████▍| 94/100 [11:06<00:42,  7.01s/it]Fold 1:  95%|█████████▌| 95/100 [11:13<00:34,  6.98s/it]Fold 1:  95%|█████████▌| 95/100 [11:13<00:34,  6.98s/it]Fold 1:  96%|█████████▌| 96/100 [11:20<00:27,  6.99s/it][2025-05-09 13:58:06] INFO: [Rank 0] Epoch 96/100 - Loss: 0.0203, CE: 0.0142, smooth: 0.0407
Fold 1:  96%|█████████▌| 96/100 [11:20<00:27,  7.00s/it]Fold 1:  97%|█████████▋| 97/100 [11:27<00:20,  6.98s/it]Fold 1:  97%|█████████▋| 97/100 [11:27<00:20,  6.99s/it]Fold 1:  98%|█████████▊| 98/100 [11:34<00:13,  6.97s/it]Fold 1:  98%|█████████▊| 98/100 [11:34<00:13,  6.97s/it]Fold 1:  99%|█████████▉| 99/100 [11:41<00:06,  6.98s/it]Fold 1:  99%|█████████▉| 99/100 [11:41<00:06,  6.98s/it]Fold 1: 100%|██████████| 100/100 [11:48<00:00,  6.96s/it]                                                         Fold 1: 100%|██████████| 100/100 [11:48<00:00,  6.97s/it]                                                         Fold 2:   0%|          | 0/100 [00:00<?, ?it/s]Fold 2:   0%|          | 0/100 [00:00<?, ?it/s]Fold 2:   1%|          | 1/100 [00:06<11:11,  6.78s/it][2025-05-09 13:58:41] INFO: [Rank 0] Epoch 1/100 - Loss: 0.1626, CE: 0.1257, smooth: 0.2460
Fold 2:   1%|          | 1/100 [00:06<11:15,  6.82s/it]Fold 2:   2%|▏         | 2/100 [00:13<10:58,  6.72s/it]Fold 2:   2%|▏         | 2/100 [00:13<11:01,  6.75s/it]Fold 2:   3%|▎         | 3/100 [00:20<10:50,  6.71s/it]Fold 2:   3%|▎         | 3/100 [00:20<10:51,  6.71s/it]Fold 2:   4%|▍         | 4/100 [00:26<10:46,  6.73s/it]Fold 2:   4%|▍         | 4/100 [00:26<10:45,  6.73s/it]Fold 2:   5%|▌         | 5/100 [00:33<10:37,  6.71s/it]Fold 2:   5%|▌         | 5/100 [00:33<10:37,  6.71s/it]Fold 2:   6%|▌         | 6/100 [00:40<10:34,  6.75s/it][2025-05-09 13:59:14] INFO: [Rank 0] Epoch 6/100 - Loss: 0.0479, CE: 0.0413, smooth: 0.0444
Fold 2:   6%|▌         | 6/100 [00:40<10:33,  6.74s/it]Fold 2:   7%|▋         | 7/100 [00:47<10:28,  6.76s/it]Fold 2:   7%|▋         | 7/100 [00:47<10:28,  6.76s/it]Fold 2:   8%|▊         | 8/100 [00:53<10:21,  6.75s/it]Fold 2:   8%|▊         | 8/100 [00:53<10:21,  6.75s/it]Fold 2:   9%|▉         | 9/100 [01:00<10:13,  6.74s/it]Fold 2:   9%|▉         | 9/100 [01:00<10:13,  6.75s/it]Fold 2:  10%|█         | 10/100 [01:07<10:08,  6.76s/it]Fold 2:  10%|█         | 10/100 [01:07<10:07,  6.75s/it]Fold 2:  11%|█         | 11/100 [01:14<10:01,  6.76s/it][2025-05-09 13:59:48] INFO: [Rank 0] Epoch 11/100 - Loss: 0.0386, CE: 0.0333, smooth: 0.0358
Fold 2:  11%|█         | 11/100 [01:14<10:01,  6.75s/it]Fold 2:  12%|█▏        | 12/100 [01:21<09:55,  6.77s/it]Fold 2:  12%|█▏        | 12/100 [01:21<09:56,  6.77s/it]Fold 2:  13%|█▎        | 13/100 [01:27<09:45,  6.73s/it]Fold 2:  13%|█▎        | 13/100 [01:27<09:47,  6.75s/it]Fold 2:  14%|█▍        | 14/100 [01:34<09:38,  6.72s/it]Fold 2:  14%|█▍        | 14/100 [01:34<09:37,  6.71s/it]Fold 2:  15%|█▌        | 15/100 [01:41<09:29,  6.70s/it]Fold 2:  15%|█▌        | 15/100 [01:41<09:29,  6.70s/it]Fold 2:  16%|█▌        | 16/100 [01:47<09:21,  6.68s/it][2025-05-09 14:00:22] INFO: [Rank 0] Epoch 16/100 - Loss: 0.0320, CE: 0.0271, smooth: 0.0330
Fold 2:  16%|█▌        | 16/100 [01:47<09:21,  6.68s/it]Fold 2:  17%|█▋        | 17/100 [01:54<09:14,  6.68s/it]Fold 2:  17%|█▋        | 17/100 [01:54<09:13,  6.67s/it]Fold 2:  18%|█▊        | 18/100 [02:01<09:09,  6.70s/it]Fold 2:  18%|█▊        | 18/100 [02:01<09:09,  6.70s/it]Fold 2:  19%|█▉        | 19/100 [02:07<09:02,  6.69s/it]Fold 2:  19%|█▉        | 19/100 [02:07<09:01,  6.69s/it]Fold 2:  20%|██        | 20/100 [02:14<08:54,  6.68s/it]Fold 2:  20%|██        | 20/100 [02:14<08:54,  6.68s/it]Fold 2:  21%|██        | 21/100 [02:21<08:49,  6.71s/it][2025-05-09 14:00:55] INFO: [Rank 0] Epoch 21/100 - Loss: 0.0334, CE: 0.0277, smooth: 0.0383
Fold 2:  21%|██        | 21/100 [02:21<08:49,  6.71s/it]Fold 2:  22%|██▏       | 22/100 [02:27<08:42,  6.70s/it]Fold 2:  22%|██▏       | 22/100 [02:27<08:42,  6.70s/it]Fold 2:  23%|██▎       | 23/100 [02:34<08:35,  6.69s/it]Fold 2:  23%|██▎       | 23/100 [02:34<08:35,  6.70s/it]Fold 2:  24%|██▍       | 24/100 [02:41<08:30,  6.71s/it]Fold 2:  24%|██▍       | 24/100 [02:41<08:30,  6.72s/it]Fold 2:  25%|██▌       | 25/100 [02:47<08:22,  6.70s/it]Fold 2:  25%|██▌       | 25/100 [02:47<08:23,  6.71s/it]Fold 2:  26%|██▌       | 26/100 [02:54<08:17,  6.73s/it][2025-05-09 14:01:29] INFO: [Rank 0] Epoch 26/100 - Loss: 0.0259, CE: 0.0215, smooth: 0.0295
Fold 2:  26%|██▌       | 26/100 [02:54<08:18,  6.74s/it]Fold 2:  27%|██▋       | 27/100 [03:01<08:12,  6.74s/it]Fold 2:  27%|██▋       | 27/100 [03:01<08:12,  6.74s/it]Fold 2:  28%|██▊       | 28/100 [03:08<08:02,  6.71s/it]Fold 2:  28%|██▊       | 28/100 [03:08<08:04,  6.72s/it]Fold 2:  29%|██▉       | 29/100 [03:14<07:55,  6.70s/it]Fold 2:  29%|██▉       | 29/100 [03:14<07:55,  6.70s/it]Fold 2:  30%|███       | 30/100 [03:21<07:48,  6.69s/it]Fold 2:  30%|███       | 30/100 [03:21<07:47,  6.68s/it]Fold 2:  31%|███       | 31/100 [03:28<07:42,  6.70s/it][2025-05-09 14:02:02] INFO: [Rank 0] Epoch 31/100 - Loss: 0.0230, CE: 0.0187, smooth: 0.0288
Fold 2:  31%|███       | 31/100 [03:28<07:42,  6.71s/it]Fold 2:  32%|███▏      | 32/100 [03:35<07:38,  6.74s/it]Fold 2:  32%|███▏      | 32/100 [03:35<07:37,  6.73s/it]Fold 2:  33%|███▎      | 33/100 [03:41<07:31,  6.74s/it]Fold 2:  33%|███▎      | 33/100 [03:41<07:31,  6.74s/it]Fold 2:  34%|███▍      | 34/100 [03:48<07:23,  6.73s/it]Fold 2:  34%|███▍      | 34/100 [03:48<07:23,  6.72s/it]Fold 2:  35%|███▌      | 35/100 [03:55<07:15,  6.71s/it]Fold 2:  35%|███▌      | 35/100 [03:55<07:15,  6.71s/it][2025-05-09 14:02:36] INFO: [Rank 0] Epoch 36/100 - Loss: 0.0211, CE: 0.0168, smooth: 0.0286
Fold 2:  36%|███▌      | 36/100 [04:01<07:09,  6.72s/it]Fold 2:  36%|███▌      | 36/100 [04:01<07:10,  6.72s/it]Fold 2:  37%|███▋      | 37/100 [04:08<07:03,  6.73s/it]Fold 2:  37%|███▋      | 37/100 [04:08<07:05,  6.75s/it]Fold 2:  38%|███▊      | 38/100 [04:15<06:56,  6.73s/it]Fold 2:  38%|███▊      | 38/100 [04:15<06:56,  6.72s/it]Fold 2:  39%|███▉      | 39/100 [04:22<06:51,  6.74s/it]Fold 2:  39%|███▉      | 39/100 [04:22<06:50,  6.73s/it]Fold 2:  40%|████      | 40/100 [04:28<06:42,  6.71s/it]Fold 2:  40%|████      | 40/100 [04:28<06:43,  6.72s/it][2025-05-09 14:03:09] INFO: [Rank 0] Epoch 41/100 - Loss: 0.0231, CE: 0.0174, smooth: 0.0374
Fold 2:  41%|████      | 41/100 [04:35<06:36,  6.73s/it]Fold 2:  41%|████      | 41/100 [04:35<06:37,  6.74s/it]Fold 2:  42%|████▏     | 42/100 [04:42<06:31,  6.74s/it]Fold 2:  42%|████▏     | 42/100 [04:42<06:32,  6.76s/it]Fold 2:  43%|████▎     | 43/100 [04:49<06:23,  6.72s/it]Fold 2:  43%|████▎     | 43/100 [04:49<06:23,  6.73s/it]Fold 2:  44%|████▍     | 44/100 [04:55<06:17,  6.75s/it]Fold 2:  44%|████▍     | 44/100 [04:55<06:17,  6.74s/it]Fold 2:  45%|████▌     | 45/100 [05:02<06:10,  6.74s/it]Fold 2:  45%|████▌     | 45/100 [05:02<06:10,  6.74s/it]Fold 2:  46%|████▌     | 46/100 [05:09<06:04,  6.75s/it][2025-05-09 14:03:43] INFO: [Rank 0] Epoch 46/100 - Loss: 0.0489, CE: 0.0221, smooth: 0.1782
Fold 2:  46%|████▌     | 46/100 [05:09<06:04,  6.74s/it]Fold 2:  47%|████▋     | 47/100 [05:16<05:57,  6.75s/it]Fold 2:  47%|████▋     | 47/100 [05:16<05:57,  6.75s/it]Fold 2:  48%|████▊     | 48/100 [05:22<05:50,  6.75s/it]Fold 2:  48%|████▊     | 48/100 [05:22<05:51,  6.75s/it]Fold 2:  49%|████▉     | 49/100 [05:29<05:42,  6.72s/it]Fold 2:  49%|████▉     | 49/100 [05:29<05:43,  6.73s/it]Fold 2:  50%|█████     | 50/100 [05:36<05:35,  6.71s/it]Fold 2:  50%|█████     | 50/100 [05:36<05:35,  6.71s/it]Fold 2:  51%|█████     | 51/100 [05:42<05:29,  6.72s/it][2025-05-09 14:04:17] INFO: [Rank 0] Epoch 51/100 - Loss: 0.0377, CE: 0.0292, smooth: 0.0569
Fold 2:  51%|█████     | 51/100 [05:42<05:29,  6.72s/it]Fold 2:  52%|█████▏    | 52/100 [05:49<05:22,  6.72s/it]Fold 2:  52%|█████▏    | 52/100 [05:49<05:22,  6.72s/it]Fold 2:  53%|█████▎    | 53/100 [05:56<05:14,  6.70s/it]Fold 2:  53%|█████▎    | 53/100 [05:56<05:14,  6.70s/it]Fold 2:  54%|█████▍    | 54/100 [06:03<05:09,  6.72s/it]Fold 2:  54%|█████▍    | 54/100 [06:03<05:09,  6.73s/it]Fold 2:  55%|█████▌    | 55/100 [06:09<05:02,  6.73s/it]Fold 2:  55%|█████▌    | 55/100 [06:09<05:03,  6.74s/it][2025-05-09 14:04:50] INFO: [Rank 0] Epoch 56/100 - Loss: 0.0357, CE: 0.0286, smooth: 0.0473
Fold 2:  56%|█████▌    | 56/100 [06:16<04:54,  6.70s/it]Fold 2:  56%|█████▌    | 56/100 [06:16<04:55,  6.71s/it]Fold 2:  57%|█████▋    | 57/100 [06:23<04:48,  6.70s/it]Fold 2:  57%|█████▋    | 57/100 [06:23<04:48,  6.71s/it]Fold 2:  58%|█████▊    | 58/100 [06:29<04:42,  6.72s/it]Fold 2:  58%|█████▊    | 58/100 [06:29<04:42,  6.72s/it]Fold 2:  59%|█████▉    | 59/100 [06:36<04:35,  6.73s/it]Fold 2:  59%|█████▉    | 59/100 [06:36<04:35,  6.73s/it]Fold 2:  60%|██████    | 60/100 [06:43<04:29,  6.73s/it]Fold 2:  60%|██████    | 60/100 [06:43<04:29,  6.73s/it]Fold 2:  61%|██████    | 61/100 [06:50<04:21,  6.70s/it][2025-05-09 14:05:24] INFO: [Rank 0] Epoch 61/100 - Loss: 0.0336, CE: 0.0246, smooth: 0.0598
Fold 2:  61%|██████    | 61/100 [06:50<04:21,  6.71s/it]Fold 2:  62%|██████▏   | 62/100 [06:56<04:15,  6.72s/it]Fold 2:  62%|██████▏   | 62/100 [06:56<04:15,  6.72s/it]Fold 2:  63%|██████▎   | 63/100 [07:03<04:08,  6.72s/it]Fold 2:  63%|██████▎   | 63/100 [07:03<04:08,  6.73s/it]Fold 2:  64%|██████▍   | 64/100 [07:10<04:02,  6.74s/it]Fold 2:  64%|██████▍   | 64/100 [07:10<04:02,  6.74s/it]Fold 2:  65%|██████▌   | 65/100 [07:17<03:56,  6.75s/it]Fold 2:  65%|██████▌   | 65/100 [07:17<03:56,  6.76s/it][2025-05-09 14:05:58] INFO: [Rank 0] Epoch 66/100 - Loss: 0.0199, CE: 0.0137, smooth: 0.0415
Fold 2:  66%|██████▌   | 66/100 [07:23<03:50,  6.77s/it]Fold 2:  66%|██████▌   | 66/100 [07:23<03:50,  6.77s/it]Fold 2:  67%|██████▋   | 67/100 [07:30<03:42,  6.74s/it]Fold 2:  67%|██████▋   | 67/100 [07:30<03:42,  6.74s/it]Fold 2:  68%|██████▊   | 68/100 [07:37<03:34,  6.71s/it]Fold 2:  68%|██████▊   | 68/100 [07:37<03:34,  6.71s/it]Fold 2:  69%|██████▉   | 69/100 [07:43<03:28,  6.73s/it]Fold 2:  69%|██████▉   | 69/100 [07:43<03:28,  6.73s/it]Fold 2:  70%|███████   | 70/100 [07:50<03:21,  6.71s/it]Fold 2:  70%|███████   | 70/100 [07:50<03:21,  6.71s/it][2025-05-09 14:06:31] INFO: [Rank 0] Epoch 71/100 - Loss: 0.0170, CE: 0.0119, smooth: 0.0340
Fold 2:  71%|███████   | 71/100 [07:57<03:14,  6.69s/it]Fold 2:  71%|███████   | 71/100 [07:57<03:14,  6.70s/it]Fold 2:  72%|███████▏  | 72/100 [08:03<03:06,  6.67s/it]Fold 2:  72%|███████▏  | 72/100 [08:03<03:07,  6.69s/it]Fold 2:  73%|███████▎  | 73/100 [08:10<03:01,  6.72s/it]Fold 2:  73%|███████▎  | 73/100 [08:10<03:01,  6.72s/it]Fold 2:  74%|███████▍  | 74/100 [08:17<02:54,  6.71s/it]Fold 2:  74%|███████▍  | 74/100 [08:17<02:54,  6.70s/it]Fold 2:  75%|███████▌  | 75/100 [08:24<02:48,  6.73s/it]Fold 2:  75%|███████▌  | 75/100 [08:24<02:48,  6.73s/it]Fold 2:  76%|███████▌  | 76/100 [08:30<02:41,  6.74s/it][2025-05-09 14:07:05] INFO: [Rank 0] Epoch 76/100 - Loss: 0.0421, CE: 0.0333, smooth: 0.0585
Fold 2:  76%|███████▌  | 76/100 [08:31<02:41,  6.74s/it]Fold 2:  77%|███████▋  | 77/100 [08:37<02:34,  6.72s/it]Fold 2:  77%|███████▋  | 77/100 [08:37<02:34,  6.72s/it]Fold 2:  78%|███████▊  | 78/100 [08:44<02:27,  6.72s/it]Fold 2:  78%|███████▊  | 78/100 [08:44<02:27,  6.73s/it]Fold 2:  79%|███████▉  | 79/100 [08:51<02:20,  6.71s/it]Fold 2:  79%|███████▉  | 79/100 [08:51<02:20,  6.71s/it]Fold 2:  80%|████████  | 80/100 [08:57<02:14,  6.72s/it]Fold 2:  80%|████████  | 80/100 [08:57<02:14,  6.73s/it][2025-05-09 14:07:38] INFO: [Rank 0] Epoch 81/100 - Loss: 0.0267, CE: 0.0201, smooth: 0.0443
Fold 2:  81%|████████  | 81/100 [09:04<02:07,  6.70s/it]Fold 2:  81%|████████  | 81/100 [09:04<02:07,  6.71s/it]Fold 2:  82%|████████▏ | 82/100 [09:11<02:00,  6.69s/it]Fold 2:  82%|████████▏ | 82/100 [09:11<02:00,  6.69s/it]Fold 2:  83%|████████▎ | 83/100 [09:17<01:54,  6.71s/it]Fold 2:  83%|████████▎ | 83/100 [09:17<01:54,  6.71s/it]Fold 2:  84%|████████▍ | 84/100 [09:24<01:47,  6.69s/it]Fold 2:  84%|████████▍ | 84/100 [09:24<01:47,  6.70s/it]Fold 2:  85%|████████▌ | 85/100 [09:31<01:40,  6.71s/it]Fold 2:  85%|████████▌ | 85/100 [09:31<01:40,  6.71s/it][2025-05-09 14:08:12] INFO: [Rank 0] Epoch 86/100 - Loss: 0.0191, CE: 0.0135, smooth: 0.0373
Fold 2:  86%|████████▌ | 86/100 [09:37<01:33,  6.69s/it]Fold 2:  86%|████████▌ | 86/100 [09:37<01:33,  6.69s/it]Fold 2:  87%|████████▋ | 87/100 [09:44<01:26,  6.68s/it]Fold 2:  87%|████████▋ | 87/100 [09:44<01:26,  6.69s/it]Fold 2:  88%|████████▊ | 88/100 [09:51<01:20,  6.71s/it]Fold 2:  88%|████████▊ | 88/100 [09:51<01:20,  6.71s/it]Fold 2:  89%|████████▉ | 89/100 [09:58<01:13,  6.73s/it]Fold 2:  89%|████████▉ | 89/100 [09:58<01:14,  6.73s/it]Fold 2:  90%|█████████ | 90/100 [10:04<01:07,  6.74s/it]Fold 2:  90%|█████████ | 90/100 [10:04<01:07,  6.75s/it]Fold 2:  91%|█████████ | 91/100 [10:11<01:00,  6.75s/it][2025-05-09 14:08:46] INFO: [Rank 0] Epoch 91/100 - Loss: 0.0173, CE: 0.0122, smooth: 0.0344
Fold 2:  91%|█████████ | 91/100 [10:11<01:00,  6.75s/it]Fold 2:  92%|█████████▏| 92/100 [10:18<00:53,  6.75s/it]Fold 2:  92%|█████████▏| 92/100 [10:18<00:54,  6.75s/it]Fold 2:  93%|█████████▎| 93/100 [10:25<00:47,  6.75s/it]Fold 2:  93%|█████████▎| 93/100 [10:25<00:47,  6.76s/it]Fold 2:  94%|█████████▍| 94/100 [10:31<00:40,  6.76s/it]Fold 2:  94%|█████████▍| 94/100 [10:32<00:40,  6.76s/it]Fold 2:  95%|█████████▌| 95/100 [10:38<00:33,  6.72s/it]Fold 2:  95%|█████████▌| 95/100 [10:38<00:33,  6.72s/it]Fold 2:  96%|█████████▌| 96/100 [10:45<00:26,  6.73s/it][2025-05-09 14:09:19] INFO: [Rank 0] Epoch 96/100 - Loss: 0.0277, CE: 0.0216, smooth: 0.0411
Fold 2:  96%|█████████▌| 96/100 [10:45<00:26,  6.73s/it]Fold 2:  97%|█████████▋| 97/100 [10:52<00:20,  6.73s/it]Fold 2:  97%|█████████▋| 97/100 [10:52<00:20,  6.73s/it]Fold 2:  98%|█████████▊| 98/100 [10:58<00:13,  6.73s/it]Fold 2:  98%|█████████▊| 98/100 [10:58<00:13,  6.75s/it]Fold 2:  99%|█████████▉| 99/100 [11:05<00:06,  6.72s/it]Fold 2:  99%|█████████▉| 99/100 [11:05<00:06,  6.72s/it]Fold 2: 100%|██████████| 100/100 [11:12<00:00,  6.74s/it]                                                         Fold 2: 100%|██████████| 100/100 [11:12<00:00,  6.74s/it]                                                         Fold 3:   0%|          | 0/100 [00:00<?, ?it/s]Fold 3:   0%|          | 0/100 [00:00<?, ?it/s]Fold 3:   1%|          | 1/100 [00:06<11:30,  6.98s/it][2025-05-09 14:09:53] INFO: [Rank 0] Epoch 1/100 - Loss: 0.1514, CE: 0.1185, smooth: 0.2193
Fold 3:   1%|          | 1/100 [00:07<11:36,  7.03s/it]Fold 3:   2%|▏         | 2/100 [00:14<11:26,  7.00s/it]Fold 3:   2%|▏         | 2/100 [00:14<11:26,  7.01s/it]Fold 3:   3%|▎         | 3/100 [00:20<11:13,  6.94s/it]Fold 3:   3%|▎         | 3/100 [00:20<11:13,  6.94s/it]Fold 3:   4%|▍         | 4/100 [00:27<11:08,  6.97s/it]Fold 3:   4%|▍         | 4/100 [00:27<11:09,  6.97s/it]Fold 3:   5%|▌         | 5/100 [00:34<11:02,  6.98s/it]Fold 3:   5%|▌         | 5/100 [00:34<11:02,  6.97s/it]Fold 3:   6%|▌         | 6/100 [00:41<10:54,  6.96s/it][2025-05-09 14:10:28] INFO: [Rank 0] Epoch 6/100 - Loss: 0.8973, CE: 0.2612, smooth: 4.2411
Fold 3:   6%|▌         | 6/100 [00:41<10:54,  6.97s/it]Fold 3:   7%|▋         | 7/100 [00:48<10:48,  6.97s/it]Fold 3:   7%|▋         | 7/100 [00:48<10:47,  6.97s/it]Fold 3:   8%|▊         | 8/100 [00:55<10:41,  6.98s/it]Fold 3:   8%|▊         | 8/100 [00:55<10:41,  6.97s/it]Fold 3:   9%|▉         | 9/100 [01:02<10:33,  6.96s/it]Fold 3:   9%|▉         | 9/100 [01:02<10:34,  6.97s/it]Fold 3:  10%|█         | 10/100 [01:09<10:23,  6.93s/it]Fold 3:  10%|█         | 10/100 [01:09<10:24,  6.94s/it][2025-05-09 14:11:03] INFO: [Rank 0] Epoch 11/100 - Loss: 0.0516, CE: 0.0415, smooth: 0.0675
Fold 3:  11%|█         | 11/100 [01:16<10:18,  6.95s/it]Fold 3:  11%|█         | 11/100 [01:16<10:19,  6.96s/it]Fold 3:  12%|█▏        | 12/100 [01:23<10:10,  6.93s/it]Fold 3:  12%|█▏        | 12/100 [01:23<10:10,  6.93s/it]Fold 3:  13%|█▎        | 13/100 [01:30<10:01,  6.92s/it]Fold 3:  13%|█▎        | 13/100 [01:30<10:02,  6.92s/it]Fold 3:  14%|█▍        | 14/100 [01:37<09:54,  6.91s/it]Fold 3:  14%|█▍        | 14/100 [01:37<09:54,  6.91s/it]Fold 3:  15%|█▌        | 15/100 [01:44<09:49,  6.93s/it]Fold 3:  15%|█▌        | 15/100 [01:44<09:49,  6.94s/it]Fold 3:  16%|█▌        | 16/100 [01:51<09:40,  6.92s/it][2025-05-09 14:11:37] INFO: [Rank 0] Epoch 16/100 - Loss: 0.0458, CE: 0.0359, smooth: 0.0660
Fold 3:  16%|█▌        | 16/100 [01:51<09:42,  6.93s/it]Fold 3:  17%|█▋        | 17/100 [01:58<09:36,  6.95s/it]Fold 3:  17%|█▋        | 17/100 [01:58<09:37,  6.95s/it]Fold 3:  18%|█▊        | 18/100 [02:05<09:28,  6.93s/it]Fold 3:  18%|█▊        | 18/100 [02:05<09:28,  6.93s/it]Fold 3:  19%|█▉        | 19/100 [02:11<09:20,  6.92s/it]Fold 3:  19%|█▉        | 19/100 [02:11<09:20,  6.92s/it]Fold 3:  20%|██        | 20/100 [02:18<09:14,  6.94s/it]Fold 3:  20%|██        | 20/100 [02:18<09:14,  6.93s/it][2025-05-09 14:12:12] INFO: [Rank 0] Epoch 21/100 - Loss: 0.0777, CE: 0.0616, smooth: 0.1077
Fold 3:  21%|██        | 21/100 [02:25<09:05,  6.91s/it]Fold 3:  21%|██        | 21/100 [02:25<09:06,  6.92s/it]Fold 3:  22%|██▏       | 22/100 [02:32<08:58,  6.90s/it]Fold 3:  22%|██▏       | 22/100 [02:32<08:58,  6.90s/it]Fold 3:  23%|██▎       | 23/100 [02:39<08:53,  6.93s/it]Fold 3:  23%|██▎       | 23/100 [02:39<08:53,  6.93s/it]Fold 3:  24%|██▍       | 24/100 [02:46<08:45,  6.91s/it]Fold 3:  24%|██▍       | 24/100 [02:46<08:45,  6.92s/it]Fold 3:  25%|██▌       | 25/100 [02:53<08:40,  6.93s/it]Fold 3:  25%|██▌       | 25/100 [02:53<08:40,  6.94s/it]Fold 3:  26%|██▌       | 26/100 [03:00<08:34,  6.96s/it][2025-05-09 14:12:47] INFO: [Rank 0] Epoch 26/100 - Loss: 0.0476, CE: 0.0379, smooth: 0.0652
Fold 3:  26%|██▌       | 26/100 [03:00<08:34,  6.96s/it]Fold 3:  27%|██▋       | 27/100 [03:07<08:25,  6.93s/it]Fold 3:  27%|██▋       | 27/100 [03:07<08:26,  6.93s/it]Fold 3:  28%|██▊       | 28/100 [03:14<08:17,  6.91s/it]Fold 3:  28%|██▊       | 28/100 [03:14<08:18,  6.92s/it]Fold 3:  29%|██▉       | 29/100 [03:21<08:11,  6.92s/it]Fold 3:  29%|██▉       | 29/100 [03:21<08:11,  6.93s/it]Fold 3:  30%|███       | 30/100 [03:28<08:03,  6.91s/it]Fold 3:  30%|███       | 30/100 [03:28<08:04,  6.92s/it][2025-05-09 14:13:21] INFO: [Rank 0] Epoch 31/100 - Loss: 0.0421, CE: 0.0348, smooth: 0.0485
Fold 3:  31%|███       | 31/100 [03:35<07:58,  6.94s/it]Fold 3:  31%|███       | 31/100 [03:35<07:58,  6.94s/it]Fold 3:  32%|███▏      | 32/100 [03:42<07:52,  6.95s/it]Fold 3:  32%|███▏      | 32/100 [03:42<07:53,  6.97s/it]Fold 3:  33%|███▎      | 33/100 [03:48<07:44,  6.94s/it]Fold 3:  33%|███▎      | 33/100 [03:49<07:45,  6.95s/it]Fold 3:  34%|███▍      | 34/100 [03:55<07:36,  6.92s/it]Fold 3:  34%|███▍      | 34/100 [03:55<07:37,  6.93s/it]Fold 3:  35%|███▌      | 35/100 [04:02<07:30,  6.93s/it]Fold 3:  35%|███▌      | 35/100 [04:02<07:31,  6.95s/it]Fold 3:  36%|███▌      | 36/100 [04:09<07:25,  6.96s/it][2025-05-09 14:13:56] INFO: [Rank 0] Epoch 36/100 - Loss: 0.0341, CE: 0.0282, smooth: 0.0394
Fold 3:  36%|███▌      | 36/100 [04:09<07:25,  6.96s/it]Fold 3:  37%|███▋      | 37/100 [04:16<07:16,  6.93s/it]Fold 3:  37%|███▋      | 37/100 [04:16<07:17,  6.95s/it]Fold 3:  38%|███▊      | 38/100 [04:23<07:12,  6.97s/it]Fold 3:  38%|███▊      | 38/100 [04:23<07:11,  6.96s/it]Fold 3:  39%|███▉      | 39/100 [04:30<07:02,  6.93s/it]Fold 3:  39%|███▉      | 39/100 [04:30<07:03,  6.94s/it]Fold 3:  40%|████      | 40/100 [04:37<06:57,  6.96s/it]Fold 3:  40%|████      | 40/100 [04:37<06:57,  6.96s/it]Fold 3:  41%|████      | 41/100 [04:44<06:51,  6.97s/it][2025-05-09 14:14:31] INFO: [Rank 0] Epoch 41/100 - Loss: 0.0354, CE: 0.0300, smooth: 0.0358
Fold 3:  41%|████      | 41/100 [04:44<06:50,  6.97s/it]Fold 3:  42%|████▏     | 42/100 [04:51<06:42,  6.94s/it]Fold 3:  42%|████▏     | 42/100 [04:51<06:43,  6.96s/it]Fold 3:  43%|████▎     | 43/100 [04:58<06:35,  6.93s/it]Fold 3:  43%|████▎     | 43/100 [04:58<06:35,  6.94s/it]Fold 3:  44%|████▍     | 44/100 [05:05<06:29,  6.96s/it]Fold 3:  44%|████▍     | 44/100 [05:05<06:30,  6.97s/it]Fold 3:  45%|████▌     | 45/100 [05:12<06:20,  6.93s/it]Fold 3:  45%|████▌     | 45/100 [05:12<06:20,  6.92s/it]Fold 3:  46%|████▌     | 46/100 [05:19<06:14,  6.94s/it][2025-05-09 14:15:06] INFO: [Rank 0] Epoch 46/100 - Loss: 0.0308, CE: 0.0261, smooth: 0.0314
Fold 3:  46%|████▌     | 46/100 [05:19<06:15,  6.95s/it]Fold 3:  47%|████▋     | 47/100 [05:26<06:09,  6.97s/it]Fold 3:  47%|████▋     | 47/100 [05:26<06:09,  6.97s/it]Fold 3:  48%|████▊     | 48/100 [05:33<06:03,  6.99s/it]Fold 3:  48%|████▊     | 48/100 [05:33<06:02,  6.98s/it]Fold 3:  49%|████▉     | 49/100 [05:40<05:54,  6.95s/it]Fold 3:  49%|████▉     | 49/100 [05:40<05:54,  6.94s/it]Fold 3:  50%|█████     | 50/100 [05:47<05:47,  6.96s/it]Fold 3:  50%|█████     | 50/100 [05:47<05:48,  6.97s/it][2025-05-09 14:15:40] INFO: [Rank 0] Epoch 51/100 - Loss: 0.0292, CE: 0.0243, smooth: 0.0331
Fold 3:  51%|█████     | 51/100 [05:54<05:39,  6.93s/it]Fold 3:  51%|█████     | 51/100 [05:54<05:39,  6.93s/it]Fold 3:  52%|█████▏    | 52/100 [06:01<05:32,  6.93s/it]Fold 3:  52%|█████▏    | 52/100 [06:01<05:32,  6.94s/it]Fold 3:  53%|█████▎    | 53/100 [06:07<05:26,  6.94s/it]Fold 3:  53%|█████▎    | 53/100 [06:07<05:26,  6.94s/it]Fold 3:  54%|█████▍    | 54/100 [06:15<05:20,  6.97s/it]Fold 3:  54%|█████▍    | 54/100 [06:15<05:20,  6.97s/it]Fold 3:  55%|█████▌    | 55/100 [06:22<05:14,  6.98s/it]Fold 3:  55%|█████▌    | 55/100 [06:22<05:14,  6.98s/it]Fold 3:  56%|█████▌    | 56/100 [06:29<05:07,  6.99s/it][2025-05-09 14:16:15] INFO: [Rank 0] Epoch 56/100 - Loss: 0.0264, CE: 0.0218, smooth: 0.0304
Fold 3:  56%|█████▌    | 56/100 [06:29<05:07,  6.99s/it]Fold 3:  57%|█████▋    | 57/100 [06:35<04:58,  6.95s/it]Fold 3:  57%|█████▋    | 57/100 [06:35<04:59,  6.96s/it]Fold 3:  58%|█████▊    | 58/100 [06:42<04:51,  6.94s/it]Fold 3:  58%|█████▊    | 58/100 [06:42<04:51,  6.94s/it]Fold 3:  59%|█████▉    | 59/100 [06:49<04:45,  6.96s/it]Fold 3:  59%|█████▉    | 59/100 [06:49<04:45,  6.96s/it]Fold 3:  60%|██████    | 60/100 [06:56<04:39,  6.98s/it]Fold 3:  60%|██████    | 60/100 [06:56<04:39,  6.98s/it][2025-05-09 14:16:50] INFO: [Rank 0] Epoch 61/100 - Loss: 0.0243, CE: 0.0198, smooth: 0.0299
Fold 3:  61%|██████    | 61/100 [07:03<04:31,  6.95s/it]Fold 3:  61%|██████    | 61/100 [07:03<04:30,  6.95s/it]Fold 3:  62%|██████▏   | 62/100 [07:10<04:24,  6.96s/it]Fold 3:  62%|██████▏   | 62/100 [07:10<04:24,  6.96s/it]Fold 3:  63%|██████▎   | 63/100 [07:17<04:16,  6.94s/it]Fold 3:  63%|██████▎   | 63/100 [07:17<04:16,  6.94s/it]Fold 3:  64%|██████▍   | 64/100 [07:24<04:10,  6.96s/it]Fold 3:  64%|██████▍   | 64/100 [07:24<04:10,  6.95s/it]Fold 3:  65%|██████▌   | 65/100 [07:31<04:03,  6.96s/it]Fold 3:  65%|██████▌   | 65/100 [07:31<04:03,  6.96s/it][2025-05-09 14:17:25] INFO: [Rank 0] Epoch 66/100 - Loss: 0.0253, CE: 0.0205, smooth: 0.0320
Fold 3:  66%|██████▌   | 66/100 [07:38<03:55,  6.94s/it]Fold 3:  66%|██████▌   | 66/100 [07:38<03:56,  6.94s/it]Fold 3:  67%|██████▋   | 67/100 [07:45<03:48,  6.92s/it]Fold 3:  67%|██████▋   | 67/100 [07:45<03:48,  6.92s/it]Fold 3:  68%|██████▊   | 68/100 [07:52<03:41,  6.91s/it]Fold 3:  68%|██████▊   | 68/100 [07:52<03:41,  6.91s/it]Fold 3:  69%|██████▉   | 69/100 [07:59<03:33,  6.89s/it]Fold 3:  69%|██████▉   | 69/100 [07:59<03:33,  6.90s/it]Fold 3:  70%|███████   | 70/100 [08:06<03:27,  6.92s/it]Fold 3:  70%|███████   | 70/100 [08:06<03:27,  6.92s/it]Fold 3:  71%|███████   | 71/100 [08:13<03:21,  6.93s/it][2025-05-09 14:17:59] INFO: [Rank 0] Epoch 71/100 - Loss: 0.0191, CE: 0.0148, smooth: 0.0282
Fold 3:  71%|███████   | 71/100 [08:13<03:21,  6.93s/it]Fold 3:  72%|███████▏  | 72/100 [08:19<03:14,  6.94s/it]Fold 3:  72%|███████▏  | 72/100 [08:20<03:14,  6.95s/it]Fold 3:  73%|███████▎  | 73/100 [08:26<03:06,  6.92s/it]Fold 3:  73%|███████▎  | 73/100 [08:26<03:07,  6.93s/it]Fold 3:  74%|███████▍  | 74/100 [08:33<03:01,  6.96s/it]Fold 3:  74%|███████▍  | 74/100 [08:33<03:00,  6.96s/it]Fold 3:  75%|███████▌  | 75/100 [08:40<02:54,  6.97s/it]Fold 3:  75%|███████▌  | 75/100 [08:40<02:54,  6.97s/it]Fold 3:  76%|███████▌  | 76/100 [08:47<02:46,  6.93s/it][2025-05-09 14:18:34] INFO: [Rank 0] Epoch 76/100 - Loss: 0.0180, CE: 0.0136, smooth: 0.0292
Fold 3:  76%|███████▌  | 76/100 [08:47<02:46,  6.93s/it]Fold 3:  77%|███████▋  | 77/100 [08:54<02:39,  6.96s/it]Fold 3:  77%|███████▋  | 77/100 [08:54<02:40,  6.96s/it]Fold 3:  78%|███████▊  | 78/100 [09:01<02:32,  6.94s/it]Fold 3:  78%|███████▊  | 78/100 [09:01<02:32,  6.94s/it]Fold 3:  79%|███████▉  | 79/100 [09:08<02:25,  6.92s/it]Fold 3:  79%|███████▉  | 79/100 [09:08<02:25,  6.92s/it]Fold 3:  80%|████████  | 80/100 [09:15<02:18,  6.93s/it]Fold 3:  80%|████████  | 80/100 [09:15<02:18,  6.94s/it][2025-05-09 14:19:09] INFO: [Rank 0] Epoch 81/100 - Loss: 0.0176, CE: 0.0132, smooth: 0.0293
Fold 3:  81%|████████  | 81/100 [09:22<02:12,  6.96s/it]Fold 3:  81%|████████  | 81/100 [09:22<02:12,  6.97s/it]Fold 3:  82%|████████▏ | 82/100 [09:29<02:04,  6.92s/it]Fold 3:  82%|████████▏ | 82/100 [09:29<02:04,  6.93s/it]Fold 3:  83%|████████▎ | 83/100 [09:36<01:57,  6.91s/it]Fold 3:  83%|████████▎ | 83/100 [09:36<01:57,  6.91s/it]Fold 3:  84%|████████▍ | 84/100 [09:43<01:50,  6.93s/it]Fold 3:  84%|████████▍ | 84/100 [09:43<01:50,  6.93s/it]Fold 3:  85%|████████▌ | 85/100 [09:50<01:44,  6.96s/it]Fold 3:  85%|████████▌ | 85/100 [09:50<01:44,  6.96s/it]Fold 3:  86%|████████▌ | 86/100 [09:57<01:37,  6.93s/it][2025-05-09 14:19:43] INFO: [Rank 0] Epoch 86/100 - Loss: 0.0143, CE: 0.0101, smooth: 0.0280
Fold 3:  86%|████████▌ | 86/100 [09:57<01:37,  6.94s/it]Fold 3:  87%|████████▋ | 87/100 [10:03<01:29,  6.91s/it]Fold 3:  87%|████████▋ | 87/100 [10:04<01:29,  6.92s/it]Fold 3:  88%|████████▊ | 88/100 [10:10<01:22,  6.91s/it]Fold 3:  88%|████████▊ | 88/100 [10:10<01:22,  6.91s/it]Fold 3:  89%|████████▉ | 89/100 [10:17<01:16,  6.93s/it]Fold 3:  89%|████████▉ | 89/100 [10:17<01:16,  6.94s/it]Fold 3:  90%|█████████ | 90/100 [10:24<01:09,  6.96s/it]Fold 3:  90%|█████████ | 90/100 [10:24<01:09,  6.97s/it][2025-05-09 14:20:18] INFO: [Rank 0] Epoch 91/100 - Loss: 0.0127, CE: 0.0089, smooth: 0.0259
Fold 3:  91%|█████████ | 91/100 [10:31<01:02,  6.97s/it]Fold 3:  91%|█████████ | 91/100 [10:31<01:02,  6.97s/it]Fold 3:  92%|█████████▏| 92/100 [10:38<00:55,  6.99s/it]Fold 3:  92%|█████████▏| 92/100 [10:38<00:55,  6.99s/it]Fold 3:  93%|█████████▎| 93/100 [10:45<00:48,  6.96s/it]Fold 3:  93%|█████████▎| 93/100 [10:45<00:48,  6.97s/it]Fold 3:  94%|█████████▍| 94/100 [10:52<00:41,  6.93s/it]Fold 3:  94%|█████████▍| 94/100 [10:52<00:41,  6.94s/it]Fold 3:  95%|█████████▌| 95/100 [10:59<00:34,  6.94s/it]Fold 3:  95%|█████████▌| 95/100 [10:59<00:34,  6.95s/it]Fold 3:  96%|█████████▌| 96/100 [11:06<00:27,  6.95s/it][2025-05-09 14:20:53] INFO: [Rank 0] Epoch 96/100 - Loss: 0.0122, CE: 0.0083, smooth: 0.0263
Fold 3:  96%|█████████▌| 96/100 [11:06<00:27,  6.95s/it]Fold 3:  97%|█████████▋| 97/100 [11:13<00:20,  6.98s/it]Fold 3:  97%|█████████▋| 97/100 [11:13<00:20,  6.99s/it]Fold 3:  98%|█████████▊| 98/100 [11:20<00:13,  6.96s/it]Fold 3:  98%|█████████▊| 98/100 [11:20<00:13,  6.96s/it]Fold 3:  99%|█████████▉| 99/100 [11:27<00:06,  6.97s/it]Fold 3:  99%|█████████▉| 99/100 [11:27<00:06,  6.97s/it]Fold 3: 100%|██████████| 100/100 [11:34<00:00,  6.97s/it]                                                         Fold 3: 100%|██████████| 100/100 [11:34<00:00,  6.97s/it]                                                         Fold 4:   0%|          | 0/100 [00:00<?, ?it/s]Fold 4:   0%|          | 0/100 [00:00<?, ?it/s]Fold 4:   1%|          | 1/100 [00:06<11:01,  6.68s/it][2025-05-09 14:21:28] INFO: [Rank 0] Epoch 1/100 - Loss: 0.1576, CE: 0.1216, smooth: 0.2400
Fold 4:   1%|          | 1/100 [00:06<11:03,  6.70s/it]Fold 4:   2%|▏         | 2/100 [00:13<10:49,  6.63s/it]Fold 4:   2%|▏         | 2/100 [00:13<10:49,  6.63s/it]Fold 4:   3%|▎         | 3/100 [00:19<10:45,  6.65s/it]Fold 4:   3%|▎         | 3/100 [00:19<10:46,  6.66s/it]Fold 4:   4%|▍         | 4/100 [00:26<10:40,  6.67s/it]Fold 4:   4%|▍         | 4/100 [00:26<10:41,  6.68s/it]Fold 4:   5%|▌         | 5/100 [00:33<10:31,  6.64s/it]Fold 4:   5%|▌         | 5/100 [00:33<10:30,  6.64s/it][2025-05-09 14:22:01] INFO: [Rank 0] Epoch 6/100 - Loss: 0.4066, CE: 0.1316, smooth: 1.8332
Fold 4:   6%|▌         | 6/100 [00:39<10:21,  6.61s/it]Fold 4:   6%|▌         | 6/100 [00:39<10:21,  6.61s/it]Fold 4:   7%|▋         | 7/100 [00:46<10:16,  6.63s/it]Fold 4:   7%|▋         | 7/100 [00:46<10:17,  6.64s/it]Fold 4:   8%|▊         | 8/100 [00:53<10:11,  6.65s/it]Fold 4:   8%|▊         | 8/100 [00:53<10:11,  6.65s/it]Fold 4:   9%|▉         | 9/100 [00:59<10:02,  6.63s/it]Fold 4:   9%|▉         | 9/100 [00:59<10:02,  6.63s/it]Fold 4:  10%|█         | 10/100 [01:06<09:56,  6.63s/it]Fold 4:  10%|█         | 10/100 [01:06<09:57,  6.64s/it]Fold 4:  11%|█         | 11/100 [01:13<09:50,  6.64s/it][2025-05-09 14:22:34] INFO: [Rank 0] Epoch 11/100 - Loss: 0.0733, CE: 0.0552, smooth: 0.1210
Fold 4:  11%|█         | 11/100 [01:13<09:51,  6.64s/it]Fold 4:  12%|█▏        | 12/100 [01:19<09:46,  6.66s/it]Fold 4:  12%|█▏        | 12/100 [01:19<09:46,  6.66s/it]Fold 4:  13%|█▎        | 13/100 [01:26<09:36,  6.63s/it]Fold 4:  13%|█▎        | 13/100 [01:26<09:36,  6.63s/it]Fold 4:  14%|█▍        | 14/100 [01:32<09:27,  6.60s/it]Fold 4:  14%|█▍        | 14/100 [01:32<09:28,  6.61s/it]Fold 4:  15%|█▌        | 15/100 [01:39<09:23,  6.63s/it]Fold 4:  15%|█▌        | 15/100 [01:39<09:23,  6.63s/it]Fold 4:  16%|█▌        | 16/100 [01:46<09:15,  6.61s/it][2025-05-09 14:23:07] INFO: [Rank 0] Epoch 16/100 - Loss: 0.0467, CE: 0.0378, smooth: 0.0596
