Fold 7:  66%|██████▌   | 66/100 [07:40<03:57,  6.98s/it]Fold 7:  67%|██████▋   | 67/100 [07:47<03:50,  7.00s/it]Fold 7:  67%|██████▋   | 67/100 [07:47<03:50,  7.00s/it]Fold 7:  68%|██████▊   | 68/100 [07:54<03:43,  6.98s/it]Fold 7:  68%|██████▊   | 68/100 [07:54<03:43,  6.99s/it]Fold 7:  69%|██████▉   | 69/100 [08:01<03:36,  6.99s/it]Fold 7:  69%|██████▉   | 69/100 [08:01<03:36,  7.00s/it]Fold 7:  70%|███████   | 70/100 [08:08<03:28,  6.96s/it]Fold 7:  70%|███████   | 70/100 [08:08<03:29,  6.97s/it]Fold 7:  71%|███████   | 71/100 [08:15<03:21,  6.95s/it][2025-05-09 16:24:04] INFO: [Rank 0] Epoch 71/100 - Loss: 0.0144, CE: 0.0071, smooth: 0.0485
Fold 7:  71%|███████   | 71/100 [08:15<03:21,  6.95s/it]Fold 7:  72%|███████▏  | 72/100 [08:22<03:15,  6.97s/it]Fold 7:  72%|███████▏  | 72/100 [08:22<03:15,  6.97s/it]Fold 7:  73%|███████▎  | 73/100 [08:29<03:07,  6.96s/it]Fold 7:  73%|███████▎  | 73/100 [08:29<03:07,  6.96s/it]Fold 7:  74%|███████▍  | 74/100 [08:36<03:00,  6.93s/it]Fold 7:  74%|███████▍  | 74/100 [08:36<03:00,  6.94s/it]Fold 7:  75%|███████▌  | 75/100 [08:43<02:53,  6.93s/it]Fold 7:  75%|███████▌  | 75/100 [08:43<02:53,  6.93s/it]Fold 7:  76%|███████▌  | 76/100 [08:50<02:46,  6.92s/it][2025-05-09 16:24:38] INFO: [Rank 0] Epoch 76/100 - Loss: 0.0089, CE: 0.0058, smooth: 0.0206
Fold 7:  76%|███████▌  | 76/100 [08:50<02:46,  6.93s/it]Fold 7:  77%|███████▋  | 77/100 [08:57<02:39,  6.92s/it]Fold 7:  77%|███████▋  | 77/100 [08:57<02:39,  6.93s/it]Fold 7:  78%|███████▊  | 78/100 [09:04<02:32,  6.95s/it]Fold 7:  78%|███████▊  | 78/100 [09:04<02:33,  6.96s/it]Fold 7:  79%|███████▉  | 79/100 [09:11<02:25,  6.95s/it]Fold 7:  79%|███████▉  | 79/100 [09:11<02:26,  6.96s/it]Fold 7:  80%|████████  | 80/100 [09:18<02:18,  6.95s/it]Fold 7:  80%|████████  | 80/100 [09:18<02:18,  6.95s/it]Fold 7:  81%|████████  | 81/100 [09:25<02:11,  6.93s/it][2025-05-09 16:25:13] INFO: [Rank 0] Epoch 81/100 - Loss: 0.0164, CE: 0.0130, smooth: 0.0231
Fold 7:  81%|████████  | 81/100 [09:25<02:11,  6.93s/it]Fold 7:  82%|████████▏ | 82/100 [09:32<02:05,  6.96s/it]Fold 7:  82%|████████▏ | 82/100 [09:32<02:05,  6.96s/it]Fold 7:  83%|████████▎ | 83/100 [09:38<01:58,  6.94s/it]Fold 7:  83%|████████▎ | 83/100 [09:38<01:58,  6.94s/it]Fold 7:  84%|████████▍ | 84/100 [09:45<01:51,  6.97s/it]Fold 7:  84%|████████▍ | 84/100 [09:46<01:51,  6.98s/it]Fold 7:  85%|████████▌ | 85/100 [09:52<01:44,  6.97s/it]Fold 7:  85%|████████▌ | 85/100 [09:52<01:44,  6.97s/it]Fold 7:  86%|████████▌ | 86/100 [09:59<01:37,  6.96s/it][2025-05-09 16:25:48] INFO: [Rank 0] Epoch 86/100 - Loss: 0.0079, CE: 0.0053, smooth: 0.0176
Fold 7:  86%|████████▌ | 86/100 [09:59<01:37,  6.96s/it]Fold 7:  87%|████████▋ | 87/100 [10:06<01:30,  6.98s/it]Fold 7:  87%|████████▋ | 87/100 [10:06<01:30,  6.98s/it]Fold 7:  88%|████████▊ | 88/100 [10:13<01:23,  7.00s/it]Fold 7:  88%|████████▊ | 88/100 [10:13<01:23,  6.99s/it]Fold 7:  89%|████████▉ | 89/100 [10:20<01:16,  6.97s/it]Fold 7:  89%|████████▉ | 89/100 [10:20<01:16,  6.97s/it]Fold 7:  90%|█████████ | 90/100 [10:27<01:09,  6.99s/it]Fold 7:  90%|█████████ | 90/100 [10:27<01:09,  6.98s/it]Fold 7:  91%|█████████ | 91/100 [10:34<01:02,  6.99s/it][2025-05-09 16:26:23] INFO: [Rank 0] Epoch 91/100 - Loss: 0.0152, CE: 0.0120, smooth: 0.0216
Fold 7:  91%|█████████ | 91/100 [10:34<01:02,  6.98s/it]Fold 7:  92%|█████████▏| 92/100 [10:41<00:55,  7.00s/it]Fold 7:  92%|█████████▏| 92/100 [10:41<00:55,  7.00s/it]Fold 7:  93%|█████████▎| 93/100 [10:48<00:49,  7.00s/it]Fold 7:  93%|█████████▎| 93/100 [10:48<00:49,  7.02s/it]Fold 7:  94%|█████████▍| 94/100 [10:55<00:41,  6.99s/it]Fold 7:  94%|█████████▍| 94/100 [10:55<00:42,  7.00s/it]Fold 7:  95%|█████████▌| 95/100 [11:02<00:35,  7.01s/it]Fold 7:  95%|█████████▌| 95/100 [11:02<00:35,  7.01s/it]Fold 7:  96%|█████████▌| 96/100 [11:09<00:28,  7.01s/it][2025-05-09 16:26:58] INFO: [Rank 0] Epoch 96/100 - Loss: 0.2529, CE: 0.0699, smooth: 1.2197
Fold 7:  96%|█████████▌| 96/100 [11:09<00:28,  7.01s/it]Fold 7:  97%|█████████▋| 97/100 [11:16<00:20,  6.97s/it]Fold 7:  97%|█████████▋| 97/100 [11:16<00:20,  6.98s/it]Fold 7:  98%|█████████▊| 98/100 [11:23<00:13,  7.00s/it]Fold 7:  98%|█████████▊| 98/100 [11:23<00:13,  6.99s/it]Fold 7:  99%|█████████▉| 99/100 [11:30<00:06,  7.00s/it]Fold 7:  99%|█████████▉| 99/100 [11:30<00:06,  7.00s/it]Fold 7: 100%|██████████| 100/100 [11:37<00:00,  6.99s/it]                                                         [2025-05-09 16:27:26] INFO: Training statistics saved to result/FDI_BOTH_MSTCN_HUBER/training_stats.npy
[2025-05-09 16:27:26] INFO: Training completed in 1:20:08.522144
[2025-05-09 16:27:26] INFO: Configuration saved to result/FDI_BOTH_MSTCN_HUBER/training_config.json
s16g15:937021:937155 [0] NCCL INFO [Service thread] Connection closed by localRank 0
Fold 7: 100%|██████████| 100/100 [11:37<00:00,  6.99s/it]                                                         s16g15:937022:937156 [1] NCCL INFO [Service thread] Connection closed by localRank 1
s16g15:937021:1039681 [0] NCCL INFO comm 0x1400ebc0 rank 0 nranks 2 cudaDev 0 busId 26000 - Abort COMPLETE
s16g15:937022:1039682 [1] NCCL INFO comm 0x4b3d36c0 rank 1 nranks 2 cudaDev 1 busId 46000 - Abort COMPLETE

--- Running with smoothing: KL ---

W0509 16:27:33.619000 1039683 /vsc-hard-mounts/leuven-data/370/vsc37097/miniconda3/envs/torch/lib/python3.10/site-packages/torch/distributed/run.py:793] 
W0509 16:27:33.619000 1039683 /vsc-hard-mounts/leuven-data/370/vsc37097/miniconda3/envs/torch/lib/python3.10/site-packages/torch/distributed/run.py:793] *****************************************
W0509 16:27:33.619000 1039683 /vsc-hard-mounts/leuven-data/370/vsc37097/miniconda3/envs/torch/lib/python3.10/site-packages/torch/distributed/run.py:793] Setting OMP_NUM_THREADS environment variable for each process to be 1 in default, to avoid your system being overloaded, please further tune the variable for optimal performance in your application as needed. 
W0509 16:27:33.619000 1039683 /vsc-hard-mounts/leuven-data/370/vsc37097/miniconda3/envs/torch/lib/python3.10/site-packages/torch/distributed/run.py:793] *****************************************
[2025-05-09 16:27:43] INFO: [Rank 0] Using device: cuda:0
[2025-05-09 16:27:43] INFO: Training started at: 2025-05-09 16:27:43.755183
s16g15:1039716:1039716 [0] NCCL INFO Bootstrap : Using ib0:172.23.4.215<0>
s16g15:1039716:1039716 [0] NCCL INFO NET/Plugin: No plugin found (libnccl-net.so)
s16g15:1039716:1039716 [0] NCCL INFO NET/Plugin: Plugin load returned 2 : libnccl-net.so: cannot open shared object file: No such file or directory : when loading libnccl-net.so
s16g15:1039716:1039716 [0] NCCL INFO NET/Plugin: Using internal network plugin.
s16g15:1039716:1039716 [0] NCCL INFO cudaDriverVersion 12000
NCCL version 2.21.5+cuda12.4
s16g15:1039716:1039764 [0] NCCL INFO NET/IB : Using [0]={[0] mlx5_0:1/IB, [1] mlx5_1:1/IB} [RO]; OOB ib0:172.23.4.215<0>
s16g15:1039716:1039764 [0] NCCL INFO Using non-device net plugin version 0
s16g15:1039716:1039764 [0] NCCL INFO Using network IB
s16g15:1039717:1039717 [1] NCCL INFO cudaDriverVersion 12000
s16g15:1039717:1039717 [1] NCCL INFO Bootstrap : Using ib0:172.23.4.215<0>
s16g15:1039717:1039717 [1] NCCL INFO NET/Plugin: No plugin found (libnccl-net.so)
s16g15:1039717:1039717 [1] NCCL INFO NET/Plugin: Plugin load returned 2 : libnccl-net.so: cannot open shared object file: No such file or directory : when loading libnccl-net.so
s16g15:1039717:1039717 [1] NCCL INFO NET/Plugin: Using internal network plugin.
s16g15:1039717:1039767 [1] NCCL INFO NET/IB : Using [0]={[0] mlx5_0:1/IB, [1] mlx5_1:1/IB} [RO]; OOB ib0:172.23.4.215<0>
s16g15:1039717:1039767 [1] NCCL INFO Using non-device net plugin version 0
s16g15:1039717:1039767 [1] NCCL INFO Using network IB
s16g15:1039717:1039767 [1] NCCL INFO ncclCommInitRank comm 0x58ed0c80 rank 1 nranks 2 cudaDev 1 nvmlDev 1 busId 46000 commId 0xccb244e8f50e1def - Init START
s16g15:1039716:1039764 [0] NCCL INFO ncclCommInitRank comm 0x150582a0 rank 0 nranks 2 cudaDev 0 nvmlDev 0 busId 26000 commId 0xccb244e8f50e1def - Init START
s16g15:1039717:1039767 [1] NCCL INFO Setting affinity for GPU 1 to ffff
s16g15:1039716:1039764 [0] NCCL INFO Setting affinity for GPU 0 to ffff
s16g15:1039717:1039767 [1] NCCL INFO comm 0x58ed0c80 rank 1 nRanks 2 nNodes 1 localRanks 2 localRank 1 MNNVL 0
s16g15:1039716:1039764 [0] NCCL INFO comm 0x150582a0 rank 0 nRanks 2 nNodes 1 localRanks 2 localRank 0 MNNVL 0
s16g15:1039717:1039767 [1] NCCL INFO Trees [0] -1/-1/-1->1->0 [1] -1/-1/-1->1->0 [2] 0/-1/-1->1->-1 [3] 0/-1/-1->1->-1 [4] -1/-1/-1->1->0 [5] -1/-1/-1->1->0 [6] 0/-1/-1->1->-1 [7] 0/-1/-1->1->-1
s16g15:1039716:1039764 [0] NCCL INFO Channel 00/08 :    0   1
s16g15:1039717:1039767 [1] NCCL INFO P2P Chunksize set to 524288
s16g15:1039716:1039764 [0] NCCL INFO Channel 01/08 :    0   1
s16g15:1039716:1039764 [0] NCCL INFO Channel 02/08 :    0   1
s16g15:1039716:1039764 [0] NCCL INFO Channel 03/08 :    0   1
s16g15:1039716:1039764 [0] NCCL INFO Channel 04/08 :    0   1
s16g15:1039716:1039764 [0] NCCL INFO Channel 05/08 :    0   1
s16g15:1039716:1039764 [0] NCCL INFO Channel 06/08 :    0   1
s16g15:1039716:1039764 [0] NCCL INFO Channel 07/08 :    0   1
s16g15:1039716:1039764 [0] NCCL INFO Trees [0] 1/-1/-1->0->-1 [1] 1/-1/-1->0->-1 [2] -1/-1/-1->0->1 [3] -1/-1/-1->0->1 [4] 1/-1/-1->0->-1 [5] 1/-1/-1->0->-1 [6] -1/-1/-1->0->1 [7] -1/-1/-1->0->1
s16g15:1039716:1039764 [0] NCCL INFO P2P Chunksize set to 524288
s16g15:1039716:1039764 [0] NCCL INFO Channel 00/0 : 0[0] -> 1[1] via P2P/CUMEM
s16g15:1039716:1039764 [0] NCCL INFO Channel 01/0 : 0[0] -> 1[1] via P2P/CUMEM
s16g15:1039717:1039767 [1] NCCL INFO Channel 00/0 : 1[1] -> 0[0] via P2P/CUMEM
s16g15:1039716:1039764 [0] NCCL INFO Channel 02/0 : 0[0] -> 1[1] via P2P/CUMEM
s16g15:1039717:1039767 [1] NCCL INFO Channel 01/0 : 1[1] -> 0[0] via P2P/CUMEM
s16g15:1039716:1039764 [0] NCCL INFO Channel 03/0 : 0[0] -> 1[1] via P2P/CUMEM
s16g15:1039717:1039767 [1] NCCL INFO Channel 02/0 : 1[1] -> 0[0] via P2P/CUMEM
s16g15:1039716:1039764 [0] NCCL INFO Channel 04/0 : 0[0] -> 1[1] via P2P/CUMEM
s16g15:1039717:1039767 [1] NCCL INFO Channel 03/0 : 1[1] -> 0[0] via P2P/CUMEM
s16g15:1039716:1039764 [0] NCCL INFO Channel 05/0 : 0[0] -> 1[1] via P2P/CUMEM
s16g15:1039717:1039767 [1] NCCL INFO Channel 04/0 : 1[1] -> 0[0] via P2P/CUMEM
s16g15:1039716:1039764 [0] NCCL INFO Channel 06/0 : 0[0] -> 1[1] via P2P/CUMEM
s16g15:1039717:1039767 [1] NCCL INFO Channel 05/0 : 1[1] -> 0[0] via P2P/CUMEM
s16g15:1039716:1039764 [0] NCCL INFO Channel 07/0 : 0[0] -> 1[1] via P2P/CUMEM
s16g15:1039717:1039767 [1] NCCL INFO Channel 06/0 : 1[1] -> 0[0] via P2P/CUMEM
s16g15:1039717:1039767 [1] NCCL INFO Channel 07/0 : 1[1] -> 0[0] via P2P/CUMEM
s16g15:1039717:1039767 [1] NCCL INFO Connected all rings
s16g15:1039716:1039764 [0] NCCL INFO Connected all rings
s16g15:1039717:1039767 [1] NCCL INFO Connected all trees
s16g15:1039716:1039764 [0] NCCL INFO Connected all trees
s16g15:1039717:1039767 [1] NCCL INFO threadThresholds 8/8/64 | 16/8/64 | 512 | 512
s16g15:1039717:1039767 [1] NCCL INFO 8 coll channels, 8 collnet channels, 0 nvls channels, 8 p2p channels, 8 p2p channels per peer
s16g15:1039716:1039764 [0] NCCL INFO threadThresholds 8/8/64 | 16/8/64 | 512 | 512
s16g15:1039716:1039764 [0] NCCL INFO 8 coll channels, 8 collnet channels, 0 nvls channels, 8 p2p channels, 8 p2p channels per peer
s16g15:1039717:1039767 [1] NCCL INFO TUNER/Plugin: Plugin load returned 11 : libnccl-net.so: cannot open shared object file: No such file or directory : when loading libnccl-tuner.so
s16g15:1039716:1039764 [0] NCCL INFO TUNER/Plugin: Plugin load returned 11 : libnccl-net.so: cannot open shared object file: No such file or directory : when loading libnccl-tuner.so
s16g15:1039717:1039767 [1] NCCL INFO TUNER/Plugin: Using internal tuner plugin.
s16g15:1039716:1039764 [0] NCCL INFO TUNER/Plugin: Using internal tuner plugin.
s16g15:1039717:1039767 [1] NCCL INFO ncclCommInitRank comm 0x58ed0c80 rank 1 nranks 2 cudaDev 1 nvmlDev 1 busId 46000 commId 0xccb244e8f50e1def - Init COMPLETE
s16g15:1039716:1039764 [0] NCCL INFO ncclCommInitRank comm 0x150582a0 rank 0 nranks 2 cudaDev 0 nvmlDev 0 busId 26000 commId 0xccb244e8f50e1def - Init COMPLETE
Fold 1:   0%|          | 0/100 [00:00<?, ?it/s]Fold 1:   0%|          | 0/100 [00:00<?, ?it/s]Fold 1:   1%|          | 1/100 [00:09<15:42,  9.52s/it][2025-05-09 16:28:17] INFO: [Rank 0] Epoch 1/100 - Loss: 0.7388, CE: 0.2604, smooth: 3.1892
Fold 1:   1%|          | 1/100 [00:09<15:52,  9.62s/it]Fold 1:   2%|▏         | 2/100 [00:16<13:13,  8.09s/it]Fold 1:   2%|▏         | 2/100 [00:16<13:15,  8.11s/it]Fold 1:   3%|▎         | 3/100 [00:23<12:13,  7.57s/it]Fold 1:   3%|▎         | 3/100 [00:23<12:14,  7.57s/it]Fold 1:   4%|▍         | 4/100 [00:30<11:47,  7.37s/it]Fold 1:   4%|▍         | 4/100 [00:30<11:46,  7.36s/it]Fold 1:   5%|▌         | 5/100 [00:37<11:28,  7.25s/it]Fold 1:   5%|▌         | 5/100 [00:37<11:30,  7.26s/it][2025-05-09 16:28:52] INFO: [Rank 0] Epoch 6/100 - Loss: 0.1851, CE: 0.1564, smooth: 0.1913
Fold 1:   6%|▌         | 6/100 [00:44<11:10,  7.14s/it]Fold 1:   6%|▌         | 6/100 [00:44<11:11,  7.14s/it]Fold 1:   7%|▋         | 7/100 [00:51<10:56,  7.06s/it]Fold 1:   7%|▋         | 7/100 [00:51<10:57,  7.07s/it]Fold 1:   8%|▊         | 8/100 [00:58<10:45,  7.01s/it]Fold 1:   8%|▊         | 8/100 [00:58<10:45,  7.02s/it]Fold 1:   9%|▉         | 9/100 [01:05<10:34,  6.98s/it]Fold 1:   9%|▉         | 9/100 [01:05<10:35,  6.98s/it]Fold 1:  10%|█         | 10/100 [01:12<10:29,  6.99s/it]Fold 1:  10%|█         | 10/100 [01:12<10:30,  7.00s/it]Fold 1:  11%|█         | 11/100 [01:19<10:24,  7.01s/it][2025-05-09 16:29:27] INFO: [Rank 0] Epoch 11/100 - Loss: 0.1529, CE: 0.1292, smooth: 0.1580
Fold 1:  11%|█         | 11/100 [01:19<10:23,  7.01s/it]Fold 1:  12%|█▏        | 12/100 [01:26<10:17,  7.01s/it]Fold 1:  12%|█▏        | 12/100 [01:26<10:17,  7.02s/it]Fold 1:  13%|█▎        | 13/100 [01:33<10:10,  7.02s/it]Fold 1:  13%|█▎        | 13/100 [01:33<10:11,  7.03s/it]Fold 1:  14%|█▍        | 14/100 [01:40<10:01,  7.00s/it]Fold 1:  14%|█▍        | 14/100 [01:40<10:02,  7.00s/it]Fold 1:  15%|█▌        | 15/100 [01:47<09:55,  7.01s/it]Fold 1:  15%|█▌        | 15/100 [01:47<09:54,  7.00s/it]Fold 1:  16%|█▌        | 16/100 [01:54<09:48,  7.01s/it][2025-05-09 16:30:02] INFO: [Rank 0] Epoch 16/100 - Loss: 0.1112, CE: 0.0912, smooth: 0.1329
Fold 1:  16%|█▌        | 16/100 [01:54<09:49,  7.02s/it]Fold 1:  17%|█▋        | 17/100 [02:01<09:41,  7.00s/it]Fold 1:  17%|█▋        | 17/100 [02:01<09:42,  7.02s/it]Fold 1:  18%|█▊        | 18/100 [02:08<09:32,  6.98s/it]Fold 1:  18%|█▊        | 18/100 [02:08<09:33,  7.00s/it]Fold 1:  19%|█▉        | 19/100 [02:15<09:26,  7.00s/it]Fold 1:  19%|█▉        | 19/100 [02:15<09:28,  7.02s/it]Fold 1:  20%|██        | 20/100 [02:22<09:21,  7.01s/it]Fold 1:  20%|██        | 20/100 [02:22<09:22,  7.03s/it]Fold 1:  21%|██        | 21/100 [02:29<09:14,  7.02s/it][2025-05-09 16:30:37] INFO: [Rank 0] Epoch 21/100 - Loss: 0.0945, CE: 0.0770, smooth: 0.1167
Fold 1:  21%|██        | 21/100 [02:29<09:15,  7.03s/it]Fold 1:  22%|██▏       | 22/100 [02:36<09:06,  7.01s/it]Fold 1:  22%|██▏       | 22/100 [02:36<09:08,  7.03s/it]Fold 1:  23%|██▎       | 23/100 [02:43<09:00,  7.01s/it]Fold 1:  23%|██▎       | 23/100 [02:43<08:59,  7.01s/it]Fold 1:  24%|██▍       | 24/100 [02:50<08:49,  6.96s/it]Fold 1:  24%|██▍       | 24/100 [02:50<08:49,  6.96s/it]Fold 1:  25%|██▌       | 25/100 [02:57<08:40,  6.95s/it]Fold 1:  25%|██▌       | 25/100 [02:57<08:41,  6.95s/it]Fold 1:  26%|██▌       | 26/100 [03:04<08:36,  6.98s/it][2025-05-09 16:31:12] INFO: [Rank 0] Epoch 26/100 - Loss: 0.0878, CE: 0.0718, smooth: 0.1066
Fold 1:  26%|██▌       | 26/100 [03:04<08:36,  6.99s/it]Fold 1:  27%|██▋       | 27/100 [03:11<08:28,  6.97s/it]Fold 1:  27%|██▋       | 27/100 [03:11<08:30,  6.99s/it]Fold 1:  28%|██▊       | 28/100 [03:18<08:23,  7.00s/it]Fold 1:  28%|██▊       | 28/100 [03:18<08:22,  6.98s/it]Fold 1:  29%|██▉       | 29/100 [03:25<08:15,  6.98s/it]Fold 1:  29%|██▉       | 29/100 [03:25<08:15,  6.98s/it]Fold 1:  30%|███       | 30/100 [03:32<08:09,  6.99s/it]Fold 1:  30%|███       | 30/100 [03:32<08:09,  7.00s/it]Fold 1:  31%|███       | 31/100 [03:39<08:03,  7.00s/it][2025-05-09 16:31:47] INFO: [Rank 0] Epoch 31/100 - Loss: 0.0856, CE: 0.0702, smooth: 0.1028
Fold 1:  31%|███       | 31/100 [03:39<08:03,  7.00s/it]Fold 1:  32%|███▏      | 32/100 [03:46<07:56,  7.01s/it]Fold 1:  32%|███▏      | 32/100 [03:46<07:56,  7.01s/it]Fold 1:  33%|███▎      | 33/100 [03:53<07:49,  7.01s/it]Fold 1:  33%|███▎      | 33/100 [03:53<07:49,  7.01s/it]Fold 1:  34%|███▍      | 34/100 [04:00<07:42,  7.00s/it]Fold 1:  34%|███▍      | 34/100 [04:00<07:42,  7.01s/it]Fold 1:  35%|███▌      | 35/100 [04:07<07:35,  7.01s/it]Fold 1:  35%|███▌      | 35/100 [04:07<07:35,  7.01s/it]Fold 1:  36%|███▌      | 36/100 [04:14<07:28,  7.01s/it][2025-05-09 16:32:22] INFO: [Rank 0] Epoch 36/100 - Loss: 0.0756, CE: 0.0612, smooth: 0.0958
Fold 1:  36%|███▌      | 36/100 [04:14<07:30,  7.04s/it]Fold 1:  37%|███▋      | 37/100 [04:21<07:23,  7.04s/it]Fold 1:  37%|███▋      | 37/100 [04:21<07:22,  7.03s/it]Fold 1:  38%|███▊      | 38/100 [04:28<07:15,  7.03s/it]Fold 1:  38%|███▊      | 38/100 [04:28<07:15,  7.02s/it]Fold 1:  39%|███▉      | 39/100 [04:35<07:08,  7.03s/it]Fold 1:  39%|███▉      | 39/100 [04:35<07:08,  7.02s/it]Fold 1:  40%|████      | 40/100 [04:42<07:01,  7.03s/it]Fold 1:  40%|████      | 40/100 [04:42<07:01,  7.03s/it]Fold 1:  41%|████      | 41/100 [04:49<06:54,  7.03s/it][2025-05-09 16:32:57] INFO: [Rank 0] Epoch 41/100 - Loss: 0.0719, CE: 0.0581, smooth: 0.0915
Fold 1:  41%|████      | 41/100 [04:49<06:54,  7.02s/it]Fold 1:  42%|████▏     | 42/100 [04:56<06:47,  7.03s/it]Fold 1:  42%|████▏     | 42/100 [04:56<06:47,  7.02s/it]Fold 1:  43%|████▎     | 43/100 [05:03<06:40,  7.03s/it]Fold 1:  43%|████▎     | 43/100 [05:03<06:40,  7.03s/it]Fold 1:  44%|████▍     | 44/100 [05:10<06:33,  7.03s/it]Fold 1:  44%|████▍     | 44/100 [05:10<06:33,  7.03s/it]Fold 1:  45%|████▌     | 45/100 [05:17<06:25,  7.01s/it]Fold 1:  45%|████▌     | 45/100 [05:17<06:25,  7.02s/it][2025-05-09 16:33:32] INFO: [Rank 0] Epoch 46/100 - Loss: 0.0726, CE: 0.0585, smooth: 0.0937
Fold 1:  46%|████▌     | 46/100 [05:24<06:17,  6.99s/it]Fold 1:  46%|████▌     | 46/100 [05:24<06:17,  6.99s/it]Fold 1:  47%|████▋     | 47/100 [05:31<06:09,  6.96s/it]Fold 1:  47%|████▋     | 47/100 [05:31<06:09,  6.97s/it]Fold 1:  48%|████▊     | 48/100 [05:38<06:02,  6.98s/it]Fold 1:  48%|████▊     | 48/100 [05:38<06:03,  6.98s/it]Fold 1:  49%|████▉     | 49/100 [05:45<05:56,  7.00s/it]Fold 1:  49%|████▉     | 49/100 [05:45<05:57,  7.01s/it]Fold 1:  50%|█████     | 50/100 [05:52<05:49,  6.99s/it]Fold 1:  50%|█████     | 50/100 [05:52<05:49,  6.99s/it]Fold 1:  51%|█████     | 51/100 [05:59<05:41,  6.97s/it][2025-05-09 16:34:07] INFO: [Rank 0] Epoch 51/100 - Loss: 0.0782, CE: 0.0625, smooth: 0.1050
Fold 1:  51%|█████     | 51/100 [05:59<05:41,  6.97s/it]Fold 1:  52%|█████▏    | 52/100 [06:06<05:33,  6.96s/it]Fold 1:  52%|█████▏    | 52/100 [06:06<05:33,  6.96s/it]Fold 1:  53%|█████▎    | 53/100 [06:13<05:26,  6.94s/it]Fold 1:  53%|█████▎    | 53/100 [06:13<05:26,  6.95s/it]Fold 1:  54%|█████▍    | 54/100 [06:20<05:20,  6.96s/it]Fold 1:  54%|█████▍    | 54/100 [06:20<05:20,  6.96s/it]Fold 1:  55%|█████▌    | 55/100 [06:27<05:13,  6.98s/it]Fold 1:  55%|█████▌    | 55/100 [06:27<05:13,  6.98s/it][2025-05-09 16:34:42] INFO: [Rank 0] Epoch 56/100 - Loss: 0.0692, CE: 0.0547, smooth: 0.0962
Fold 1:  56%|█████▌    | 56/100 [06:34<05:06,  6.97s/it]Fold 1:  56%|█████▌    | 56/100 [06:34<05:07,  6.98s/it]Fold 1:  57%|█████▋    | 57/100 [06:41<05:00,  7.00s/it]Fold 1:  57%|█████▋    | 57/100 [06:41<05:01,  7.00s/it]Fold 1:  58%|█████▊    | 58/100 [06:48<04:52,  6.97s/it]Fold 1:  58%|█████▊    | 58/100 [06:48<04:53,  6.98s/it]Fold 1:  59%|█████▉    | 59/100 [06:55<04:45,  6.97s/it]Fold 1:  59%|█████▉    | 59/100 [06:55<04:45,  6.97s/it]Fold 1:  60%|██████    | 60/100 [07:02<04:38,  6.96s/it]Fold 1:  60%|██████    | 60/100 [07:02<04:38,  6.96s/it]Fold 1:  61%|██████    | 61/100 [07:09<04:31,  6.96s/it][2025-05-09 16:35:16] INFO: [Rank 0] Epoch 61/100 - Loss: 0.0751, CE: 0.0596, smooth: 0.1031
Fold 1:  61%|██████    | 61/100 [07:09<04:31,  6.96s/it]Fold 1:  62%|██████▏   | 62/100 [07:16<04:25,  6.98s/it]Fold 1:  62%|██████▏   | 62/100 [07:16<04:25,  6.98s/it]Fold 1:  63%|██████▎   | 63/100 [07:23<04:17,  6.96s/it]Fold 1:  63%|██████▎   | 63/100 [07:23<04:17,  6.97s/it]Fold 1:  64%|██████▍   | 64/100 [07:30<04:11,  6.98s/it]Fold 1:  64%|██████▍   | 64/100 [07:30<04:11,  6.99s/it]Fold 1:  65%|██████▌   | 65/100 [07:37<04:05,  7.01s/it]Fold 1:  65%|██████▌   | 65/100 [07:37<04:05,  7.01s/it][2025-05-09 16:35:51] INFO: [Rank 0] Epoch 66/100 - Loss: 0.0661, CE: 0.0529, smooth: 0.0877
Fold 1:  66%|██████▌   | 66/100 [07:44<03:57,  6.98s/it]Fold 1:  66%|██████▌   | 66/100 [07:44<03:57,  6.98s/it]Fold 1:  67%|██████▋   | 67/100 [07:51<03:50,  6.99s/it]Fold 1:  67%|██████▋   | 67/100 [07:51<03:50,  6.99s/it]Fold 1:  68%|██████▊   | 68/100 [07:58<03:44,  7.00s/it]Fold 1:  68%|██████▊   | 68/100 [07:58<03:44,  7.00s/it]Fold 1:  69%|██████▉   | 69/100 [08:05<03:36,  6.98s/it]Fold 1:  69%|██████▉   | 69/100 [08:05<03:36,  6.98s/it]Fold 1:  70%|███████   | 70/100 [08:12<03:29,  7.00s/it]Fold 1:  70%|███████   | 70/100 [08:12<03:29,  7.00s/it][2025-05-09 16:36:26] INFO: [Rank 0] Epoch 71/100 - Loss: 0.0691, CE: 0.0549, smooth: 0.0948
Fold 1:  71%|███████   | 71/100 [08:19<03:23,  7.00s/it]Fold 1:  71%|███████   | 71/100 [08:19<03:23,  7.01s/it]Fold 1:  72%|███████▏  | 72/100 [08:26<03:16,  7.01s/it]Fold 1:  72%|███████▏  | 72/100 [08:26<03:16,  7.01s/it]Fold 1:  73%|███████▎  | 73/100 [08:33<03:09,  7.01s/it]Fold 1:  73%|███████▎  | 73/100 [08:33<03:09,  7.02s/it]Fold 1:  74%|███████▍  | 74/100 [08:40<03:02,  7.01s/it]Fold 1:  74%|███████▍  | 74/100 [08:40<03:02,  7.01s/it]Fold 1:  75%|███████▌  | 75/100 [08:47<02:54,  6.98s/it]Fold 1:  75%|███████▌  | 75/100 [08:47<02:54,  6.99s/it]Fold 1:  76%|███████▌  | 76/100 [08:54<02:47,  7.00s/it][2025-05-09 16:37:01] INFO: [Rank 0] Epoch 76/100 - Loss: 0.0627, CE: 0.0507, smooth: 0.0804
Fold 1:  76%|███████▌  | 76/100 [08:54<02:48,  7.02s/it]Fold 1:  77%|███████▋  | 77/100 [09:01<02:40,  6.99s/it]Fold 1:  77%|███████▋  | 77/100 [09:01<02:40,  7.00s/it]Fold 1:  78%|███████▊  | 78/100 [09:08<02:34,  7.00s/it]Fold 1:  78%|███████▊  | 78/100 [09:08<02:34,  7.00s/it]Fold 1:  79%|███████▉  | 79/100 [09:15<02:26,  6.98s/it]Fold 1:  79%|███████▉  | 79/100 [09:15<02:26,  6.98s/it]Fold 1:  80%|████████  | 80/100 [09:22<02:19,  6.99s/it]Fold 1:  80%|████████  | 80/100 [09:22<02:19,  7.00s/it][2025-05-09 16:37:36] INFO: [Rank 0] Epoch 81/100 - Loss: 0.0631, CE: 0.0508, smooth: 0.0818
Fold 1:  81%|████████  | 81/100 [09:29<02:13,  7.00s/it]Fold 1:  81%|████████  | 81/100 [09:29<02:13,  7.02s/it]Fold 1:  82%|████████▏ | 82/100 [09:36<02:06,  7.02s/it]Fold 1:  82%|████████▏ | 82/100 [09:36<02:06,  7.03s/it]Fold 1:  83%|████████▎ | 83/100 [09:43<01:59,  7.01s/it]Fold 1:  83%|████████▎ | 83/100 [09:43<01:59,  7.01s/it]Fold 1:  84%|████████▍ | 84/100 [09:50<01:52,  7.02s/it]Fold 1:  84%|████████▍ | 84/100 [09:50<01:52,  7.02s/it]Fold 1:  85%|████████▌ | 85/100 [09:57<01:44,  6.99s/it]Fold 1:  85%|████████▌ | 85/100 [09:57<01:44,  6.99s/it][2025-05-09 16:38:11] INFO: [Rank 0] Epoch 86/100 - Loss: 0.0650, CE: 0.0515, smooth: 0.0903
Fold 1:  86%|████████▌ | 86/100 [10:04<01:37,  6.96s/it]Fold 1:  86%|████████▌ | 86/100 [10:04<01:37,  6.96s/it]Fold 1:  87%|████████▋ | 87/100 [10:11<01:30,  6.97s/it]Fold 1:  87%|████████▋ | 87/100 [10:11<01:30,  6.97s/it]Fold 1:  88%|████████▊ | 88/100 [10:18<01:23,  7.00s/it]Fold 1:  88%|████████▊ | 88/100 [10:18<01:24,  7.00s/it]Fold 1:  89%|████████▉ | 89/100 [10:25<01:16,  6.97s/it]Fold 1:  89%|████████▉ | 89/100 [10:25<01:16,  6.97s/it]Fold 1:  90%|█████████ | 90/100 [10:32<01:09,  6.98s/it]Fold 1:  90%|█████████ | 90/100 [10:32<01:10,  7.00s/it]Fold 1:  91%|█████████ | 91/100 [10:39<01:03,  7.02s/it][2025-05-09 16:38:46] INFO: [Rank 0] Epoch 91/100 - Loss: 0.0613, CE: 0.0489, smooth: 0.0824
Fold 1:  91%|█████████ | 91/100 [10:39<01:03,  7.02s/it]Fold 1:  92%|█████████▏| 92/100 [10:46<00:56,  7.01s/it]Fold 1:  92%|█████████▏| 92/100 [10:46<00:56,  7.02s/it]Fold 1:  93%|█████████▎| 93/100 [10:53<00:49,  7.02s/it]Fold 1:  93%|█████████▎| 93/100 [10:53<00:49,  7.02s/it]Fold 1:  94%|█████████▍| 94/100 [11:00<00:41,  6.98s/it]Fold 1:  94%|█████████▍| 94/100 [11:00<00:41,  6.99s/it]Fold 1:  95%|█████████▌| 95/100 [11:06<00:34,  6.96s/it]Fold 1:  95%|█████████▌| 95/100 [11:07<00:34,  6.97s/it]Fold 1:  96%|█████████▌| 96/100 [11:13<00:27,  6.98s/it][2025-05-09 16:39:21] INFO: [Rank 0] Epoch 96/100 - Loss: 0.0614, CE: 0.0492, smooth: 0.0813
Fold 1:  96%|█████████▌| 96/100 [11:14<00:27,  6.98s/it]Fold 1:  97%|█████████▋| 97/100 [11:20<00:20,  6.97s/it]Fold 1:  97%|█████████▋| 97/100 [11:20<00:20,  6.98s/it]Fold 1:  98%|█████████▊| 98/100 [11:27<00:13,  6.99s/it]Fold 1:  98%|█████████▊| 98/100 [11:28<00:13,  7.00s/it]Fold 1:  99%|█████████▉| 99/100 [11:34<00:06,  6.97s/it]Fold 1:  99%|█████████▉| 99/100 [11:34<00:06,  6.97s/it]Fold 1: 100%|██████████| 100/100 [11:41<00:00,  6.98s/it]                                                         Fold 1: 100%|██████████| 100/100 [11:41<00:00,  7.00s/it]                                                         Fold 2:   0%|          | 0/100 [00:00<?, ?it/s]Fold 2:   0%|          | 0/100 [00:00<?, ?it/s]Fold 2:   1%|          | 1/100 [00:06<11:09,  6.76s/it][2025-05-09 16:39:56] INFO: [Rank 0] Epoch 1/100 - Loss: 0.6437, CE: 0.2893, smooth: 2.3628
Fold 2:   1%|          | 1/100 [00:06<11:18,  6.85s/it]Fold 2:   2%|▏         | 2/100 [00:13<11:00,  6.74s/it]Fold 2:   2%|▏         | 2/100 [00:13<11:01,  6.75s/it]Fold 2:   3%|▎         | 3/100 [00:20<10:55,  6.76s/it]Fold 2:   3%|▎         | 3/100 [00:20<10:57,  6.78s/it]Fold 2:   4%|▍         | 4/100 [00:27<10:49,  6.77s/it]Fold 2:   4%|▍         | 4/100 [00:27<10:50,  6.77s/it]Fold 2:   5%|▌         | 5/100 [00:33<10:44,  6.78s/it]Fold 2:   5%|▌         | 5/100 [00:33<10:42,  6.76s/it]Fold 2:   6%|▌         | 6/100 [00:40<10:35,  6.76s/it][2025-05-09 16:40:30] INFO: [Rank 0] Epoch 6/100 - Loss: 0.1884, CE: 0.1621, smooth: 0.1754
Fold 2:   6%|▌         | 6/100 [00:40<10:34,  6.75s/it]Fold 2:   7%|▋         | 7/100 [00:47<10:24,  6.71s/it]Fold 2:   7%|▋         | 7/100 [00:47<10:25,  6.72s/it]Fold 2:   8%|▊         | 8/100 [00:53<10:16,  6.70s/it]Fold 2:   8%|▊         | 8/100 [00:53<10:16,  6.70s/it]Fold 2:   9%|▉         | 9/100 [01:00<10:07,  6.68s/it]Fold 2:   9%|▉         | 9/100 [01:00<10:09,  6.70s/it]Fold 2:  10%|█         | 10/100 [01:07<10:04,  6.72s/it]Fold 2:  10%|█         | 10/100 [01:07<10:04,  6.71s/it][2025-05-09 16:41:03] INFO: [Rank 0] Epoch 11/100 - Loss: 0.1671, CE: 0.1445, smooth: 0.1507
Fold 2:  11%|█         | 11/100 [01:14<09:57,  6.71s/it]Fold 2:  11%|█         | 11/100 [01:14<09:58,  6.73s/it]Fold 2:  12%|█▏        | 12/100 [01:20<09:51,  6.73s/it]Fold 2:  12%|█▏        | 12/100 [01:20<09:52,  6.73s/it]Fold 2:  13%|█▎        | 13/100 [01:27<09:46,  6.74s/it]Fold 2:  13%|█▎        | 13/100 [01:27<09:47,  6.75s/it]Fold 2:  14%|█▍        | 14/100 [01:34<09:40,  6.75s/it]Fold 2:  14%|█▍        | 14/100 [01:34<09:40,  6.75s/it]Fold 2:  15%|█▌        | 15/100 [01:41<09:32,  6.73s/it]Fold 2:  15%|█▌        | 15/100 [01:41<09:31,  6.72s/it]Fold 2:  16%|█▌        | 16/100 [01:47<09:26,  6.74s/it][2025-05-09 16:41:37] INFO: [Rank 0] Epoch 16/100 - Loss: 0.1151, CE: 0.0938, smooth: 0.1423
Fold 2:  16%|█▌        | 16/100 [01:47<09:27,  6.75s/it]Fold 2:  17%|█▋        | 17/100 [01:54<09:19,  6.75s/it]Fold 2:  17%|█▋        | 17/100 [01:54<09:21,  6.77s/it]Fold 2:  18%|█▊        | 18/100 [02:01<09:12,  6.74s/it]Fold 2:  18%|█▊        | 18/100 [02:01<09:13,  6.75s/it]Fold 2:  19%|█▉        | 19/100 [02:08<09:07,  6.75s/it]Fold 2:  19%|█▉        | 19/100 [02:08<09:07,  6.76s/it]Fold 2:  20%|██        | 20/100 [02:14<09:00,  6.76s/it]Fold 2:  20%|██        | 20/100 [02:14<09:00,  6.76s/it]Fold 2:  21%|██        | 21/100 [02:21<08:53,  6.75s/it][2025-05-09 16:42:11] INFO: [Rank 0] Epoch 21/100 - Loss: 0.1017, CE: 0.0835, smooth: 0.1208
Fold 2:  21%|██        | 21/100 [02:21<08:54,  6.77s/it]Fold 2:  22%|██▏       | 22/100 [02:28<08:47,  6.77s/it]Fold 2:  22%|██▏       | 22/100 [02:28<08:48,  6.77s/it]Fold 2:  23%|██▎       | 23/100 [02:35<08:42,  6.78s/it]Fold 2:  23%|██▎       | 23/100 [02:35<08:42,  6.78s/it]Fold 2:  24%|██▍       | 24/100 [02:41<08:34,  6.76s/it]Fold 2:  24%|██▍       | 24/100 [02:41<08:34,  6.78s/it]Fold 2:  25%|██▌       | 25/100 [02:48<08:27,  6.77s/it]Fold 2:  25%|██▌       | 25/100 [02:48<08:28,  6.78s/it]Fold 2:  26%|██▌       | 26/100 [02:55<08:21,  6.77s/it][2025-05-09 16:42:45] INFO: [Rank 0] Epoch 26/100 - Loss: 0.0934, CE: 0.0771, smooth: 0.1092
Fold 2:  26%|██▌       | 26/100 [02:55<08:21,  6.78s/it]Fold 2:  27%|██▋       | 27/100 [03:02<08:13,  6.76s/it]Fold 2:  27%|██▋       | 27/100 [03:02<08:14,  6.77s/it]Fold 2:  28%|██▊       | 28/100 [03:08<08:04,  6.73s/it]Fold 2:  28%|██▊       | 28/100 [03:08<08:04,  6.73s/it]Fold 2:  29%|██▉       | 29/100 [03:15<07:58,  6.74s/it]Fold 2:  29%|██▉       | 29/100 [03:15<07:58,  6.74s/it]Fold 2:  30%|███       | 30/100 [03:22<07:52,  6.75s/it]Fold 2:  30%|███       | 30/100 [03:22<07:53,  6.76s/it][2025-05-09 16:43:19] INFO: [Rank 0] Epoch 31/100 - Loss: 0.0970, CE: 0.0799, smooth: 0.1141
Fold 2:  31%|███       | 31/100 [03:29<07:46,  6.76s/it]Fold 2:  31%|███       | 31/100 [03:29<07:47,  6.77s/it]Fold 2:  32%|███▏      | 32/100 [03:36<07:39,  6.76s/it]Fold 2:  32%|███▏      | 32/100 [03:36<07:40,  6.77s/it]Fold 2:  33%|███▎      | 33/100 [03:42<07:32,  6.75s/it]Fold 2:  33%|███▎      | 33/100 [03:42<07:32,  6.76s/it]Fold 2:  34%|███▍      | 34/100 [03:49<07:23,  6.71s/it]Fold 2:  34%|███▍      | 34/100 [03:49<07:24,  6.73s/it]Fold 2:  35%|███▌      | 35/100 [03:56<07:15,  6.71s/it]Fold 2:  35%|███▌      | 35/100 [03:56<07:16,  6.71s/it]Fold 2:  36%|███▌      | 36/100 [04:02<07:07,  6.68s/it][2025-05-09 16:43:52] INFO: [Rank 0] Epoch 36/100 - Loss: 0.0865, CE: 0.0714, smooth: 0.1007
Fold 2:  36%|███▌      | 36/100 [04:02<07:07,  6.68s/it]Fold 2:  37%|███▋      | 37/100 [04:09<07:01,  6.70s/it]Fold 2:  37%|███▋      | 37/100 [04:09<07:01,  6.70s/it]Fold 2:  38%|███▊      | 38/100 [04:16<06:55,  6.71s/it]Fold 2:  38%|███▊      | 38/100 [04:16<06:55,  6.71s/it]Fold 2:  39%|███▉      | 39/100 [04:22<06:47,  6.68s/it]Fold 2:  39%|███▉      | 39/100 [04:22<06:48,  6.70s/it]Fold 2:  40%|████      | 40/100 [04:29<06:40,  6.68s/it]Fold 2:  40%|████      | 40/100 [04:29<06:41,  6.69s/it]Fold 2:  41%|████      | 41/100 [04:36<06:36,  6.72s/it][2025-05-09 16:44:26] INFO: [Rank 0] Epoch 41/100 - Loss: 0.1177, CE: 0.0973, smooth: 0.1360
Fold 2:  41%|████      | 41/100 [04:36<06:36,  6.72s/it]Fold 2:  42%|████▏     | 42/100 [04:42<06:28,  6.70s/it]Fold 2:  42%|████▏     | 42/100 [04:42<06:28,  6.70s/it]Fold 2:  43%|████▎     | 43/100 [04:49<06:22,  6.72s/it]Fold 2:  43%|████▎     | 43/100 [04:49<06:23,  6.72s/it]Fold 2:  44%|████▍     | 44/100 [04:56<06:14,  6.70s/it]Fold 2:  44%|████▍     | 44/100 [04:56<06:15,  6.71s/it]Fold 2:  45%|████▌     | 45/100 [05:03<06:09,  6.72s/it]Fold 2:  45%|████▌     | 45/100 [05:03<06:09,  6.72s/it]Fold 2:  46%|████▌     | 46/100 [05:09<06:03,  6.74s/it][2025-05-09 16:44:59] INFO: [Rank 0] Epoch 46/100 - Loss: 0.0781, CE: 0.0643, smooth: 0.0921
Fold 2:  46%|████▌     | 46/100 [05:09<06:04,  6.74s/it]Fold 2:  47%|████▋     | 47/100 [05:16<05:57,  6.74s/it]Fold 2:  47%|████▋     | 47/100 [05:16<05:57,  6.74s/it]Fold 2:  48%|████▊     | 48/100 [05:23<05:48,  6.70s/it]Fold 2:  48%|████▊     | 48/100 [05:23<05:48,  6.70s/it]Fold 2:  49%|████▉     | 49/100 [05:30<05:42,  6.72s/it]Fold 2:  49%|████▉     | 49/100 [05:30<05:42,  6.72s/it]Fold 2:  50%|█████     | 50/100 [05:36<05:36,  6.74s/it]Fold 2:  50%|█████     | 50/100 [05:36<05:36,  6.74s/it]Fold 2:  51%|█████     | 51/100 [05:43<05:28,  6.71s/it][2025-05-09 16:45:33] INFO: [Rank 0] Epoch 51/100 - Loss: 0.0780, CE: 0.0648, smooth: 0.0885
Fold 2:  51%|█████     | 51/100 [05:43<05:29,  6.72s/it]Fold 2:  52%|█████▏    | 52/100 [05:50<05:22,  6.71s/it]Fold 2:  52%|█████▏    | 52/100 [05:50<05:23,  6.73s/it]Fold 2:  53%|█████▎    | 53/100 [05:56<05:16,  6.74s/it]Fold 2:  53%|█████▎    | 53/100 [05:57<05:17,  6.75s/it]Fold 2:  54%|█████▍    | 54/100 [06:03<05:08,  6.71s/it]Fold 2:  54%|█████▍    | 54/100 [06:03<05:09,  6.73s/it]Fold 2:  55%|█████▌    | 55/100 [06:10<05:01,  6.70s/it]Fold 2:  55%|█████▌    | 55/100 [06:10<05:01,  6.70s/it]Fold 2:  56%|█████▌    | 56/100 [06:17<04:55,  6.72s/it][2025-05-09 16:46:06] INFO: [Rank 0] Epoch 56/100 - Loss: 0.0952, CE: 0.0777, smooth: 0.1164
Fold 2:  56%|█████▌    | 56/100 [06:17<04:55,  6.71s/it]Fold 2:  57%|█████▋    | 57/100 [06:23<04:49,  6.73s/it]Fold 2:  57%|█████▋    | 57/100 [06:23<04:49,  6.73s/it]Fold 2:  58%|█████▊    | 58/100 [06:30<04:42,  6.72s/it]Fold 2:  58%|█████▊    | 58/100 [06:30<04:42,  6.72s/it]Fold 2:  59%|█████▉    | 59/100 [06:37<04:35,  6.71s/it]Fold 2:  59%|█████▉    | 59/100 [06:37<04:35,  6.71s/it]Fold 2:  60%|██████    | 60/100 [06:43<04:28,  6.72s/it]Fold 2:  60%|██████    | 60/100 [06:43<04:28,  6.72s/it][2025-05-09 16:46:40] INFO: [Rank 0] Epoch 61/100 - Loss: 0.0743, CE: 0.0613, smooth: 0.0862
Fold 2:  61%|██████    | 61/100 [06:50<04:20,  6.69s/it]Fold 2:  61%|██████    | 61/100 [06:50<04:21,  6.70s/it]Fold 2:  62%|██████▏   | 62/100 [06:57<04:14,  6.70s/it]Fold 2:  62%|██████▏   | 62/100 [06:57<04:14,  6.71s/it]Fold 2:  63%|██████▎   | 63/100 [07:04<04:08,  6.71s/it]Fold 2:  63%|██████▎   | 63/100 [07:04<04:08,  6.71s/it]Fold 2:  64%|██████▍   | 64/100 [07:10<04:01,  6.72s/it]Fold 2:  64%|██████▍   | 64/100 [07:10<04:01,  6.72s/it]Fold 2:  65%|██████▌   | 65/100 [07:17<03:54,  6.71s/it]Fold 2:  65%|██████▌   | 65/100 [07:17<03:54,  6.71s/it]Fold 2:  66%|██████▌   | 66/100 [07:24<03:48,  6.72s/it][2025-05-09 16:47:13] INFO: [Rank 0] Epoch 66/100 - Loss: 0.0751, CE: 0.0621, smooth: 0.0863
Fold 2:  66%|██████▌   | 66/100 [07:24<03:48,  6.72s/it]Fold 2:  67%|██████▋   | 67/100 [07:30<03:41,  6.72s/it]Fold 2:  67%|██████▋   | 67/100 [07:30<03:41,  6.72s/it]Fold 2:  68%|██████▊   | 68/100 [07:37<03:35,  6.73s/it]Fold 2:  68%|██████▊   | 68/100 [07:37<03:35,  6.73s/it]Fold 2:  69%|██████▉   | 69/100 [07:44<03:29,  6.74s/it]Fold 2:  69%|██████▉   | 69/100 [07:44<03:29,  6.75s/it]Fold 2:  70%|███████   | 70/100 [07:51<03:22,  6.74s/it]Fold 2:  70%|███████   | 70/100 [07:51<03:22,  6.74s/it][2025-05-09 16:47:47] INFO: [Rank 0] Epoch 71/100 - Loss: 0.0842, CE: 0.0685, smooth: 0.1049
Fold 2:  71%|███████   | 71/100 [07:57<03:15,  6.75s/it]Fold 2:  71%|███████   | 71/100 [07:58<03:15,  6.75s/it]Fold 2:  72%|███████▏  | 72/100 [08:04<03:08,  6.74s/it]Fold 2:  72%|███████▏  | 72/100 [08:04<03:09,  6.75s/it]Fold 2:  73%|███████▎  | 73/100 [08:11<03:01,  6.72s/it]Fold 2:  73%|███████▎  | 73/100 [08:11<03:01,  6.72s/it]Fold 2:  74%|███████▍  | 74/100 [08:18<02:55,  6.73s/it]Fold 2:  74%|███████▍  | 74/100 [08:18<02:55,  6.73s/it]Fold 2:  75%|███████▌  | 75/100 [08:24<02:48,  6.74s/it]Fold 2:  75%|███████▌  | 75/100 [08:24<02:48,  6.74s/it]Fold 2:  76%|███████▌  | 76/100 [08:31<02:41,  6.73s/it][2025-05-09 16:48:21] INFO: [Rank 0] Epoch 76/100 - Loss: 0.0721, CE: 0.0591, smooth: 0.0867
Fold 2:  76%|███████▌  | 76/100 [08:31<02:41,  6.75s/it]Fold 2:  77%|███████▋  | 77/100 [08:38<02:35,  6.74s/it]Fold 2:  77%|███████▋  | 77/100 [08:38<02:35,  6.76s/it]Fold 2:  78%|███████▊  | 78/100 [08:45<02:27,  6.72s/it]Fold 2:  78%|███████▊  | 78/100 [08:45<02:27,  6.72s/it]Fold 2:  79%|███████▉  | 79/100 [08:51<02:21,  6.73s/it]Fold 2:  79%|███████▉  | 79/100 [08:51<02:21,  6.74s/it]Fold 2:  80%|████████  | 80/100 [08:58<02:14,  6.75s/it]Fold 2:  80%|████████  | 80/100 [08:58<02:15,  6.75s/it][2025-05-09 16:48:55] INFO: [Rank 0] Epoch 81/100 - Loss: 0.0724, CE: 0.0590, smooth: 0.0892
Fold 2:  81%|████████  | 81/100 [09:05<02:07,  6.72s/it]Fold 2:  81%|████████  | 81/100 [09:05<02:07,  6.73s/it]Fold 2:  82%|████████▏ | 82/100 [09:11<02:00,  6.70s/it]Fold 2:  82%|████████▏ | 82/100 [09:11<02:00,  6.71s/it]Fold 2:  83%|████████▎ | 83/100 [09:18<01:54,  6.72s/it]Fold 2:  83%|████████▎ | 83/100 [09:18<01:54,  6.72s/it]Fold 2:  84%|████████▍ | 84/100 [09:25<01:47,  6.72s/it]Fold 2:  84%|████████▍ | 84/100 [09:25<01:47,  6.73s/it]Fold 2:  85%|████████▌ | 85/100 [09:32<01:40,  6.72s/it]Fold 2:  85%|████████▌ | 85/100 [09:32<01:40,  6.73s/it]Fold 2:  86%|████████▌ | 86/100 [09:38<01:33,  6.70s/it][2025-05-09 16:49:28] INFO: [Rank 0] Epoch 86/100 - Loss: 0.0711, CE: 0.0585, smooth: 0.0843
Fold 2:  86%|████████▌ | 86/100 [09:38<01:33,  6.71s/it]Fold 2:  87%|████████▋ | 87/100 [09:45<01:27,  6.73s/it]Fold 2:  87%|████████▋ | 87/100 [09:45<01:27,  6.72s/it]Fold 2:  88%|████████▊ | 88/100 [09:52<01:20,  6.69s/it]Fold 2:  88%|████████▊ | 88/100 [09:52<01:20,  6.70s/it]Fold 2:  89%|████████▉ | 89/100 [09:58<01:13,  6.72s/it]Fold 2:  89%|████████▉ | 89/100 [09:59<01:13,  6.72s/it]Fold 2:  90%|█████████ | 90/100 [10:05<01:07,  6.74s/it]Fold 2:  90%|█████████ | 90/100 [10:05<01:07,  6.75s/it][2025-05-09 16:50:02] INFO: [Rank 0] Epoch 91/100 - Loss: 0.0727, CE: 0.0597, smooth: 0.0861
Fold 2:  91%|█████████ | 91/100 [10:12<01:00,  6.76s/it]Fold 2:  91%|█████████ | 91/100 [10:12<01:00,  6.76s/it]Fold 2:  92%|█████████▏| 92/100 [10:19<00:53,  6.73s/it]Fold 2:  92%|█████████▏| 92/100 [10:19<00:53,  6.73s/it]Fold 2:  93%|█████████▎| 93/100 [10:26<00:47,  6.74s/it]Fold 2:  93%|█████████▎| 93/100 [10:26<00:47,  6.74s/it]Fold 2:  94%|█████████▍| 94/100 [10:32<00:40,  6.72s/it]Fold 2:  94%|█████████▍| 94/100 [10:32<00:40,  6.73s/it]Fold 2:  95%|█████████▌| 95/100 [10:39<00:33,  6.69s/it]Fold 2:  95%|█████████▌| 95/100 [10:39<00:33,  6.69s/it][2025-05-09 16:50:35] INFO: [Rank 0] Epoch 96/100 - Loss: 0.0795, CE: 0.0617, smooth: 0.1188
Fold 2:  96%|█████████▌| 96/100 [10:46<00:26,  6.71s/it]Fold 2:  96%|█████████▌| 96/100 [10:46<00:26,  6.71s/it]Fold 2:  97%|█████████▋| 97/100 [10:52<00:20,  6.69s/it]Fold 2:  97%|█████████▋| 97/100 [10:52<00:20,  6.69s/it]Fold 2:  98%|█████████▊| 98/100 [10:59<00:13,  6.70s/it]Fold 2:  98%|█████████▊| 98/100 [10:59<00:13,  6.71s/it]Fold 2:  99%|█████████▉| 99/100 [11:06<00:06,  6.69s/it]Fold 2:  99%|█████████▉| 99/100 [11:06<00:06,  6.69s/it]Fold 2: 100%|██████████| 100/100 [11:12<00:00,  6.70s/it]                                                         Fold 2: 100%|██████████| 100/100 [11:12<00:00,  6.70s/it]                                                         Fold 3:   0%|          | 0/100 [00:00<?, ?it/s]Fold 3:   0%|          | 0/100 [00:00<?, ?it/s]Fold 3:   1%|          | 1/100 [00:06<11:27,  6.95s/it][2025-05-09 16:51:09] INFO: [Rank 0] Epoch 1/100 - Loss: 0.6976, CE: 0.2886, smooth: 2.7267
Fold 3:   1%|          | 1/100 [00:07<11:37,  7.05s/it]Fold 3:   2%|▏         | 2/100 [00:13<11:20,  6.95s/it]Fold 3:   2%|▏         | 2/100 [00:13<11:21,  6.95s/it]Fold 3:   3%|▎         | 3/100 [00:20<11:11,  6.92s/it]Fold 3:   3%|▎         | 3/100 [00:20<11:13,  6.94s/it]Fold 3:   4%|▍         | 4/100 [00:27<11:03,  6.91s/it]Fold 3:   4%|▍         | 4/100 [00:27<11:03,  6.91s/it]Fold 3:   5%|▌         | 5/100 [00:34<10:55,  6.90s/it]Fold 3:   5%|▌         | 5/100 [00:34<10:54,  6.89s/it]Fold 3:   6%|▌         | 6/100 [00:41<10:51,  6.93s/it][2025-05-09 16:51:44] INFO: [Rank 0] Epoch 6/100 - Loss: 0.2222, CE: 0.1890, smooth: 0.2215
Fold 3:   6%|▌         | 6/100 [00:41<10:50,  6.92s/it]Fold 3:   7%|▋         | 7/100 [00:48<10:43,  6.92s/it]Fold 3:   7%|▋         | 7/100 [00:48<10:43,  6.92s/it]Fold 3:   8%|▊         | 8/100 [00:55<10:39,  6.95s/it]Fold 3:   8%|▊         | 8/100 [00:55<10:38,  6.94s/it]Fold 3:   9%|▉         | 9/100 [01:02<10:33,  6.96s/it]Fold 3:   9%|▉         | 9/100 [01:02<10:34,  6.97s/it]Fold 3:  10%|█         | 10/100 [01:09<10:23,  6.93s/it]Fold 3:  10%|█         | 10/100 [01:09<10:23,  6.92s/it]Fold 3:  11%|█         | 11/100 [01:16<10:18,  6.95s/it][2025-05-09 16:52:19] INFO: [Rank 0] Epoch 11/100 - Loss: 0.1366, CE: 0.1119, smooth: 0.1650
Fold 3:  11%|█         | 11/100 [01:16<10:20,  6.97s/it]Fold 3:  12%|█▏        | 12/100 [01:23<10:14,  6.98s/it]Fold 3:  12%|█▏        | 12/100 [01:23<10:14,  6.98s/it]Fold 3:  13%|█▎        | 13/100 [01:30<10:09,  7.00s/it]Fold 3:  13%|█▎        | 13/100 [01:30<10:09,  7.00s/it]Fold 3:  14%|█▍        | 14/100 [01:37<09:59,  6.98s/it]Fold 3:  14%|█▍        | 14/100 [01:37<09:59,  6.97s/it]Fold 3:  15%|█▌        | 15/100 [01:44<09:50,  6.95s/it]Fold 3:  15%|█▌        | 15/100 [01:44<09:49,  6.94s/it]Fold 3:  16%|█▌        | 16/100 [01:51<09:45,  6.96s/it][2025-05-09 16:52:53] INFO: [Rank 0] Epoch 16/100 - Loss: 0.1153, CE: 0.0951, smooth: 0.1344
Fold 3:  16%|█▌        | 16/100 [01:51<09:45,  6.97s/it]Fold 3:  17%|█▋        | 17/100 [01:58<09:36,  6.94s/it]Fold 3:  17%|█▋        | 17/100 [01:58<09:35,  6.93s/it]Fold 3:  18%|█▊        | 18/100 [02:04<09:27,  6.92s/it]Fold 3:  18%|█▊        | 18/100 [02:05<09:28,  6.93s/it]Fold 3:  19%|█▉        | 19/100 [02:11<09:23,  6.95s/it]Fold 3:  19%|█▉        | 19/100 [02:12<09:22,  6.95s/it]Fold 3:  20%|██        | 20/100 [02:19<09:16,  6.96s/it]Fold 3:  20%|██        | 20/100 [02:19<09:17,  6.97s/it][2025-05-09 16:53:28] INFO: [Rank 0] Epoch 21/100 - Loss: 0.1002, CE: 0.0820, smooth: 0.1213
Fold 3:  21%|██        | 21/100 [02:25<09:08,  6.94s/it]Fold 3:  21%|██        | 21/100 [02:25<09:08,  6.94s/it]Fold 3:  22%|██▏       | 22/100 [02:32<09:02,  6.96s/it]Fold 3:  22%|██▏       | 22/100 [02:32<09:03,  6.97s/it]Fold 3:  23%|██▎       | 23/100 [02:39<08:57,  6.98s/it]Fold 3:  23%|██▎       | 23/100 [02:39<08:57,  6.98s/it]Fold 3:  24%|██▍       | 24/100 [02:46<08:50,  6.98s/it]Fold 3:  24%|██▍       | 24/100 [02:46<08:51,  6.99s/it]Fold 3:  25%|██▌       | 25/100 [02:53<08:44,  7.00s/it]Fold 3:  25%|██▌       | 25/100 [02:53<08:44,  7.00s/it]Fold 3:  26%|██▌       | 26/100 [03:00<08:37,  7.00s/it][2025-05-09 16:54:03] INFO: [Rank 0] Epoch 26/100 - Loss: 0.0968, CE: 0.0787, smooth: 0.1208
Fold 3:  26%|██▌       | 26/100 [03:00<08:37,  7.00s/it]Fold 3:  27%|██▋       | 27/100 [03:07<08:28,  6.97s/it]Fold 3:  27%|██▋       | 27/100 [03:07<08:29,  6.98s/it]Fold 3:  28%|██▊       | 28/100 [03:14<08:20,  6.95s/it]Fold 3:  28%|██▊       | 28/100 [03:14<08:20,  6.95s/it]Fold 3:  29%|██▉       | 29/100 [03:21<08:11,  6.93s/it]Fold 3:  29%|██▉       | 29/100 [03:21<08:12,  6.93s/it]Fold 3:  30%|███       | 30/100 [03:28<08:03,  6.91s/it]Fold 3:  30%|███       | 30/100 [03:28<08:03,  6.91s/it]Fold 3:  31%|███       | 31/100 [03:35<07:57,  6.93s/it][2025-05-09 16:54:38] INFO: [Rank 0] Epoch 31/100 - Loss: 0.0943, CE: 0.0766, smooth: 0.1177
Fold 3:  31%|███       | 31/100 [03:35<07:57,  6.93s/it]Fold 3:  32%|███▏      | 32/100 [03:42<07:52,  6.94s/it]Fold 3:  32%|███▏      | 32/100 [03:42<07:52,  6.94s/it]Fold 3:  33%|███▎      | 33/100 [03:49<07:45,  6.95s/it]Fold 3:  33%|███▎      | 33/100 [03:49<07:45,  6.95s/it]Fold 3:  34%|███▍      | 34/100 [03:56<07:39,  6.96s/it]Fold 3:  34%|███▍      | 34/100 [03:56<07:40,  6.98s/it]Fold 3:  35%|███▌      | 35/100 [04:03<07:31,  6.95s/it]Fold 3:  35%|███▌      | 35/100 [04:03<07:31,  6.95s/it]Fold 3:  36%|███▌      | 36/100 [04:10<07:25,  6.96s/it][2025-05-09 16:55:12] INFO: [Rank 0] Epoch 36/100 - Loss: 0.0803, CE: 0.0654, smooth: 0.0993
Fold 3:  36%|███▌      | 36/100 [04:10<07:26,  6.97s/it]Fold 3:  37%|███▋      | 37/100 [04:17<07:16,  6.93s/it]Fold 3:  37%|███▋      | 37/100 [04:17<07:17,  6.94s/it]Fold 3:  38%|███▊      | 38/100 [04:24<07:11,  6.96s/it]Fold 3:  38%|███▊      | 38/100 [04:24<07:11,  6.96s/it]Fold 3:  39%|███▉      | 39/100 [04:31<07:04,  6.97s/it]Fold 3:  39%|███▉      | 39/100 [04:31<07:05,  6.97s/it]Fold 3:  40%|████      | 40/100 [04:38<06:58,  6.98s/it]Fold 3:  40%|████      | 40/100 [04:38<06:58,  6.98s/it][2025-05-09 16:55:47] INFO: [Rank 0] Epoch 41/100 - Loss: 0.0942, CE: 0.0766, smooth: 0.1173
Fold 3:  41%|████      | 41/100 [04:45<06:51,  6.98s/it]Fold 3:  41%|████      | 41/100 [04:45<06:52,  6.98s/it]Fold 3:  42%|████▏     | 42/100 [04:52<06:44,  6.98s/it]Fold 3:  42%|████▏     | 42/100 [04:52<06:45,  6.99s/it]Fold 3:  43%|████▎     | 43/100 [04:59<06:37,  6.98s/it]Fold 3:  43%|████▎     | 43/100 [04:59<06:38,  6.98s/it]Fold 3:  44%|████▍     | 44/100 [05:06<06:30,  6.98s/it]Fold 3:  44%|████▍     | 44/100 [05:06<06:31,  7.00s/it]Fold 3:  45%|████▌     | 45/100 [05:13<06:23,  6.97s/it]Fold 3:  45%|████▌     | 45/100 [05:13<06:23,  6.98s/it]Fold 3:  46%|████▌     | 46/100 [05:20<06:17,  6.99s/it][2025-05-09 16:56:22] INFO: [Rank 0] Epoch 46/100 - Loss: 0.0829, CE: 0.0664, smooth: 0.1098
Fold 3:  46%|████▌     | 46/100 [05:20<06:17,  6.99s/it]Fold 3:  47%|████▋     | 47/100 [05:27<06:08,  6.96s/it]Fold 3:  47%|████▋     | 47/100 [05:27<06:08,  6.96s/it]Fold 3:  48%|████▊     | 48/100 [05:34<06:02,  6.97s/it]Fold 3:  48%|████▊     | 48/100 [05:34<06:02,  6.97s/it]Fold 3:  49%|████▉     | 49/100 [05:41<05:55,  6.98s/it]Fold 3:  49%|████▉     | 49/100 [05:41<05:56,  6.99s/it]Fold 3:  50%|█████     | 50/100 [05:48<05:49,  6.99s/it]Fold 3:  50%|█████     | 50/100 [05:48<05:49,  7.00s/it]Fold 3:  51%|█████     | 51/100 [05:54<05:41,  6.96s/it][2025-05-09 16:56:57] INFO: [Rank 0] Epoch 51/100 - Loss: 0.0771, CE: 0.0630, smooth: 0.0944
Fold 3:  51%|█████     | 51/100 [05:54<05:41,  6.96s/it]Fold 3:  52%|█████▏    | 52/100 [06:01<05:33,  6.96s/it]Fold 3:  52%|█████▏    | 52/100 [06:01<05:35,  6.98s/it]Fold 3:  53%|█████▎    | 53/100 [06:08<05:27,  6.97s/it]Fold 3:  53%|█████▎    | 53/100 [06:08<05:28,  6.99s/it]Fold 3:  54%|█████▍    | 54/100 [06:15<05:20,  6.97s/it]Fold 3:  54%|█████▍    | 54/100 [06:15<05:20,  6.97s/it]Fold 3:  55%|█████▌    | 55/100 [06:22<05:12,  6.94s/it]Fold 3:  55%|█████▌    | 55/100 [06:22<05:12,  6.95s/it]Fold 3:  56%|█████▌    | 56/100 [06:29<05:05,  6.93s/it][2025-05-09 16:57:32] INFO: [Rank 0] Epoch 56/100 - Loss: 0.0796, CE: 0.0635, smooth: 0.1070
Fold 3:  56%|█████▌    | 56/100 [06:29<05:04,  6.93s/it]Fold 3:  57%|█████▋    | 57/100 [06:36<04:58,  6.95s/it]Fold 3:  57%|█████▋    | 57/100 [06:36<04:58,  6.95s/it]Fold 3:  58%|█████▊    | 58/100 [06:43<04:52,  6.96s/it]Fold 3:  58%|█████▊    | 58/100 [06:43<04:52,  6.96s/it]Fold 3:  59%|█████▉    | 59/100 [06:50<04:45,  6.96s/it]Fold 3:  59%|█████▉    | 59/100 [06:50<04:45,  6.96s/it]Fold 3:  60%|██████    | 60/100 [06:57<04:37,  6.94s/it]Fold 3:  60%|██████    | 60/100 [06:57<04:37,  6.94s/it][2025-05-09 16:58:06] INFO: [Rank 0] Epoch 61/100 - Loss: 0.0776, CE: 0.0629, smooth: 0.0980
Fold 3:  61%|██████    | 61/100 [07:04<04:29,  6.90s/it]Fold 3:  61%|██████    | 61/100 [07:04<04:29,  6.90s/it]Fold 3:  62%|██████▏   | 62/100 [07:11<04:21,  6.87s/it]Fold 3:  62%|██████▏   | 62/100 [07:11<04:21,  6.88s/it]Fold 3:  63%|██████▎   | 63/100 [07:17<04:14,  6.87s/it]Fold 3:  63%|██████▎   | 63/100 [07:18<04:14,  6.89s/it]Fold 3:  64%|██████▍   | 64/100 [07:25<04:09,  6.92s/it]Fold 3:  64%|██████▍   | 64/100 [07:25<04:09,  6.93s/it]Fold 3:  65%|██████▌   | 65/100 [07:31<04:02,  6.94s/it]Fold 3:  65%|██████▌   | 65/100 [07:32<04:02,  6.94s/it][2025-05-09 16:58:41] INFO: [Rank 0] Epoch 66/100 - Loss: 0.0847, CE: 0.0690, smooth: 0.1047
Fold 3:  66%|██████▌   | 66/100 [07:38<03:55,  6.93s/it]Fold 3:  66%|██████▌   | 66/100 [07:38<03:55,  6.94s/it]Fold 3:  67%|██████▋   | 67/100 [07:45<03:48,  6.94s/it]Fold 3:  67%|██████▋   | 67/100 [07:45<03:48,  6.94s/it]Fold 3:  68%|██████▊   | 68/100 [07:52<03:42,  6.94s/it]Fold 3:  68%|██████▊   | 68/100 [07:52<03:42,  6.94s/it]Fold 3:  69%|██████▉   | 69/100 [07:59<03:34,  6.92s/it]Fold 3:  69%|██████▉   | 69/100 [07:59<03:34,  6.92s/it]Fold 3:  70%|███████   | 70/100 [08:06<03:28,  6.94s/it]Fold 3:  70%|███████   | 70/100 [08:06<03:28,  6.95s/it]Fold 3:  71%|███████   | 71/100 [08:13<03:20,  6.93s/it][2025-05-09 16:59:16] INFO: [Rank 0] Epoch 71/100 - Loss: 0.0684, CE: 0.0553, smooth: 0.0871
Fold 3:  71%|███████   | 71/100 [08:13<03:20,  6.93s/it]Fold 3:  72%|███████▏  | 72/100 [08:20<03:14,  6.95s/it]Fold 3:  72%|███████▏  | 72/100 [08:20<03:14,  6.96s/it]Fold 3:  73%|███████▎  | 73/100 [08:27<03:08,  6.97s/it]Fold 3:  73%|███████▎  | 73/100 [08:27<03:08,  6.98s/it]Fold 3:  74%|███████▍  | 74/100 [08:34<03:00,  6.95s/it]Fold 3:  74%|███████▍  | 74/100 [08:34<03:00,  6.96s/it]Fold 3:  75%|███████▌  | 75/100 [08:41<02:54,  6.97s/it]Fold 3:  75%|███████▌  | 75/100 [08:41<02:54,  6.98s/it]Fold 3:  76%|███████▌  | 76/100 [08:48<02:47,  6.99s/it][2025-05-09 16:59:51] INFO: [Rank 0] Epoch 76/100 - Loss: 0.0698, CE: 0.0561, smooth: 0.0915
Fold 3:  76%|███████▌  | 76/100 [08:48<02:47,  6.99s/it]Fold 3:  77%|███████▋  | 77/100 [08:55<02:39,  6.95s/it]Fold 3:  77%|███████▋  | 77/100 [08:55<02:39,  6.95s/it]Fold 3:  78%|███████▊  | 78/100 [09:02<02:32,  6.93s/it]Fold 3:  78%|███████▊  | 78/100 [09:02<02:32,  6.94s/it]Fold 3:  79%|███████▉  | 79/100 [09:09<02:25,  6.95s/it]Fold 3:  79%|███████▉  | 79/100 [09:09<02:26,  6.96s/it]Fold 3:  80%|████████  | 80/100 [09:16<02:18,  6.94s/it]Fold 3:  80%|████████  | 80/100 [09:16<02:18,  6.95s/it][2025-05-09 17:00:25] INFO: [Rank 0] Epoch 81/100 - Loss: 0.0668, CE: 0.0536, smooth: 0.0881
