Fold 7:  51%|█████     | 51/100 [05:58<05:44,  7.03s/it]Fold 7:  52%|█████▏    | 52/100 [06:05<05:37,  7.03s/it]Fold 7:  52%|█████▏    | 52/100 [06:05<05:37,  7.04s/it]Fold 7:  53%|█████▎    | 53/100 [06:12<05:30,  7.04s/it]Fold 7:  53%|█████▎    | 53/100 [06:12<05:30,  7.03s/it]Fold 7:  54%|█████▍    | 54/100 [06:19<05:21,  6.99s/it]Fold 7:  54%|█████▍    | 54/100 [06:19<05:21,  7.00s/it]Fold 7:  55%|█████▌    | 55/100 [06:26<05:15,  7.02s/it]Fold 7:  55%|█████▌    | 55/100 [06:26<05:15,  7.02s/it]Fold 7:  56%|█████▌    | 56/100 [06:33<05:09,  7.03s/it][2025-05-09 17:43:12] INFO: [Rank 0] Epoch 56/100 - Loss: 0.0773, CE: 0.0628, smooth: 0.0968
Fold 7:  56%|█████▌    | 56/100 [06:33<05:09,  7.03s/it]Fold 7:  57%|█████▋    | 57/100 [06:40<05:01,  7.00s/it]Fold 7:  57%|█████▋    | 57/100 [06:40<05:01,  7.02s/it]Fold 7:  58%|█████▊    | 58/100 [06:47<04:55,  7.02s/it]Fold 7:  58%|█████▊    | 58/100 [06:47<04:55,  7.03s/it]Fold 7:  59%|█████▉    | 59/100 [06:54<04:47,  7.01s/it]Fold 7:  59%|█████▉    | 59/100 [06:54<04:47,  7.02s/it]Fold 7:  60%|██████    | 60/100 [07:01<04:41,  7.04s/it]Fold 7:  60%|██████    | 60/100 [07:01<04:41,  7.04s/it]Fold 7:  61%|██████    | 61/100 [07:08<04:32,  7.00s/it][2025-05-09 17:43:47] INFO: [Rank 0] Epoch 61/100 - Loss: 0.0853, CE: 0.0684, smooth: 0.1128
Fold 7:  61%|██████    | 61/100 [07:08<04:33,  7.00s/it]Fold 7:  62%|██████▏   | 62/100 [07:15<04:25,  6.99s/it]Fold 7:  62%|██████▏   | 62/100 [07:15<04:26,  7.00s/it]Fold 7:  63%|██████▎   | 63/100 [07:22<04:20,  7.05s/it]Fold 7:  63%|██████▎   | 63/100 [07:22<04:20,  7.05s/it]Fold 7:  64%|██████▍   | 64/100 [07:29<04:13,  7.05s/it]Fold 7:  64%|██████▍   | 64/100 [07:30<04:14,  7.07s/it]Fold 7:  65%|██████▌   | 65/100 [07:36<04:06,  7.03s/it]Fold 7:  65%|██████▌   | 65/100 [07:37<04:06,  7.04s/it][2025-05-09 17:44:22] INFO: [Rank 0] Epoch 66/100 - Loss: 0.0958, CE: 0.0732, smooth: 0.1510
Fold 7:  66%|██████▌   | 66/100 [07:44<03:59,  7.04s/it]Fold 7:  66%|██████▌   | 66/100 [07:44<03:59,  7.06s/it]Fold 7:  67%|██████▋   | 67/100 [07:51<03:51,  7.02s/it]Fold 7:  67%|██████▋   | 67/100 [07:51<03:51,  7.02s/it]Fold 7:  68%|██████▊   | 68/100 [07:57<03:43,  7.00s/it]Fold 7:  68%|██████▊   | 68/100 [07:57<03:44,  7.00s/it]Fold 7:  69%|██████▉   | 69/100 [08:04<03:36,  6.99s/it]Fold 7:  69%|██████▉   | 69/100 [08:04<03:36,  6.99s/it]Fold 7:  70%|███████   | 70/100 [08:12<03:30,  7.03s/it]Fold 7:  70%|███████   | 70/100 [08:12<03:31,  7.04s/it]Fold 7:  71%|███████   | 71/100 [08:19<03:23,  7.00s/it][2025-05-09 17:44:57] INFO: [Rank 0] Epoch 71/100 - Loss: 0.0721, CE: 0.0581, smooth: 0.0929
Fold 7:  71%|███████   | 71/100 [08:19<03:23,  7.00s/it]Fold 7:  72%|███████▏  | 72/100 [08:25<03:15,  6.97s/it]Fold 7:  72%|███████▏  | 72/100 [08:25<03:15,  6.98s/it]Fold 7:  73%|███████▎  | 73/100 [08:32<03:08,  7.00s/it]Fold 7:  73%|███████▎  | 73/100 [08:32<03:08,  6.99s/it]Fold 7:  74%|███████▍  | 74/100 [08:40<03:02,  7.01s/it]Fold 7:  74%|███████▍  | 74/100 [08:40<03:02,  7.02s/it]Fold 7:  75%|███████▌  | 75/100 [08:47<02:55,  7.02s/it]Fold 7:  75%|███████▌  | 75/100 [08:47<02:55,  7.03s/it][2025-05-09 17:45:32] INFO: [Rank 0] Epoch 76/100 - Loss: 0.0716, CE: 0.0575, smooth: 0.0935
Fold 7:  76%|███████▌  | 76/100 [08:54<02:48,  7.04s/it]Fold 7:  76%|███████▌  | 76/100 [08:54<02:48,  7.04s/it]Fold 7:  77%|███████▋  | 77/100 [09:01<02:41,  7.01s/it]Fold 7:  77%|███████▋  | 77/100 [09:01<02:41,  7.02s/it]Fold 7:  78%|███████▊  | 78/100 [09:08<02:34,  7.03s/it]Fold 7:  78%|███████▊  | 78/100 [09:08<02:34,  7.04s/it]Fold 7:  79%|███████▉  | 79/100 [09:15<02:27,  7.03s/it]Fold 7:  79%|███████▉  | 79/100 [09:15<02:27,  7.03s/it]Fold 7:  80%|████████  | 80/100 [09:22<02:20,  7.02s/it]Fold 7:  80%|████████  | 80/100 [09:22<02:20,  7.03s/it][2025-05-09 17:46:08] INFO: [Rank 0] Epoch 81/100 - Loss: 0.0711, CE: 0.0578, smooth: 0.0887
Fold 7:  81%|████████  | 81/100 [09:29<02:13,  7.03s/it]Fold 7:  81%|████████  | 81/100 [09:29<02:13,  7.03s/it]Fold 7:  82%|████████▏ | 82/100 [09:36<02:06,  7.00s/it]Fold 7:  82%|████████▏ | 82/100 [09:36<02:06,  7.01s/it]Fold 7:  83%|████████▎ | 83/100 [09:43<01:59,  7.02s/it]Fold 7:  83%|████████▎ | 83/100 [09:43<01:59,  7.02s/it]Fold 7:  84%|████████▍ | 84/100 [09:50<01:51,  6.99s/it]Fold 7:  84%|████████▍ | 84/100 [09:50<01:51,  6.99s/it]Fold 7:  85%|████████▌ | 85/100 [09:57<01:45,  7.01s/it]Fold 7:  85%|████████▌ | 85/100 [09:57<01:45,  7.01s/it][2025-05-09 17:46:43] INFO: [Rank 0] Epoch 86/100 - Loss: 0.0725, CE: 0.0587, smooth: 0.0925
Fold 7:  86%|████████▌ | 86/100 [10:04<01:38,  7.01s/it]Fold 7:  86%|████████▌ | 86/100 [10:04<01:38,  7.02s/it]Fold 7:  87%|████████▋ | 87/100 [10:11<01:30,  6.99s/it]Fold 7:  87%|████████▋ | 87/100 [10:11<01:30,  7.00s/it]Fold 7:  88%|████████▊ | 88/100 [10:18<01:24,  7.03s/it]Fold 7:  88%|████████▊ | 88/100 [10:18<01:24,  7.03s/it]Fold 7:  89%|████████▉ | 89/100 [10:25<01:17,  7.01s/it]Fold 7:  89%|████████▉ | 89/100 [10:25<01:17,  7.01s/it]Fold 7:  90%|█████████ | 90/100 [10:32<01:10,  7.01s/it]Fold 7:  90%|█████████ | 90/100 [10:32<01:10,  7.01s/it]Fold 7:  91%|█████████ | 91/100 [10:39<01:03,  7.01s/it][2025-05-09 17:47:18] INFO: [Rank 0] Epoch 91/100 - Loss: 0.0665, CE: 0.0533, smooth: 0.0880
Fold 7:  91%|█████████ | 91/100 [10:39<01:03,  7.04s/it]Fold 7:  92%|█████████▏| 92/100 [10:46<00:56,  7.03s/it]Fold 7:  92%|█████████▏| 92/100 [10:46<00:56,  7.04s/it]Fold 7:  93%|█████████▎| 93/100 [10:53<00:49,  7.05s/it]Fold 7:  93%|█████████▎| 93/100 [10:53<00:49,  7.05s/it]Fold 7:  94%|█████████▍| 94/100 [11:00<00:42,  7.13s/it]Fold 7:  94%|█████████▍| 94/100 [11:00<00:42,  7.13s/it]Fold 7:  95%|█████████▌| 95/100 [11:08<00:36,  7.24s/it]Fold 7:  95%|█████████▌| 95/100 [11:08<00:36,  7.25s/it]Fold 7:  96%|█████████▌| 96/100 [11:15<00:28,  7.23s/it][2025-05-09 17:47:54] INFO: [Rank 0] Epoch 96/100 - Loss: 0.0645, CE: 0.0520, smooth: 0.0830
Fold 7:  96%|█████████▌| 96/100 [11:15<00:28,  7.24s/it]Fold 7:  97%|█████████▋| 97/100 [11:22<00:21,  7.23s/it]Fold 7:  97%|█████████▋| 97/100 [11:22<00:21,  7.23s/it]Fold 7:  98%|█████████▊| 98/100 [11:29<00:14,  7.18s/it]Fold 7:  98%|█████████▊| 98/100 [11:29<00:14,  7.17s/it]Fold 7:  99%|█████████▉| 99/100 [11:37<00:07,  7.30s/it]Fold 7:  99%|█████████▉| 99/100 [11:37<00:07,  7.31s/it]Fold 7: 100%|██████████| 100/100 [11:44<00:00,  7.22s/it]                                                         Fold 7: 100%|██████████| 100/100 [11:44<00:00,  7.22s/it]                                                         s16g15:1039717:1039771 [1] NCCL INFO [Service thread] Connection closed by localRank 1
[2025-05-09 17:48:23] INFO: Training statistics saved to result/FDI_BOTH_MSTCN_KL_1/training_stats.npy
[2025-05-09 17:48:23] INFO: Training completed in 1:20:39.511516
[2025-05-09 17:48:23] INFO: Configuration saved to result/FDI_BOTH_MSTCN_KL_1/training_config.json
s16g15:1039716:1039770 [0] NCCL INFO [Service thread] Connection closed by localRank 0
s16g15:1039717:1142424 [1] NCCL INFO comm 0x58ed0c80 rank 1 nranks 2 cudaDev 1 busId 46000 - Abort COMPLETE
s16g15:1039716:1142425 [0] NCCL INFO comm 0x150582a0 rank 0 nranks 2 cudaDev 0 busId 26000 - Abort COMPLETE

--- Running with smoothing: JS ---

W0509 17:48:34.087000 1142426 /vsc-hard-mounts/leuven-data/370/vsc37097/miniconda3/envs/torch/lib/python3.10/site-packages/torch/distributed/run.py:793] 
W0509 17:48:34.087000 1142426 /vsc-hard-mounts/leuven-data/370/vsc37097/miniconda3/envs/torch/lib/python3.10/site-packages/torch/distributed/run.py:793] *****************************************
W0509 17:48:34.087000 1142426 /vsc-hard-mounts/leuven-data/370/vsc37097/miniconda3/envs/torch/lib/python3.10/site-packages/torch/distributed/run.py:793] Setting OMP_NUM_THREADS environment variable for each process to be 1 in default, to avoid your system being overloaded, please further tune the variable for optimal performance in your application as needed. 
W0509 17:48:34.087000 1142426 /vsc-hard-mounts/leuven-data/370/vsc37097/miniconda3/envs/torch/lib/python3.10/site-packages/torch/distributed/run.py:793] *****************************************
[2025-05-09 17:48:49] INFO: [Rank 0] Using device: cuda:0
[2025-05-09 17:48:49] INFO: Training started at: 2025-05-09 17:48:49.483781
s16g15:1142462:1142462 [0] NCCL INFO Bootstrap : Using ib0:172.23.4.215<0>
s16g15:1142462:1142462 [0] NCCL INFO NET/Plugin: No plugin found (libnccl-net.so)
s16g15:1142462:1142462 [0] NCCL INFO NET/Plugin: Plugin load returned 2 : libnccl-net.so: cannot open shared object file: No such file or directory : when loading libnccl-net.so
s16g15:1142462:1142462 [0] NCCL INFO NET/Plugin: Using internal network plugin.
s16g15:1142462:1142462 [0] NCCL INFO cudaDriverVersion 12000
NCCL version 2.21.5+cuda12.4
s16g15:1142462:1142504 [0] NCCL INFO NET/IB : Using [0]={[0] mlx5_0:1/IB, [1] mlx5_1:1/IB} [RO]; OOB ib0:172.23.4.215<0>
s16g15:1142462:1142504 [0] NCCL INFO Using non-device net plugin version 0
s16g15:1142462:1142504 [0] NCCL INFO Using network IB
s16g15:1142463:1142463 [1] NCCL INFO cudaDriverVersion 12000
s16g15:1142463:1142463 [1] NCCL INFO Bootstrap : Using ib0:172.23.4.215<0>
s16g15:1142463:1142463 [1] NCCL INFO NET/Plugin: No plugin found (libnccl-net.so)
s16g15:1142463:1142463 [1] NCCL INFO NET/Plugin: Plugin load returned 2 : libnccl-net.so: cannot open shared object file: No such file or directory : when loading libnccl-net.so
s16g15:1142463:1142463 [1] NCCL INFO NET/Plugin: Using internal network plugin.
s16g15:1142463:1142507 [1] NCCL INFO NET/IB : Using [0]={[0] mlx5_0:1/IB, [1] mlx5_1:1/IB} [RO]; OOB ib0:172.23.4.215<0>
s16g15:1142463:1142507 [1] NCCL INFO Using non-device net plugin version 0
s16g15:1142463:1142507 [1] NCCL INFO Using network IB
s16g15:1142463:1142507 [1] NCCL INFO ncclCommInitRank comm 0x4ab0acc0 rank 1 nranks 2 cudaDev 1 nvmlDev 1 busId 46000 commId 0x772769972a37499e - Init START
s16g15:1142462:1142504 [0] NCCL INFO ncclCommInitRank comm 0x195d29a0 rank 0 nranks 2 cudaDev 0 nvmlDev 0 busId 26000 commId 0x772769972a37499e - Init START
s16g15:1142463:1142507 [1] NCCL INFO Setting affinity for GPU 1 to ffff
s16g15:1142462:1142504 [0] NCCL INFO Setting affinity for GPU 0 to ffff
s16g15:1142463:1142507 [1] NCCL INFO comm 0x4ab0acc0 rank 1 nRanks 2 nNodes 1 localRanks 2 localRank 1 MNNVL 0
s16g15:1142462:1142504 [0] NCCL INFO comm 0x195d29a0 rank 0 nRanks 2 nNodes 1 localRanks 2 localRank 0 MNNVL 0
s16g15:1142462:1142504 [0] NCCL INFO Channel 00/08 :    0   1
s16g15:1142462:1142504 [0] NCCL INFO Channel 01/08 :    0   1
s16g15:1142463:1142507 [1] NCCL INFO Trees [0] -1/-1/-1->1->0 [1] -1/-1/-1->1->0 [2] 0/-1/-1->1->-1 [3] 0/-1/-1->1->-1 [4] -1/-1/-1->1->0 [5] -1/-1/-1->1->0 [6] 0/-1/-1->1->-1 [7] 0/-1/-1->1->-1
s16g15:1142462:1142504 [0] NCCL INFO Channel 02/08 :    0   1
s16g15:1142463:1142507 [1] NCCL INFO P2P Chunksize set to 524288
s16g15:1142462:1142504 [0] NCCL INFO Channel 03/08 :    0   1
s16g15:1142462:1142504 [0] NCCL INFO Channel 04/08 :    0   1
s16g15:1142462:1142504 [0] NCCL INFO Channel 05/08 :    0   1
s16g15:1142462:1142504 [0] NCCL INFO Channel 06/08 :    0   1
s16g15:1142462:1142504 [0] NCCL INFO Channel 07/08 :    0   1
s16g15:1142462:1142504 [0] NCCL INFO Trees [0] 1/-1/-1->0->-1 [1] 1/-1/-1->0->-1 [2] -1/-1/-1->0->1 [3] -1/-1/-1->0->1 [4] 1/-1/-1->0->-1 [5] 1/-1/-1->0->-1 [6] -1/-1/-1->0->1 [7] -1/-1/-1->0->1
s16g15:1142462:1142504 [0] NCCL INFO P2P Chunksize set to 524288
s16g15:1142462:1142504 [0] NCCL INFO Channel 00/0 : 0[0] -> 1[1] via P2P/CUMEM
s16g15:1142462:1142504 [0] NCCL INFO Channel 01/0 : 0[0] -> 1[1] via P2P/CUMEM
s16g15:1142463:1142507 [1] NCCL INFO Channel 00/0 : 1[1] -> 0[0] via P2P/CUMEM
s16g15:1142462:1142504 [0] NCCL INFO Channel 02/0 : 0[0] -> 1[1] via P2P/CUMEM
s16g15:1142463:1142507 [1] NCCL INFO Channel 01/0 : 1[1] -> 0[0] via P2P/CUMEM
s16g15:1142462:1142504 [0] NCCL INFO Channel 03/0 : 0[0] -> 1[1] via P2P/CUMEM
s16g15:1142463:1142507 [1] NCCL INFO Channel 02/0 : 1[1] -> 0[0] via P2P/CUMEM
s16g15:1142462:1142504 [0] NCCL INFO Channel 04/0 : 0[0] -> 1[1] via P2P/CUMEM
s16g15:1142463:1142507 [1] NCCL INFO Channel 03/0 : 1[1] -> 0[0] via P2P/CUMEM
s16g15:1142462:1142504 [0] NCCL INFO Channel 05/0 : 0[0] -> 1[1] via P2P/CUMEM
s16g15:1142463:1142507 [1] NCCL INFO Channel 04/0 : 1[1] -> 0[0] via P2P/CUMEM
s16g15:1142462:1142504 [0] NCCL INFO Channel 06/0 : 0[0] -> 1[1] via P2P/CUMEM
s16g15:1142463:1142507 [1] NCCL INFO Channel 05/0 : 1[1] -> 0[0] via P2P/CUMEM
s16g15:1142462:1142504 [0] NCCL INFO Channel 07/0 : 0[0] -> 1[1] via P2P/CUMEM
s16g15:1142463:1142507 [1] NCCL INFO Channel 06/0 : 1[1] -> 0[0] via P2P/CUMEM
s16g15:1142463:1142507 [1] NCCL INFO Channel 07/0 : 1[1] -> 0[0] via P2P/CUMEM
s16g15:1142463:1142507 [1] NCCL INFO Connected all rings
s16g15:1142463:1142507 [1] NCCL INFO Connected all trees
s16g15:1142463:1142507 [1] NCCL INFO threadThresholds 8/8/64 | 16/8/64 | 512 | 512
s16g15:1142463:1142507 [1] NCCL INFO 8 coll channels, 8 collnet channels, 0 nvls channels, 8 p2p channels, 8 p2p channels per peer
s16g15:1142462:1142504 [0] NCCL INFO Connected all rings
s16g15:1142462:1142504 [0] NCCL INFO Connected all trees
s16g15:1142462:1142504 [0] NCCL INFO threadThresholds 8/8/64 | 16/8/64 | 512 | 512
s16g15:1142462:1142504 [0] NCCL INFO 8 coll channels, 8 collnet channels, 0 nvls channels, 8 p2p channels, 8 p2p channels per peer
s16g15:1142463:1142507 [1] NCCL INFO TUNER/Plugin: Plugin load returned 11 : libnccl-net.so: cannot open shared object file: No such file or directory : when loading libnccl-tuner.so
s16g15:1142463:1142507 [1] NCCL INFO TUNER/Plugin: Using internal tuner plugin.
s16g15:1142463:1142507 [1] NCCL INFO ncclCommInitRank comm 0x4ab0acc0 rank 1 nranks 2 cudaDev 1 nvmlDev 1 busId 46000 commId 0x772769972a37499e - Init COMPLETE
s16g15:1142462:1142504 [0] NCCL INFO TUNER/Plugin: Plugin load returned 11 : libnccl-net.so: cannot open shared object file: No such file or directory : when loading libnccl-tuner.so
s16g15:1142462:1142504 [0] NCCL INFO TUNER/Plugin: Using internal tuner plugin.
s16g15:1142462:1142504 [0] NCCL INFO ncclCommInitRank comm 0x195d29a0 rank 0 nranks 2 cudaDev 0 nvmlDev 0 busId 26000 commId 0x772769972a37499e - Init COMPLETE
Fold 1:   0%|          | 0/100 [00:00<?, ?it/s]Fold 1:   0%|          | 0/100 [00:00<?, ?it/s]Fold 1:   1%|          | 1/100 [00:09<15:56,  9.66s/it][2025-05-09 17:49:26] INFO: [Rank 0] Epoch 1/100 - Loss: 0.2073, CE: 0.1325, smooth: 0.4988
Fold 1:   1%|          | 1/100 [00:09<16:03,  9.73s/it]Fold 1:   2%|▏         | 2/100 [00:16<13:20,  8.17s/it]Fold 1:   2%|▏         | 2/100 [00:16<13:25,  8.22s/it]Fold 1:   3%|▎         | 3/100 [00:23<12:26,  7.69s/it]Fold 1:   3%|▎         | 3/100 [00:23<12:25,  7.69s/it]Fold 1:   4%|▍         | 4/100 [00:30<11:54,  7.45s/it]Fold 1:   4%|▍         | 4/100 [00:31<11:55,  7.45s/it]Fold 1:   5%|▌         | 5/100 [00:37<11:32,  7.29s/it]Fold 1:   5%|▌         | 5/100 [00:38<11:32,  7.29s/it]Fold 1:   6%|▌         | 6/100 [00:45<11:19,  7.23s/it][2025-05-09 17:50:01] INFO: [Rank 0] Epoch 6/100 - Loss: 0.0694, CE: 0.0550, smooth: 0.0960
Fold 1:   6%|▌         | 6/100 [00:45<11:19,  7.23s/it]Fold 1:   7%|▋         | 7/100 [00:52<11:06,  7.17s/it]Fold 1:   7%|▋         | 7/100 [00:52<11:06,  7.17s/it]Fold 1:   8%|▊         | 8/100 [00:59<10:55,  7.12s/it]Fold 1:   8%|▊         | 8/100 [00:59<10:57,  7.15s/it]Fold 1:   9%|▉         | 9/100 [01:06<10:45,  7.09s/it]Fold 1:   9%|▉         | 9/100 [01:06<10:45,  7.10s/it]Fold 1:  10%|█         | 10/100 [01:13<10:34,  7.05s/it]Fold 1:  10%|█         | 10/100 [01:13<10:35,  7.06s/it]Fold 1:  11%|█         | 11/100 [01:20<10:27,  7.05s/it][2025-05-09 17:50:37] INFO: [Rank 0] Epoch 11/100 - Loss: 0.0567, CE: 0.0454, smooth: 0.0748
Fold 1:  11%|█         | 11/100 [01:20<10:27,  7.06s/it]Fold 1:  12%|█▏        | 12/100 [01:27<10:19,  7.04s/it]Fold 1:  12%|█▏        | 12/100 [01:27<10:18,  7.03s/it]Fold 1:  13%|█▎        | 13/100 [01:34<10:10,  7.02s/it]Fold 1:  13%|█▎        | 13/100 [01:34<10:10,  7.02s/it]Fold 1:  14%|█▍        | 14/100 [01:41<10:04,  7.02s/it]Fold 1:  14%|█▍        | 14/100 [01:41<10:04,  7.03s/it]Fold 1:  15%|█▌        | 15/100 [01:48<09:55,  7.00s/it]Fold 1:  15%|█▌        | 15/100 [01:48<09:56,  7.02s/it]Fold 1:  16%|█▌        | 16/100 [01:55<09:52,  7.05s/it][2025-05-09 17:51:12] INFO: [Rank 0] Epoch 16/100 - Loss: 0.0526, CE: 0.0422, smooth: 0.0695
Fold 1:  16%|█▌        | 16/100 [01:55<09:51,  7.05s/it]Fold 1:  17%|█▋        | 17/100 [02:02<09:46,  7.06s/it]Fold 1:  17%|█▋        | 17/100 [02:02<09:46,  7.07s/it]Fold 1:  18%|█▊        | 18/100 [02:09<09:44,  7.12s/it]Fold 1:  18%|█▊        | 18/100 [02:09<09:44,  7.12s/it]Fold 1:  19%|█▉        | 19/100 [02:16<09:32,  7.07s/it]Fold 1:  19%|█▉        | 19/100 [02:16<09:33,  7.08s/it]Fold 1:  20%|██        | 20/100 [02:23<09:27,  7.10s/it]Fold 1:  20%|██        | 20/100 [02:23<09:28,  7.10s/it]Fold 1:  21%|██        | 21/100 [02:31<09:24,  7.15s/it][2025-05-09 17:51:47] INFO: [Rank 0] Epoch 21/100 - Loss: 0.0478, CE: 0.0382, smooth: 0.0640
Fold 1:  21%|██        | 21/100 [02:31<09:24,  7.15s/it]Fold 1:  22%|██▏       | 22/100 [02:38<09:16,  7.13s/it]Fold 1:  22%|██▏       | 22/100 [02:38<09:15,  7.12s/it]Fold 1:  23%|██▎       | 23/100 [02:45<09:06,  7.10s/it]Fold 1:  23%|██▎       | 23/100 [02:45<09:07,  7.11s/it]Fold 1:  24%|██▍       | 24/100 [02:52<08:58,  7.09s/it]Fold 1:  24%|██▍       | 24/100 [02:52<08:58,  7.08s/it]Fold 1:  25%|██▌       | 25/100 [02:59<08:48,  7.04s/it]Fold 1:  25%|██▌       | 25/100 [02:59<08:48,  7.05s/it]Fold 1:  26%|██▌       | 26/100 [03:06<08:40,  7.03s/it][2025-05-09 17:52:23] INFO: [Rank 0] Epoch 26/100 - Loss: 0.0456, CE: 0.0363, smooth: 0.0623
Fold 1:  26%|██▌       | 26/100 [03:06<08:40,  7.04s/it]Fold 1:  27%|██▋       | 27/100 [03:13<08:34,  7.05s/it]Fold 1:  27%|██▋       | 27/100 [03:13<08:34,  7.05s/it]Fold 1:  28%|██▊       | 28/100 [03:20<08:28,  7.07s/it]Fold 1:  28%|██▊       | 28/100 [03:20<08:29,  7.08s/it]Fold 1:  29%|██▉       | 29/100 [03:27<08:19,  7.04s/it]Fold 1:  29%|██▉       | 29/100 [03:27<08:20,  7.05s/it]Fold 1:  30%|███       | 30/100 [03:34<08:10,  7.01s/it]Fold 1:  30%|███       | 30/100 [03:34<08:12,  7.03s/it][2025-05-09 17:52:58] INFO: [Rank 0] Epoch 31/100 - Loss: 0.0470, CE: 0.0378, smooth: 0.0618
Fold 1:  31%|███       | 31/100 [03:41<08:02,  6.99s/it]Fold 1:  31%|███       | 31/100 [03:41<08:02,  7.00s/it]Fold 1:  32%|███▏      | 32/100 [03:48<07:58,  7.04s/it]Fold 1:  32%|███▏      | 32/100 [03:48<07:59,  7.05s/it]Fold 1:  33%|███▎      | 33/100 [03:55<07:50,  7.02s/it]Fold 1:  33%|███▎      | 33/100 [03:55<07:50,  7.02s/it]Fold 1:  34%|███▍      | 34/100 [04:02<07:45,  7.05s/it]Fold 1:  34%|███▍      | 34/100 [04:02<07:45,  7.05s/it]Fold 1:  35%|███▌      | 35/100 [04:09<07:39,  7.06s/it]Fold 1:  35%|███▌      | 35/100 [04:09<07:39,  7.07s/it][2025-05-09 17:53:33] INFO: [Rank 0] Epoch 36/100 - Loss: 0.0445, CE: 0.0354, smooth: 0.0611
Fold 1:  36%|███▌      | 36/100 [04:16<07:30,  7.04s/it]Fold 1:  36%|███▌      | 36/100 [04:16<07:30,  7.04s/it]Fold 1:  37%|███▋      | 37/100 [04:23<07:24,  7.06s/it]Fold 1:  37%|███▋      | 37/100 [04:23<07:24,  7.06s/it]Fold 1:  38%|███▊      | 38/100 [04:30<07:18,  7.07s/it]Fold 1:  38%|███▊      | 38/100 [04:30<07:18,  7.08s/it]Fold 1:  39%|███▉      | 39/100 [04:37<07:10,  7.05s/it]Fold 1:  39%|███▉      | 39/100 [04:37<07:10,  7.06s/it]Fold 1:  40%|████      | 40/100 [04:44<07:03,  7.06s/it]Fold 1:  40%|████      | 40/100 [04:44<07:03,  7.06s/it]Fold 1:  41%|████      | 41/100 [04:51<06:54,  7.03s/it][2025-05-09 17:54:08] INFO: [Rank 0] Epoch 41/100 - Loss: 0.0421, CE: 0.0335, smooth: 0.0574
Fold 1:  41%|████      | 41/100 [04:51<06:55,  7.05s/it]Fold 1:  42%|████▏     | 42/100 [04:59<06:49,  7.06s/it]Fold 1:  42%|████▏     | 42/100 [04:59<06:49,  7.06s/it]Fold 1:  43%|████▎     | 43/100 [05:06<06:40,  7.02s/it]Fold 1:  43%|████▎     | 43/100 [05:06<06:40,  7.02s/it]Fold 1:  44%|████▍     | 44/100 [05:12<06:32,  7.00s/it]Fold 1:  44%|████▍     | 44/100 [05:12<06:32,  7.00s/it]Fold 1:  45%|████▌     | 45/100 [05:20<06:26,  7.02s/it]Fold 1:  45%|████▌     | 45/100 [05:20<06:26,  7.02s/it]Fold 1:  46%|████▌     | 46/100 [05:26<06:18,  7.00s/it][2025-05-09 17:54:43] INFO: [Rank 0] Epoch 46/100 - Loss: 0.0482, CE: 0.0371, smooth: 0.0735
Fold 1:  46%|████▌     | 46/100 [05:26<06:18,  7.00s/it]Fold 1:  47%|████▋     | 47/100 [05:34<06:12,  7.02s/it]Fold 1:  47%|████▋     | 47/100 [05:34<06:12,  7.03s/it]Fold 1:  48%|████▊     | 48/100 [05:41<06:04,  7.02s/it]Fold 1:  48%|████▊     | 48/100 [05:41<06:05,  7.02s/it]Fold 1:  49%|████▉     | 49/100 [05:48<05:59,  7.05s/it]Fold 1:  49%|████▉     | 49/100 [05:48<05:59,  7.04s/it]Fold 1:  50%|█████     | 50/100 [05:55<05:50,  7.01s/it]Fold 1:  50%|█████     | 50/100 [05:55<05:51,  7.02s/it][2025-05-09 17:55:18] INFO: [Rank 0] Epoch 51/100 - Loss: 0.0424, CE: 0.0336, smooth: 0.0586
Fold 1:  51%|█████     | 51/100 [06:02<05:43,  7.01s/it]Fold 1:  51%|█████     | 51/100 [06:02<05:43,  7.02s/it]Fold 1:  52%|█████▏    | 52/100 [06:09<05:36,  7.00s/it]Fold 1:  52%|█████▏    | 52/100 [06:09<05:36,  7.01s/it]Fold 1:  53%|█████▎    | 53/100 [06:16<05:30,  7.03s/it]Fold 1:  53%|█████▎    | 53/100 [06:16<05:30,  7.03s/it]Fold 1:  54%|█████▍    | 54/100 [06:23<05:23,  7.04s/it]Fold 1:  54%|█████▍    | 54/100 [06:23<05:24,  7.05s/it]Fold 1:  55%|█████▌    | 55/100 [06:30<05:17,  7.06s/it]Fold 1:  55%|█████▌    | 55/100 [06:30<05:17,  7.07s/it]Fold 1:  56%|█████▌    | 56/100 [06:37<05:12,  7.11s/it][2025-05-09 17:55:54] INFO: [Rank 0] Epoch 56/100 - Loss: 0.0486, CE: 0.0358, smooth: 0.0860
Fold 1:  56%|█████▌    | 56/100 [06:37<05:12,  7.11s/it]Fold 1:  57%|█████▋    | 57/100 [06:44<05:07,  7.14s/it]Fold 1:  57%|█████▋    | 57/100 [06:44<05:07,  7.15s/it]Fold 1:  58%|█████▊    | 58/100 [06:51<04:57,  7.09s/it]Fold 1:  58%|█████▊    | 58/100 [06:51<04:57,  7.09s/it]Fold 1:  59%|█████▉    | 59/100 [06:58<04:49,  7.05s/it]Fold 1:  59%|█████▉    | 59/100 [06:58<04:49,  7.06s/it]Fold 1:  60%|██████    | 60/100 [07:05<04:41,  7.03s/it]Fold 1:  60%|██████    | 60/100 [07:05<04:41,  7.04s/it][2025-05-09 17:56:29] INFO: [Rank 0] Epoch 61/100 - Loss: 0.0412, CE: 0.0325, smooth: 0.0581
Fold 1:  61%|██████    | 61/100 [07:12<04:34,  7.05s/it]Fold 1:  61%|██████    | 61/100 [07:12<04:35,  7.05s/it]Fold 1:  62%|██████▏   | 62/100 [07:19<04:27,  7.03s/it]Fold 1:  62%|██████▏   | 62/100 [07:19<04:27,  7.03s/it]Fold 1:  63%|██████▎   | 63/100 [07:26<04:20,  7.04s/it]Fold 1:  63%|██████▎   | 63/100 [07:26<04:20,  7.05s/it]Fold 1:  64%|██████▍   | 64/100 [07:33<04:13,  7.05s/it]Fold 1:  64%|██████▍   | 64/100 [07:34<04:14,  7.06s/it]Fold 1:  65%|██████▌   | 65/100 [07:41<04:06,  7.06s/it]Fold 1:  65%|██████▌   | 65/100 [07:41<04:07,  7.07s/it][2025-05-09 17:57:04] INFO: [Rank 0] Epoch 66/100 - Loss: 0.0394, CE: 0.0311, smooth: 0.0552
Fold 1:  66%|██████▌   | 66/100 [07:48<04:00,  7.06s/it]Fold 1:  66%|██████▌   | 66/100 [07:48<04:00,  7.07s/it]Fold 1:  67%|██████▋   | 67/100 [07:55<03:52,  7.06s/it]Fold 1:  67%|██████▋   | 67/100 [07:55<03:52,  7.06s/it]Fold 1:  68%|██████▊   | 68/100 [08:02<03:47,  7.10s/it]Fold 1:  68%|██████▊   | 68/100 [08:02<03:47,  7.10s/it]Fold 1:  69%|██████▉   | 69/100 [08:09<03:39,  7.09s/it]Fold 1:  69%|██████▉   | 69/100 [08:09<03:39,  7.10s/it]Fold 1:  70%|███████   | 70/100 [08:16<03:32,  7.09s/it]Fold 1:  70%|███████   | 70/100 [08:16<03:32,  7.09s/it]Fold 1:  71%|███████   | 71/100 [08:23<03:24,  7.05s/it][2025-05-09 17:57:40] INFO: [Rank 0] Epoch 71/100 - Loss: 0.0407, CE: 0.0318, smooth: 0.0593
Fold 1:  71%|███████   | 71/100 [08:23<03:24,  7.05s/it]Fold 1:  72%|███████▏  | 72/100 [08:30<03:17,  7.07s/it]Fold 1:  72%|███████▏  | 72/100 [08:30<03:17,  7.07s/it]Fold 1:  73%|███████▎  | 73/100 [08:37<03:09,  7.03s/it]Fold 1:  73%|███████▎  | 73/100 [08:37<03:10,  7.04s/it]Fold 1:  74%|███████▍  | 74/100 [08:44<03:03,  7.06s/it]Fold 1:  74%|███████▍  | 74/100 [08:44<03:03,  7.06s/it]Fold 1:  75%|███████▌  | 75/100 [08:51<02:55,  7.02s/it]Fold 1:  75%|███████▌  | 75/100 [08:51<02:55,  7.03s/it][2025-05-09 17:58:15] INFO: [Rank 0] Epoch 76/100 - Loss: 0.0368, CE: 0.0291, smooth: 0.0509
Fold 1:  76%|███████▌  | 76/100 [08:58<02:48,  7.04s/it]Fold 1:  76%|███████▌  | 76/100 [08:58<02:48,  7.04s/it]Fold 1:  77%|███████▋  | 77/100 [09:05<02:41,  7.01s/it]Fold 1:  77%|███████▋  | 77/100 [09:05<02:41,  7.02s/it]Fold 1:  78%|███████▊  | 78/100 [09:12<02:35,  7.07s/it]Fold 1:  78%|███████▊  | 78/100 [09:12<02:35,  7.07s/it]Fold 1:  79%|███████▉  | 79/100 [09:19<02:28,  7.06s/it]Fold 1:  79%|███████▉  | 79/100 [09:19<02:28,  7.07s/it]Fold 1:  80%|████████  | 80/100 [09:26<02:21,  7.06s/it]Fold 1:  80%|████████  | 80/100 [09:27<02:21,  7.07s/it]Fold 1:  81%|████████  | 81/100 [09:34<02:14,  7.07s/it][2025-05-09 17:58:50] INFO: [Rank 0] Epoch 81/100 - Loss: 0.0412, CE: 0.0320, smooth: 0.0612
Fold 1:  81%|████████  | 81/100 [09:34<02:14,  7.07s/it]Fold 1:  82%|████████▏ | 82/100 [09:41<02:06,  7.03s/it]Fold 1:  82%|████████▏ | 82/100 [09:41<02:06,  7.04s/it]Fold 1:  83%|████████▎ | 83/100 [09:47<01:58,  7.00s/it]Fold 1:  83%|████████▎ | 83/100 [09:47<01:59,  7.00s/it]Fold 1:  84%|████████▍ | 84/100 [09:55<01:52,  7.04s/it]Fold 1:  84%|████████▍ | 84/100 [09:55<01:52,  7.05s/it]Fold 1:  85%|████████▌ | 85/100 [10:02<01:46,  7.07s/it]Fold 1:  85%|████████▌ | 85/100 [10:02<01:45,  7.06s/it]Fold 1:  86%|████████▌ | 86/100 [10:09<01:38,  7.04s/it][2025-05-09 17:59:26] INFO: [Rank 0] Epoch 86/100 - Loss: 0.0352, CE: 0.0278, smooth: 0.0492
Fold 1:  86%|████████▌ | 86/100 [10:09<01:38,  7.05s/it]Fold 1:  87%|████████▋ | 87/100 [10:16<01:31,  7.06s/it]Fold 1:  87%|████████▋ | 87/100 [10:16<01:31,  7.07s/it]Fold 1:  88%|████████▊ | 88/100 [10:23<01:24,  7.06s/it]Fold 1:  88%|████████▊ | 88/100 [10:23<01:24,  7.05s/it]Fold 1:  89%|████████▉ | 89/100 [10:30<01:17,  7.07s/it]Fold 1:  89%|████████▉ | 89/100 [10:30<01:17,  7.08s/it]Fold 1:  90%|█████████ | 90/100 [10:37<01:10,  7.04s/it]Fold 1:  90%|█████████ | 90/100 [10:37<01:10,  7.05s/it][2025-05-09 18:00:01] INFO: [Rank 0] Epoch 91/100 - Loss: 0.0361, CE: 0.0286, smooth: 0.0502
Fold 1:  91%|█████████ | 91/100 [10:44<01:03,  7.02s/it]Fold 1:  91%|█████████ | 91/100 [10:44<01:03,  7.03s/it]Fold 1:  92%|█████████▏| 92/100 [10:51<00:56,  7.04s/it]Fold 1:  92%|█████████▏| 92/100 [10:51<00:56,  7.05s/it]Fold 1:  93%|█████████▎| 93/100 [10:58<00:49,  7.06s/it]Fold 1:  93%|█████████▎| 93/100 [10:58<00:49,  7.07s/it]Fold 1:  94%|█████████▍| 94/100 [11:05<00:42,  7.13s/it]Fold 1:  94%|█████████▍| 94/100 [11:05<00:42,  7.13s/it]Fold 1:  95%|█████████▌| 95/100 [11:12<00:35,  7.11s/it]Fold 1:  95%|█████████▌| 95/100 [11:12<00:35,  7.11s/it][2025-05-09 18:00:36] INFO: [Rank 0] Epoch 96/100 - Loss: 0.0360, CE: 0.0286, smooth: 0.0487
Fold 1:  96%|█████████▌| 96/100 [11:20<00:28,  7.11s/it]Fold 1:  96%|█████████▌| 96/100 [11:20<00:28,  7.11s/it]Fold 1:  97%|█████████▋| 97/100 [11:27<00:21,  7.09s/it]Fold 1:  97%|█████████▋| 97/100 [11:27<00:21,  7.10s/it]Fold 1:  98%|█████████▊| 98/100 [11:34<00:14,  7.06s/it]Fold 1:  98%|█████████▊| 98/100 [11:34<00:14,  7.06s/it]Fold 1:  99%|█████████▉| 99/100 [11:41<00:07,  7.06s/it]Fold 1:  99%|█████████▉| 99/100 [11:41<00:07,  7.06s/it]Fold 1: 100%|██████████| 100/100 [11:48<00:00,  7.05s/it]                                                         Fold 1: 100%|██████████| 100/100 [11:48<00:00,  7.07s/it]                                                         Fold 2:   0%|          | 0/100 [00:00<?, ?it/s]Fold 2:   0%|          | 0/100 [00:00<?, ?it/s]Fold 2:   1%|          | 1/100 [00:06<11:03,  6.71s/it][2025-05-09 18:01:11] INFO: [Rank 0] Epoch 1/100 - Loss: 0.2079, CE: 0.1391, smooth: 0.4590
Fold 2:   1%|          | 1/100 [00:06<11:10,  6.78s/it]Fold 2:   2%|▏         | 2/100 [00:13<11:21,  6.95s/it]Fold 2:   2%|▏         | 2/100 [00:13<11:21,  6.95s/it]Fold 2:   3%|▎         | 3/100 [00:20<11:10,  6.91s/it]Fold 2:   3%|▎         | 3/100 [00:20<11:10,  6.91s/it]Fold 2:   4%|▍         | 4/100 [00:27<10:59,  6.87s/it]Fold 2:   4%|▍         | 4/100 [00:27<10:59,  6.87s/it]Fold 2:   5%|▌         | 5/100 [00:34<10:50,  6.84s/it]Fold 2:   5%|▌         | 5/100 [00:34<10:51,  6.85s/it]Fold 2:   6%|▌         | 6/100 [00:41<10:43,  6.84s/it][2025-05-09 18:01:46] INFO: [Rank 0] Epoch 6/100 - Loss: 0.0785, CE: 0.0621, smooth: 0.1094
Fold 2:   6%|▌         | 6/100 [00:41<10:42,  6.84s/it]Fold 2:   7%|▋         | 7/100 [00:47<10:35,  6.84s/it]Fold 2:   7%|▋         | 7/100 [00:48<10:36,  6.85s/it]Fold 2:   8%|▊         | 8/100 [00:54<10:26,  6.81s/it]Fold 2:   8%|▊         | 8/100 [00:54<10:26,  6.81s/it]Fold 2:   9%|▉         | 9/100 [01:01<10:17,  6.79s/it]Fold 2:   9%|▉         | 9/100 [01:01<10:17,  6.79s/it]Fold 2:  10%|█         | 10/100 [01:08<10:08,  6.76s/it]Fold 2:  10%|█         | 10/100 [01:08<10:07,  6.75s/it][2025-05-09 18:02:19] INFO: [Rank 0] Epoch 11/100 - Loss: 0.0613, CE: 0.0497, smooth: 0.0776
Fold 2:  11%|█         | 11/100 [01:14<10:01,  6.76s/it]Fold 2:  11%|█         | 11/100 [01:14<10:02,  6.77s/it]Fold 2:  12%|█▏        | 12/100 [01:21<09:54,  6.75s/it]Fold 2:  12%|█▏        | 12/100 [01:21<09:54,  6.76s/it]Fold 2:  13%|█▎        | 13/100 [01:28<09:48,  6.77s/it]Fold 2:  13%|█▎        | 13/100 [01:28<09:48,  6.77s/it]Fold 2:  14%|█▍        | 14/100 [01:35<09:42,  6.78s/it]Fold 2:  14%|█▍        | 14/100 [01:35<09:43,  6.79s/it]Fold 2:  15%|█▌        | 15/100 [01:42<09:36,  6.78s/it]Fold 2:  15%|█▌        | 15/100 [01:42<09:36,  6.78s/it]Fold 2:  16%|█▌        | 16/100 [01:48<09:30,  6.79s/it][2025-05-09 18:02:53] INFO: [Rank 0] Epoch 16/100 - Loss: 0.0552, CE: 0.0450, smooth: 0.0679
Fold 2:  16%|█▌        | 16/100 [01:48<09:31,  6.80s/it]Fold 2:  17%|█▋        | 17/100 [01:55<09:25,  6.81s/it]Fold 2:  17%|█▋        | 17/100 [01:55<09:25,  6.81s/it]Fold 2:  18%|█▊        | 18/100 [02:02<09:17,  6.79s/it]Fold 2:  18%|█▊        | 18/100 [02:02<09:17,  6.80s/it]Fold 2:  19%|█▉        | 19/100 [02:09<09:09,  6.79s/it]Fold 2:  19%|█▉        | 19/100 [02:09<09:11,  6.80s/it]Fold 2:  20%|██        | 20/100 [02:16<09:03,  6.80s/it]Fold 2:  20%|██        | 20/100 [02:16<09:04,  6.81s/it][2025-05-09 18:03:27] INFO: [Rank 0] Epoch 21/100 - Loss: 0.0539, CE: 0.0440, smooth: 0.0663
Fold 2:  21%|██        | 21/100 [02:22<08:54,  6.77s/it]Fold 2:  21%|██        | 21/100 [02:22<08:55,  6.78s/it]Fold 2:  22%|██▏       | 22/100 [02:29<08:46,  6.74s/it]Fold 2:  22%|██▏       | 22/100 [02:29<08:45,  6.74s/it]Fold 2:  23%|██▎       | 23/100 [02:36<08:40,  6.76s/it]Fold 2:  23%|██▎       | 23/100 [02:36<08:40,  6.76s/it]Fold 2:  24%|██▍       | 24/100 [02:43<08:32,  6.74s/it]Fold 2:  24%|██▍       | 24/100 [02:43<08:33,  6.75s/it]Fold 2:  25%|██▌       | 25/100 [02:49<08:24,  6.73s/it]Fold 2:  25%|██▌       | 25/100 [02:49<08:24,  6.73s/it]Fold 2:  26%|██▌       | 26/100 [02:56<08:18,  6.74s/it][2025-05-09 18:04:01] INFO: [Rank 0] Epoch 26/100 - Loss: 0.0519, CE: 0.0415, smooth: 0.0693
Fold 2:  26%|██▌       | 26/100 [02:56<08:20,  6.76s/it]Fold 2:  27%|██▋       | 27/100 [03:03<08:14,  6.77s/it]Fold 2:  27%|██▋       | 27/100 [03:03<08:14,  6.78s/it]Fold 2:  28%|██▊       | 28/100 [03:10<08:07,  6.77s/it]Fold 2:  28%|██▊       | 28/100 [03:10<08:09,  6.79s/it]Fold 2:  29%|██▉       | 29/100 [03:16<08:01,  6.78s/it]Fold 2:  29%|██▉       | 29/100 [03:16<08:01,  6.79s/it]Fold 2:  30%|███       | 30/100 [03:23<07:52,  6.75s/it]Fold 2:  30%|███       | 30/100 [03:23<07:52,  6.75s/it]Fold 2:  31%|███       | 31/100 [03:30<07:59,  6.95s/it][2025-05-09 18:04:36] INFO: [Rank 0] Epoch 31/100 - Loss: 0.0485, CE: 0.0389, smooth: 0.0637
Fold 2:  31%|███       | 31/100 [03:31<07:59,  6.95s/it]Fold 2:  32%|███▏      | 32/100 [03:37<07:48,  6.89s/it]Fold 2:  32%|███▏      | 32/100 [03:37<07:48,  6.89s/it]Fold 2:  33%|███▎      | 33/100 [03:44<07:38,  6.84s/it]Fold 2:  33%|███▎      | 33/100 [03:44<07:39,  6.85s/it]Fold 2:  34%|███▍      | 34/100 [03:51<07:28,  6.80s/it]Fold 2:  34%|███▍      | 34/100 [03:51<07:28,  6.80s/it]Fold 2:  35%|███▌      | 35/100 [03:57<07:20,  6.78s/it]Fold 2:  35%|███▌      | 35/100 [03:57<07:21,  6.79s/it]Fold 2:  36%|███▌      | 36/100 [04:04<07:15,  6.80s/it][2025-05-09 18:05:09] INFO: [Rank 0] Epoch 36/100 - Loss: 0.0484, CE: 0.0391, smooth: 0.0621
Fold 2:  36%|███▌      | 36/100 [04:04<07:16,  6.82s/it]Fold 2:  37%|███▋      | 37/100 [04:11<07:08,  6.80s/it]Fold 2:  37%|███▋      | 37/100 [04:11<07:08,  6.81s/it]Fold 2:  38%|███▊      | 38/100 [04:18<07:02,  6.82s/it]Fold 2:  38%|███▊      | 38/100 [04:18<07:02,  6.81s/it]Fold 2:  39%|███▉      | 39/100 [04:25<06:55,  6.80s/it]Fold 2:  39%|███▉      | 39/100 [04:25<06:54,  6.79s/it]Fold 2:  40%|████      | 40/100 [04:31<06:45,  6.76s/it]Fold 2:  40%|████      | 40/100 [04:31<06:46,  6.77s/it]Fold 2:  41%|████      | 41/100 [04:38<06:38,  6.75s/it][2025-05-09 18:05:43] INFO: [Rank 0] Epoch 41/100 - Loss: 0.0477, CE: 0.0386, smooth: 0.0606
Fold 2:  41%|████      | 41/100 [04:38<06:38,  6.76s/it]Fold 2:  42%|████▏     | 42/100 [04:45<06:32,  6.77s/it]Fold 2:  42%|████▏     | 42/100 [04:45<06:33,  6.78s/it]Fold 2:  43%|████▎     | 43/100 [04:52<06:27,  6.80s/it]Fold 2:  43%|████▎     | 43/100 [04:52<06:27,  6.80s/it]Fold 2:  44%|████▍     | 44/100 [04:59<06:20,  6.79s/it]Fold 2:  44%|████▍     | 44/100 [04:59<06:20,  6.80s/it]Fold 2:  45%|████▌     | 45/100 [05:05<06:13,  6.79s/it]Fold 2:  45%|████▌     | 45/100 [05:05<06:13,  6.79s/it]Fold 2:  46%|████▌     | 46/100 [05:12<06:07,  6.80s/it][2025-05-09 18:06:17] INFO: [Rank 0] Epoch 46/100 - Loss: 0.0429, CE: 0.0347, smooth: 0.0546
Fold 2:  46%|████▌     | 46/100 [05:12<06:07,  6.80s/it]Fold 2:  47%|████▋     | 47/100 [05:19<06:01,  6.83s/it]Fold 2:  47%|████▋     | 47/100 [05:19<06:02,  6.84s/it]Fold 2:  48%|████▊     | 48/100 [05:26<05:55,  6.83s/it]Fold 2:  48%|████▊     | 48/100 [05:26<05:55,  6.83s/it]Fold 2:  49%|████▉     | 49/100 [05:33<05:47,  6.82s/it]Fold 2:  49%|████▉     | 49/100 [05:33<05:48,  6.83s/it]Fold 2:  50%|█████     | 50/100 [05:39<05:39,  6.78s/it]Fold 2:  50%|█████     | 50/100 [05:39<05:39,  6.79s/it][2025-05-09 18:06:51] INFO: [Rank 0] Epoch 51/100 - Loss: 0.0448, CE: 0.0362, smooth: 0.0576
Fold 2:  51%|█████     | 51/100 [05:46<05:30,  6.75s/it]Fold 2:  51%|█████     | 51/100 [05:46<05:30,  6.75s/it]Fold 2:  52%|█████▏    | 52/100 [05:53<05:24,  6.76s/it]Fold 2:  52%|█████▏    | 52/100 [05:53<05:24,  6.77s/it]Fold 2:  53%|█████▎    | 53/100 [06:00<05:18,  6.77s/it]Fold 2:  53%|█████▎    | 53/100 [06:00<05:19,  6.79s/it]Fold 2:  54%|█████▍    | 54/100 [06:07<05:12,  6.79s/it]Fold 2:  54%|█████▍    | 54/100 [06:07<05:12,  6.79s/it]Fold 2:  55%|█████▌    | 55/100 [06:13<05:04,  6.78s/it]Fold 2:  55%|█████▌    | 55/100 [06:13<05:04,  6.77s/it][2025-05-09 18:07:25] INFO: [Rank 0] Epoch 56/100 - Loss: 0.0560, CE: 0.0441, smooth: 0.0794
Fold 2:  56%|█████▌    | 56/100 [06:20<04:58,  6.79s/it]Fold 2:  56%|█████▌    | 56/100 [06:20<04:58,  6.79s/it]Fold 2:  57%|█████▋    | 57/100 [06:27<04:50,  6.76s/it]Fold 2:  57%|█████▋    | 57/100 [06:27<04:50,  6.76s/it]Fold 2:  58%|█████▊    | 58/100 [06:34<04:44,  6.77s/it]Fold 2:  58%|█████▊    | 58/100 [06:34<04:44,  6.77s/it]Fold 2:  59%|█████▉    | 59/100 [06:40<04:36,  6.74s/it]Fold 2:  59%|█████▉    | 59/100 [06:40<04:36,  6.74s/it]Fold 2:  60%|██████    | 60/100 [06:47<04:30,  6.76s/it]Fold 2:  60%|██████    | 60/100 [06:47<04:30,  6.76s/it]Fold 2:  61%|██████    | 61/100 [06:54<04:24,  6.77s/it][2025-05-09 18:07:59] INFO: [Rank 0] Epoch 61/100 - Loss: 0.0425, CE: 0.0342, smooth: 0.0549
Fold 2:  61%|██████    | 61/100 [06:54<04:24,  6.77s/it]Fold 2:  62%|██████▏   | 62/100 [07:01<04:16,  6.75s/it]Fold 2:  62%|██████▏   | 62/100 [07:01<04:16,  6.75s/it]Fold 2:  63%|██████▎   | 63/100 [07:08<04:12,  6.83s/it]Fold 2:  63%|██████▎   | 63/100 [07:08<04:12,  6.83s/it]Fold 2:  64%|██████▍   | 64/100 [07:14<04:04,  6.79s/it]Fold 2:  64%|██████▍   | 64/100 [07:14<04:04,  6.79s/it]Fold 2:  65%|██████▌   | 65/100 [07:21<03:56,  6.76s/it]Fold 2:  65%|██████▌   | 65/100 [07:21<03:56,  6.76s/it]Fold 2:  66%|██████▌   | 66/100 [07:28<03:50,  6.78s/it][2025-05-09 18:08:33] INFO: [Rank 0] Epoch 66/100 - Loss: 0.0458, CE: 0.0363, smooth: 0.0629
Fold 2:  66%|██████▌   | 66/100 [07:28<03:50,  6.78s/it]Fold 2:  67%|██████▋   | 67/100 [07:35<03:44,  6.79s/it]Fold 2:  67%|██████▋   | 67/100 [07:35<03:44,  6.79s/it]Fold 2:  68%|██████▊   | 68/100 [07:41<03:36,  6.75s/it]Fold 2:  68%|██████▊   | 68/100 [07:41<03:36,  6.75s/it]Fold 2:  69%|██████▉   | 69/100 [07:48<03:28,  6.73s/it]Fold 2:  69%|██████▉   | 69/100 [07:48<03:28,  6.73s/it]Fold 2:  70%|███████   | 70/100 [07:55<03:21,  6.73s/it]Fold 2:  70%|███████   | 70/100 [07:55<03:22,  6.73s/it]Fold 2:  71%|███████   | 71/100 [08:01<03:15,  6.75s/it][2025-05-09 18:09:07] INFO: [Rank 0] Epoch 71/100 - Loss: 0.0453, CE: 0.0361, smooth: 0.0612
Fold 2:  71%|███████   | 71/100 [08:01<03:15,  6.75s/it]Fold 2:  72%|███████▏  | 72/100 [08:08<03:08,  6.74s/it]Fold 2:  72%|███████▏  | 72/100 [08:08<03:08,  6.74s/it]Fold 2:  73%|███████▎  | 73/100 [08:15<03:02,  6.77s/it]Fold 2:  73%|███████▎  | 73/100 [08:15<03:02,  6.78s/it]Fold 2:  74%|███████▍  | 74/100 [08:22<02:56,  6.79s/it]Fold 2:  74%|███████▍  | 74/100 [08:22<02:56,  6.80s/it]Fold 2:  75%|███████▌  | 75/100 [08:29<02:49,  6.79s/it]Fold 2:  75%|███████▌  | 75/100 [08:29<02:49,  6.80s/it]Fold 2:  76%|███████▌  | 76/100 [08:35<02:42,  6.77s/it][2025-05-09 18:09:40] INFO: [Rank 0] Epoch 76/100 - Loss: 0.0419, CE: 0.0337, smooth: 0.0549
Fold 2:  76%|███████▌  | 76/100 [08:35<02:42,  6.77s/it]Fold 2:  77%|███████▋  | 77/100 [08:42<02:35,  6.78s/it]Fold 2:  77%|███████▋  | 77/100 [08:42<02:36,  6.78s/it]Fold 2:  78%|███████▊  | 78/100 [08:49<02:28,  6.77s/it]Fold 2:  78%|███████▊  | 78/100 [08:49<02:29,  6.78s/it]Fold 2:  79%|███████▉  | 79/100 [08:56<02:21,  6.75s/it]Fold 2:  79%|███████▉  | 79/100 [08:56<02:21,  6.76s/it]Fold 2:  80%|████████  | 80/100 [09:02<02:14,  6.74s/it]Fold 2:  80%|████████  | 80/100 [09:02<02:14,  6.75s/it][2025-05-09 18:10:14] INFO: [Rank 0] Epoch 81/100 - Loss: 0.0433, CE: 0.0345, smooth: 0.0588
Fold 2:  81%|████████  | 81/100 [09:09<02:07,  6.73s/it]Fold 2:  81%|████████  | 81/100 [09:09<02:07,  6.74s/it]Fold 2:  82%|████████▏ | 82/100 [09:16<02:00,  6.71s/it]Fold 2:  82%|████████▏ | 82/100 [09:16<02:00,  6.72s/it]Fold 2:  83%|████████▎ | 83/100 [09:23<01:54,  6.74s/it]Fold 2:  83%|████████▎ | 83/100 [09:23<01:54,  6.74s/it]Fold 2:  84%|████████▍ | 84/100 [09:29<01:47,  6.74s/it]Fold 2:  84%|████████▍ | 84/100 [09:29<01:48,  6.75s/it]Fold 2:  85%|████████▌ | 85/100 [09:36<01:41,  6.75s/it]Fold 2:  85%|████████▌ | 85/100 [09:36<01:41,  6.75s/it][2025-05-09 18:10:48] INFO: [Rank 0] Epoch 86/100 - Loss: 0.0497, CE: 0.0376, smooth: 0.0805
Fold 2:  86%|████████▌ | 86/100 [09:43<01:34,  6.77s/it]Fold 2:  86%|████████▌ | 86/100 [09:43<01:34,  6.77s/it]Fold 2:  87%|████████▋ | 87/100 [09:50<01:28,  6.77s/it]Fold 2:  87%|████████▋ | 87/100 [09:50<01:28,  6.77s/it]Fold 2:  88%|████████▊ | 88/100 [09:56<01:21,  6.76s/it]Fold 2:  88%|████████▊ | 88/100 [09:56<01:21,  6.76s/it]Fold 2:  89%|████████▉ | 89/100 [10:03<01:14,  6.77s/it]Fold 2:  89%|████████▉ | 89/100 [10:03<01:14,  6.77s/it]Fold 2:  90%|█████████ | 90/100 [10:10<01:07,  6.77s/it]Fold 2:  90%|█████████ | 90/100 [10:10<01:07,  6.78s/it]Fold 2:  91%|█████████ | 91/100 [10:17<01:00,  6.75s/it][2025-05-09 18:11:22] INFO: [Rank 0] Epoch 91/100 - Loss: 0.0423, CE: 0.0339, smooth: 0.0560
Fold 2:  91%|█████████ | 91/100 [10:17<01:00,  6.76s/it]Fold 2:  92%|█████████▏| 92/100 [10:24<00:54,  6.77s/it]Fold 2:  92%|█████████▏| 92/100 [10:24<00:54,  6.77s/it]Fold 2:  93%|█████████▎| 93/100 [10:30<00:47,  6.74s/it]Fold 2:  93%|█████████▎| 93/100 [10:30<00:47,  6.75s/it]Fold 2:  94%|█████████▍| 94/100 [10:37<00:40,  6.73s/it]Fold 2:  94%|█████████▍| 94/100 [10:37<00:40,  6.73s/it]Fold 2:  95%|█████████▌| 95/100 [10:44<00:34,  6.99s/it]Fold 2:  95%|█████████▌| 95/100 [10:45<00:34,  6.99s/it][2025-05-09 18:11:57] INFO: [Rank 0] Epoch 96/100 - Loss: 0.0475, CE: 0.0358, smooth: 0.0777
Fold 2:  96%|█████████▌| 96/100 [10:52<00:28,  7.05s/it]Fold 2:  96%|█████████▌| 96/100 [10:52<00:28,  7.05s/it]Fold 2:  97%|█████████▋| 97/100 [11:00<00:22,  7.36s/it]Fold 2:  97%|█████████▋| 97/100 [11:00<00:22,  7.36s/it]Fold 2:  98%|█████████▊| 98/100 [11:06<00:14,  7.16s/it]Fold 2:  98%|█████████▊| 98/100 [11:06<00:14,  7.16s/it]Fold 2:  99%|█████████▉| 99/100 [11:14<00:07,  7.16s/it]Fold 2:  99%|█████████▉| 99/100 [11:14<00:07,  7.16s/it]Fold 2: 100%|██████████| 100/100 [11:22<00:00,  7.42s/it]                                                         Fold 2: 100%|██████████| 100/100 [11:22<00:00,  7.43s/it]                                                         Fold 3:   0%|          | 0/100 [00:00<?, ?it/s]Fold 3:   0%|          | 0/100 [00:00<?, ?it/s]Fold 3:   1%|          | 1/100 [00:07<12:45,  7.73s/it][2025-05-09 18:12:35] INFO: [Rank 0] Epoch 1/100 - Loss: 0.2241, CE: 0.1425, smooth: 0.5436
Fold 3:   1%|          | 1/100 [00:07<12:49,  7.78s/it]Fold 3:   2%|▏         | 2/100 [00:14<12:01,  7.37s/it]Fold 3:   2%|▏         | 2/100 [00:14<12:03,  7.38s/it]Fold 3:   3%|▎         | 3/100 [00:21<11:37,  7.19s/it]Fold 3:   3%|▎         | 3/100 [00:21<11:38,  7.20s/it]Fold 3:   4%|▍         | 4/100 [00:28<11:25,  7.14s/it]Fold 3:   4%|▍         | 4/100 [00:28<11:25,  7.14s/it]Fold 3:   5%|▌         | 5/100 [00:35<11:16,  7.12s/it]Fold 3:   5%|▌         | 5/100 [00:36<11:16,  7.13s/it]Fold 3:   6%|▌         | 6/100 [00:42<11:03,  7.06s/it][2025-05-09 18:13:10] INFO: [Rank 0] Epoch 6/100 - Loss: 0.0731, CE: 0.0585, smooth: 0.0975
Fold 3:   6%|▌         | 6/100 [00:42<11:03,  7.06s/it]Fold 3:   7%|▋         | 7/100 [00:49<10:57,  7.07s/it]Fold 3:   7%|▋         | 7/100 [00:50<10:57,  7.07s/it]Fold 3:   8%|▊         | 8/100 [00:56<10:44,  7.01s/it]Fold 3:   8%|▊         | 8/100 [00:56<10:46,  7.02s/it]Fold 3:   9%|▉         | 9/100 [01:03<10:38,  7.01s/it]Fold 3:   9%|▉         | 9/100 [01:03<10:38,  7.01s/it]Fold 3:  10%|█         | 10/100 [01:10<10:29,  7.00s/it]Fold 3:  10%|█         | 10/100 [01:10<10:30,  7.01s/it]Fold 3:  11%|█         | 11/100 [01:17<10:24,  7.02s/it][2025-05-09 18:13:45] INFO: [Rank 0] Epoch 11/100 - Loss: 0.0595, CE: 0.0474, smooth: 0.0806
Fold 3:  11%|█         | 11/100 [01:18<10:26,  7.04s/it]Fold 3:  12%|█▏        | 12/100 [01:25<10:19,  7.04s/it]Fold 3:  12%|█▏        | 12/100 [01:25<10:19,  7.04s/it]Fold 3:  13%|█▎        | 13/100 [01:32<10:12,  7.04s/it]Fold 3:  13%|█▎        | 13/100 [01:32<10:13,  7.05s/it]Fold 3:  14%|█▍        | 14/100 [01:39<10:05,  7.04s/it]Fold 3:  14%|█▍        | 14/100 [01:39<10:06,  7.05s/it]Fold 3:  15%|█▌        | 15/100 [01:46<09:59,  7.05s/it]Fold 3:  15%|█▌        | 15/100 [01:46<09:59,  7.06s/it]Fold 3:  16%|█▌        | 16/100 [01:53<09:52,  7.06s/it][2025-05-09 18:14:20] INFO: [Rank 0] Epoch 16/100 - Loss: 0.0523, CE: 0.0418, smooth: 0.0700
Fold 3:  16%|█▌        | 16/100 [01:53<09:52,  7.06s/it]Fold 3:  17%|█▋        | 17/100 [02:00<09:45,  7.06s/it]Fold 3:  17%|█▋        | 17/100 [02:00<09:46,  7.06s/it]Fold 3:  18%|█▊        | 18/100 [02:07<09:35,  7.02s/it]Fold 3:  18%|█▊        | 18/100 [02:07<09:35,  7.02s/it]Fold 3:  19%|█▉        | 19/100 [02:14<09:29,  7.03s/it]Fold 3:  19%|█▉        | 19/100 [02:14<09:29,  7.03s/it]Fold 3:  20%|██        | 20/100 [02:21<09:19,  7.00s/it]Fold 3:  20%|██        | 20/100 [02:21<09:19,  7.00s/it]Fold 3:  21%|██        | 21/100 [02:28<09:14,  7.02s/it][2025-05-09 18:14:55] INFO: [Rank 0] Epoch 21/100 - Loss: 0.0528, CE: 0.0424, smooth: 0.0693
Fold 3:  21%|██        | 21/100 [02:28<09:13,  7.01s/it]Fold 3:  22%|██▏       | 22/100 [02:35<09:07,  7.02s/it]Fold 3:  22%|██▏       | 22/100 [02:35<09:08,  7.03s/it]Fold 3:  23%|██▎       | 23/100 [02:42<09:00,  7.02s/it]Fold 3:  23%|██▎       | 23/100 [02:42<09:01,  7.03s/it]Fold 3:  24%|██▍       | 24/100 [02:49<08:51,  7.00s/it]Fold 3:  24%|██▍       | 24/100 [02:49<08:51,  7.00s/it]Fold 3:  25%|██▌       | 25/100 [02:56<08:44,  7.00s/it]Fold 3:  25%|██▌       | 25/100 [02:56<08:44,  7.00s/it]Fold 3:  26%|██▌       | 26/100 [03:03<08:35,  6.97s/it][2025-05-09 18:15:30] INFO: [Rank 0] Epoch 26/100 - Loss: 0.0515, CE: 0.0414, smooth: 0.0674
Fold 3:  26%|██▌       | 26/100 [03:03<08:36,  6.98s/it]Fold 3:  27%|██▋       | 27/100 [03:10<08:30,  7.00s/it]Fold 3:  27%|██▋       | 27/100 [03:10<08:31,  7.01s/it]Fold 3:  28%|██▊       | 28/100 [03:17<08:22,  6.99s/it]Fold 3:  28%|██▊       | 28/100 [03:17<08:23,  6.99s/it]Fold 3:  29%|██▉       | 29/100 [03:24<08:16,  7.00s/it]Fold 3:  29%|██▉       | 29/100 [03:24<08:16,  7.00s/it]Fold 3:  30%|███       | 30/100 [03:31<08:10,  7.00s/it]Fold 3:  30%|███       | 30/100 [03:31<08:10,  7.01s/it]Fold 3:  31%|███       | 31/100 [03:38<08:04,  7.02s/it][2025-05-09 18:16:05] INFO: [Rank 0] Epoch 31/100 - Loss: 0.0510, CE: 0.0412, smooth: 0.0653
Fold 3:  31%|███       | 31/100 [03:38<08:04,  7.02s/it]Fold 3:  32%|███▏      | 32/100 [03:45<07:55,  6.99s/it]Fold 3:  32%|███▏      | 32/100 [03:45<07:55,  7.00s/it]Fold 3:  33%|███▎      | 33/100 [03:52<07:49,  7.01s/it]Fold 3:  33%|███▎      | 33/100 [03:52<07:50,  7.02s/it]Fold 3:  34%|███▍      | 34/100 [03:59<07:42,  7.00s/it]Fold 3:  34%|███▍      | 34/100 [03:59<07:42,  7.00s/it]Fold 3:  35%|███▌      | 35/100 [04:06<07:35,  7.01s/it]Fold 3:  35%|███▌      | 35/100 [04:06<07:36,  7.03s/it]Fold 3:  36%|███▌      | 36/100 [04:13<07:28,  7.01s/it][2025-05-09 18:16:40] INFO: [Rank 0] Epoch 36/100 - Loss: 0.0449, CE: 0.0355, smooth: 0.0624
Fold 3:  36%|███▌      | 36/100 [04:13<07:28,  7.01s/it]Fold 3:  37%|███▋      | 37/100 [04:20<07:21,  7.01s/it]Fold 3:  37%|███▋      | 37/100 [04:20<07:22,  7.02s/it]Fold 3:  38%|███▊      | 38/100 [04:27<07:14,  7.01s/it]Fold 3:  38%|███▊      | 38/100 [04:27<07:14,  7.01s/it]Fold 3:  39%|███▉      | 39/100 [04:34<07:08,  7.03s/it]Fold 3:  39%|███▉      | 39/100 [04:34<07:08,  7.02s/it]Fold 3:  40%|████      | 40/100 [04:41<07:01,  7.03s/it]Fold 3:  40%|████      | 40/100 [04:41<07:01,  7.03s/it][2025-05-09 18:17:15] INFO: [Rank 0] Epoch 41/100 - Loss: 0.0462, CE: 0.0371, smooth: 0.0604
Fold 3:  41%|████      | 41/100 [04:48<06:57,  7.07s/it]Fold 3:  41%|████      | 41/100 [04:48<06:57,  7.07s/it]Fold 3:  42%|████▏     | 42/100 [04:55<06:51,  7.10s/it]Fold 3:  42%|████▏     | 42/100 [04:55<06:51,  7.10s/it]Fold 3:  43%|████▎     | 43/100 [05:02<06:44,  7.09s/it]Fold 3:  43%|████▎     | 43/100 [05:02<06:44,  7.10s/it]Fold 3:  44%|████▍     | 44/100 [05:09<06:36,  7.08s/it]Fold 3:  44%|████▍     | 44/100 [05:09<06:36,  7.08s/it]Fold 3:  45%|████▌     | 45/100 [05:17<06:41,  7.31s/it]Fold 3:  45%|████▌     | 45/100 [05:17<06:42,  7.31s/it][2025-05-09 18:17:53] INFO: [Rank 0] Epoch 46/100 - Loss: 0.0483, CE: 0.0372, smooth: 0.0741
Fold 3:  46%|████▌     | 46/100 [05:25<06:46,  7.53s/it]Fold 3:  46%|████▌     | 46/100 [05:25<06:46,  7.53s/it]Fold 3:  47%|████▋     | 47/100 [05:32<06:31,  7.38s/it]Fold 3:  47%|████▋     | 47/100 [05:33<06:32,  7.41s/it]Fold 3:  48%|████▊     | 48/100 [05:39<06:18,  7.27s/it]Fold 3:  48%|████▊     | 48/100 [05:39<06:17,  7.26s/it]Fold 3:  49%|████▉     | 49/100 [05:46<06:06,  7.20s/it]Fold 3:  49%|████▉     | 49/100 [05:46<06:07,  7.20s/it]Fold 3:  50%|█████     | 50/100 [05:53<05:55,  7.11s/it]Fold 3:  50%|█████     | 50/100 [05:53<05:55,  7.12s/it][2025-05-09 18:18:28] INFO: [Rank 0] Epoch 51/100 - Loss: 0.0474, CE: 0.0376, smooth: 0.0650
Fold 3:  51%|█████     | 51/100 [06:00<05:47,  7.09s/it]Fold 3:  51%|█████     | 51/100 [06:00<05:47,  7.10s/it]Fold 3:  52%|█████▏    | 52/100 [06:08<05:50,  7.30s/it]Fold 3:  52%|█████▏    | 52/100 [06:08<05:51,  7.32s/it]Fold 3:  53%|█████▎    | 53/100 [06:15<05:39,  7.23s/it]Fold 3:  53%|█████▎    | 53/100 [06:15<05:39,  7.23s/it]Fold 3:  54%|█████▍    | 54/100 [06:22<05:29,  7.17s/it]Fold 3:  54%|█████▍    | 54/100 [06:22<05:29,  7.17s/it]Fold 3:  55%|█████▌    | 55/100 [06:29<05:21,  7.14s/it]Fold 3:  55%|█████▌    | 55/100 [06:29<05:21,  7.15s/it][2025-05-09 18:19:04] INFO: [Rank 0] Epoch 56/100 - Loss: 0.0419, CE: 0.0334, smooth: 0.0567
Fold 3:  56%|█████▌    | 56/100 [06:36<05:13,  7.12s/it]Fold 3:  56%|█████▌    | 56/100 [06:36<05:13,  7.13s/it]Fold 3:  57%|█████▋    | 57/100 [06:43<05:03,  7.06s/it]Fold 3:  57%|█████▋    | 57/100 [06:43<05:03,  7.06s/it]Fold 3:  58%|█████▊    | 58/100 [06:50<04:55,  7.03s/it]Fold 3:  58%|█████▊    | 58/100 [06:50<04:55,  7.03s/it]Fold 3:  59%|█████▉    | 59/100 [06:57<04:46,  7.00s/it]Fold 3:  59%|█████▉    | 59/100 [06:57<04:47,  7.00s/it]Fold 3:  60%|██████    | 60/100 [07:04<04:40,  7.01s/it]Fold 3:  60%|██████    | 60/100 [07:04<04:40,  7.01s/it][2025-05-09 18:19:39] INFO: [Rank 0] Epoch 61/100 - Loss: 0.0527, CE: 0.0408, smooth: 0.0795
Fold 3:  61%|██████    | 61/100 [07:11<04:33,  7.01s/it]Fold 3:  61%|██████    | 61/100 [07:11<04:33,  7.01s/it]Fold 3:  62%|██████▏   | 62/100 [07:18<04:25,  6.98s/it]Fold 3:  62%|██████▏   | 62/100 [07:18<04:25,  6.99s/it]Fold 3:  63%|██████▎   | 63/100 [07:25<04:19,  7.01s/it]Fold 3:  63%|██████▎   | 63/100 [07:25<04:19,  7.02s/it]Fold 3:  64%|██████▍   | 64/100 [07:32<04:11,  6.99s/it]Fold 3:  64%|██████▍   | 64/100 [07:32<04:11,  6.99s/it]Fold 3:  65%|██████▌   | 65/100 [07:39<04:05,  7.00s/it]Fold 3:  65%|██████▌   | 65/100 [07:39<04:05,  7.01s/it][2025-05-09 18:20:14] INFO: [Rank 0] Epoch 66/100 - Loss: 0.0512, CE: 0.0390, smooth: 0.0818
