Fold 7:  36%|███▌      | 36/100 [04:14<07:32,  7.07s/it]Fold 7:  36%|███▌      | 36/100 [04:14<07:32,  7.07s/it]Fold 7:  37%|███▋      | 37/100 [04:21<07:23,  7.05s/it]Fold 7:  37%|███▋      | 37/100 [04:21<07:23,  7.05s/it]Fold 7:  38%|███▊      | 38/100 [04:29<07:18,  7.07s/it]Fold 7:  38%|███▊      | 38/100 [04:29<07:18,  7.07s/it]Fold 7:  39%|███▉      | 39/100 [04:36<07:10,  7.06s/it]Fold 7:  39%|███▉      | 39/100 [04:36<07:11,  7.08s/it]Fold 7:  40%|████      | 40/100 [04:43<07:05,  7.09s/it]Fold 7:  40%|████      | 40/100 [04:43<07:05,  7.09s/it]Fold 7:  41%|████      | 41/100 [04:50<06:57,  7.08s/it][2025-05-09 19:03:16] INFO: [Rank 0] Epoch 41/100 - Loss: 0.0456, CE: 0.0368, smooth: 0.0590
Fold 7:  41%|████      | 41/100 [04:50<06:57,  7.07s/it]Fold 7:  42%|████▏     | 42/100 [04:57<06:51,  7.09s/it]Fold 7:  42%|████▏     | 42/100 [04:57<06:50,  7.09s/it]Fold 7:  43%|████▎     | 43/100 [05:04<06:42,  7.06s/it]Fold 7:  43%|████▎     | 43/100 [05:04<06:42,  7.06s/it]Fold 7:  44%|████▍     | 44/100 [05:11<06:33,  7.03s/it]Fold 7:  44%|████▍     | 44/100 [05:11<06:33,  7.03s/it]Fold 7:  45%|████▌     | 45/100 [05:18<06:27,  7.05s/it]Fold 7:  45%|████▌     | 45/100 [05:18<06:28,  7.06s/it][2025-05-09 19:03:52] INFO: [Rank 0] Epoch 46/100 - Loss: 0.0475, CE: 0.0376, smooth: 0.0660
Fold 7:  46%|████▌     | 46/100 [05:25<06:20,  7.05s/it]Fold 7:  46%|████▌     | 46/100 [05:25<06:21,  7.06s/it]Fold 7:  47%|████▋     | 47/100 [05:32<06:12,  7.03s/it]Fold 7:  47%|████▋     | 47/100 [05:32<06:12,  7.03s/it]Fold 7:  48%|████▊     | 48/100 [05:39<06:04,  7.01s/it]Fold 7:  48%|████▊     | 48/100 [05:39<06:05,  7.02s/it]Fold 7:  49%|████▉     | 49/100 [05:46<05:58,  7.04s/it]Fold 7:  49%|████▉     | 49/100 [05:46<05:58,  7.03s/it]Fold 7:  50%|█████     | 50/100 [05:53<05:51,  7.03s/it]Fold 7:  50%|█████     | 50/100 [05:53<05:51,  7.03s/it][2025-05-09 19:04:27] INFO: [Rank 0] Epoch 51/100 - Loss: 0.0464, CE: 0.0369, smooth: 0.0634
Fold 7:  51%|█████     | 51/100 [06:00<05:45,  7.05s/it]Fold 7:  51%|█████     | 51/100 [06:00<05:45,  7.06s/it]Fold 7:  52%|█████▏    | 52/100 [06:07<05:38,  7.04s/it]Fold 7:  52%|█████▏    | 52/100 [06:07<05:38,  7.04s/it]Fold 7:  53%|█████▎    | 53/100 [06:14<05:33,  7.09s/it]Fold 7:  53%|█████▎    | 53/100 [06:15<05:34,  7.11s/it]Fold 7:  54%|█████▍    | 54/100 [06:22<05:27,  7.13s/it]Fold 7:  54%|█████▍    | 54/100 [06:22<05:28,  7.14s/it]Fold 7:  55%|█████▌    | 55/100 [06:29<05:20,  7.11s/it]Fold 7:  55%|█████▌    | 55/100 [06:29<05:20,  7.12s/it]Fold 7:  56%|█████▌    | 56/100 [06:36<05:15,  7.18s/it][2025-05-09 19:05:03] INFO: [Rank 0] Epoch 56/100 - Loss: 0.0447, CE: 0.0359, smooth: 0.0590
Fold 7:  56%|█████▌    | 56/100 [06:36<05:15,  7.18s/it]Fold 7:  57%|█████▋    | 57/100 [06:43<05:06,  7.13s/it]Fold 7:  57%|█████▋    | 57/100 [06:43<05:06,  7.14s/it]Fold 7:  58%|█████▊    | 58/100 [06:50<04:57,  7.09s/it]Fold 7:  58%|█████▊    | 58/100 [06:50<04:57,  7.09s/it]Fold 7:  59%|█████▉    | 59/100 [06:57<04:51,  7.10s/it]Fold 7:  59%|█████▉    | 59/100 [06:57<04:51,  7.10s/it]Fold 7:  60%|██████    | 60/100 [07:04<04:42,  7.06s/it]Fold 7:  60%|██████    | 60/100 [07:04<04:42,  7.07s/it]Fold 7:  61%|██████    | 61/100 [07:11<04:34,  7.05s/it][2025-05-09 19:05:38] INFO: [Rank 0] Epoch 61/100 - Loss: 0.0499, CE: 0.0385, smooth: 0.0759
Fold 7:  61%|██████    | 61/100 [07:11<04:34,  7.04s/it]Fold 7:  62%|██████▏   | 62/100 [07:18<04:27,  7.05s/it]Fold 7:  62%|██████▏   | 62/100 [07:18<04:27,  7.05s/it]Fold 7:  63%|██████▎   | 63/100 [07:26<04:23,  7.13s/it]Fold 7:  63%|██████▎   | 63/100 [07:26<04:23,  7.13s/it]Fold 7:  64%|██████▍   | 64/100 [07:33<04:14,  7.08s/it]Fold 7:  64%|██████▍   | 64/100 [07:33<04:14,  7.08s/it]Fold 7:  65%|██████▌   | 65/100 [07:39<04:06,  7.03s/it]Fold 7:  65%|██████▌   | 65/100 [07:40<04:06,  7.05s/it]Fold 7:  66%|██████▌   | 66/100 [07:47<04:00,  7.07s/it][2025-05-09 19:06:13] INFO: [Rank 0] Epoch 66/100 - Loss: 0.0411, CE: 0.0329, smooth: 0.0542
Fold 7:  66%|██████▌   | 66/100 [07:47<04:00,  7.07s/it]Fold 7:  67%|██████▋   | 67/100 [07:54<03:53,  7.08s/it]Fold 7:  67%|██████▋   | 67/100 [07:54<03:53,  7.07s/it]Fold 7:  68%|██████▊   | 68/100 [08:01<03:46,  7.07s/it]Fold 7:  68%|██████▊   | 68/100 [08:01<03:46,  7.08s/it]Fold 7:  69%|██████▉   | 69/100 [08:08<03:39,  7.10s/it]Fold 7:  69%|██████▉   | 69/100 [08:08<03:39,  7.09s/it]Fold 7:  70%|███████   | 70/100 [08:15<03:32,  7.08s/it]Fold 7:  70%|███████   | 70/100 [08:15<03:32,  7.08s/it][2025-05-09 19:06:49] INFO: [Rank 0] Epoch 71/100 - Loss: 0.0427, CE: 0.0339, smooth: 0.0592
Fold 7:  71%|███████   | 71/100 [08:22<03:26,  7.13s/it]Fold 7:  71%|███████   | 71/100 [08:22<03:27,  7.14s/it]Fold 7:  72%|███████▏  | 72/100 [08:29<03:19,  7.12s/it]Fold 7:  72%|███████▏  | 72/100 [08:29<03:19,  7.12s/it]Fold 7:  73%|███████▎  | 73/100 [08:36<03:11,  7.10s/it]Fold 7:  73%|███████▎  | 73/100 [08:36<03:11,  7.10s/it]Fold 7:  74%|███████▍  | 74/100 [08:44<03:04,  7.11s/it]Fold 7:  74%|███████▍  | 74/100 [08:44<03:04,  7.11s/it]Fold 7:  75%|███████▌  | 75/100 [08:51<02:56,  7.07s/it]Fold 7:  75%|███████▌  | 75/100 [08:51<02:57,  7.08s/it]Fold 7:  76%|███████▌  | 76/100 [08:58<02:49,  7.08s/it][2025-05-09 19:07:24] INFO: [Rank 0] Epoch 76/100 - Loss: 0.0437, CE: 0.0347, smooth: 0.0601
Fold 7:  76%|███████▌  | 76/100 [08:58<02:50,  7.09s/it]Fold 7:  77%|███████▋  | 77/100 [09:05<02:43,  7.10s/it]Fold 7:  77%|███████▋  | 77/100 [09:05<02:43,  7.10s/it]Fold 7:  78%|███████▊  | 78/100 [09:12<02:35,  7.06s/it]Fold 7:  78%|███████▊  | 78/100 [09:12<02:35,  7.07s/it]Fold 7:  79%|███████▉  | 79/100 [09:19<02:28,  7.07s/it]Fold 7:  79%|███████▉  | 79/100 [09:19<02:28,  7.07s/it]Fold 7:  80%|████████  | 80/100 [09:26<02:21,  7.07s/it]Fold 7:  80%|████████  | 80/100 [09:26<02:21,  7.08s/it][2025-05-09 19:07:59] INFO: [Rank 0] Epoch 81/100 - Loss: 0.0422, CE: 0.0342, smooth: 0.0535
Fold 7:  81%|████████  | 81/100 [09:33<02:13,  7.05s/it]Fold 7:  81%|████████  | 81/100 [09:33<02:14,  7.06s/it]Fold 7:  82%|████████▏ | 82/100 [09:40<02:06,  7.03s/it]Fold 7:  82%|████████▏ | 82/100 [09:40<02:06,  7.04s/it]Fold 7:  83%|████████▎ | 83/100 [09:47<02:00,  7.11s/it]Fold 7:  83%|████████▎ | 83/100 [09:47<02:00,  7.11s/it]Fold 7:  84%|████████▍ | 84/100 [09:54<01:53,  7.10s/it]Fold 7:  84%|████████▍ | 84/100 [09:54<01:53,  7.11s/it]Fold 7:  85%|████████▌ | 85/100 [10:01<01:46,  7.11s/it]Fold 7:  85%|████████▌ | 85/100 [10:01<01:46,  7.11s/it][2025-05-09 19:08:35] INFO: [Rank 0] Epoch 86/100 - Loss: 0.0423, CE: 0.0341, smooth: 0.0544
Fold 7:  86%|████████▌ | 86/100 [10:08<01:39,  7.08s/it]Fold 7:  86%|████████▌ | 86/100 [10:08<01:39,  7.08s/it]Fold 7:  87%|████████▋ | 87/100 [10:15<01:31,  7.05s/it]Fold 7:  87%|████████▋ | 87/100 [10:15<01:31,  7.05s/it]Fold 7:  88%|████████▊ | 88/100 [10:22<01:24,  7.03s/it]Fold 7:  88%|████████▊ | 88/100 [10:22<01:24,  7.04s/it]Fold 7:  89%|████████▉ | 89/100 [10:30<01:17,  7.06s/it]Fold 7:  89%|████████▉ | 89/100 [10:30<01:17,  7.06s/it]Fold 7:  90%|█████████ | 90/100 [10:37<01:10,  7.06s/it]Fold 7:  90%|█████████ | 90/100 [10:37<01:10,  7.06s/it][2025-05-09 19:09:10] INFO: [Rank 0] Epoch 91/100 - Loss: 0.0427, CE: 0.0335, smooth: 0.0615
Fold 7:  91%|█████████ | 91/100 [10:44<01:03,  7.04s/it]Fold 7:  91%|█████████ | 91/100 [10:44<01:03,  7.04s/it]Fold 7:  92%|█████████▏| 92/100 [10:51<00:56,  7.07s/it]Fold 7:  92%|█████████▏| 92/100 [10:51<00:56,  7.07s/it]Fold 7:  93%|█████████▎| 93/100 [10:58<00:49,  7.08s/it]Fold 7:  93%|█████████▎| 93/100 [10:58<00:49,  7.10s/it]Fold 7:  94%|█████████▍| 94/100 [11:05<00:42,  7.07s/it]Fold 7:  94%|█████████▍| 94/100 [11:05<00:42,  7.06s/it]Fold 7:  95%|█████████▌| 95/100 [11:12<00:35,  7.16s/it]Fold 7:  95%|█████████▌| 95/100 [11:12<00:35,  7.17s/it][2025-05-09 19:09:46] INFO: [Rank 0] Epoch 96/100 - Loss: 0.0398, CE: 0.0315, smooth: 0.0555
Fold 7:  96%|█████████▌| 96/100 [11:19<00:28,  7.15s/it]Fold 7:  96%|█████████▌| 96/100 [11:19<00:28,  7.15s/it]Fold 7:  97%|█████████▋| 97/100 [11:27<00:21,  7.17s/it]Fold 7:  97%|█████████▋| 97/100 [11:27<00:21,  7.17s/it]Fold 7:  98%|█████████▊| 98/100 [11:34<00:14,  7.15s/it]Fold 7:  98%|█████████▊| 98/100 [11:34<00:14,  7.15s/it]Fold 7:  99%|█████████▉| 99/100 [11:41<00:07,  7.10s/it]Fold 7:  99%|█████████▉| 99/100 [11:41<00:07,  7.10s/it]Fold 7: 100%|██████████| 100/100 [11:48<00:00,  7.16s/it]                                                         Fold 7: 100%|██████████| 100/100 [11:48<00:00,  7.16s/it]                                                         [2025-05-09 19:10:14] INFO: Training statistics saved to result/FDI_BOTH_MSTCN_JS/training_stats.npy
[2025-05-09 19:10:14] INFO: Training completed in 1:21:25.442100
s16g15:1142463:1142511 [1] NCCL INFO [Service thread] Connection closed by localRank 1
[2025-05-09 19:10:14] INFO: Configuration saved to result/FDI_BOTH_MSTCN_JS/training_config.json
s16g15:1142462:1142510 [0] NCCL INFO [Service thread] Connection closed by localRank 0
s16g15:1142463:1245183 [1] NCCL INFO comm 0x4ab0acc0 rank 1 nranks 2 cudaDev 1 busId 46000 - Abort COMPLETE
s16g15:1142462:1245184 [0] NCCL INFO comm 0x195d29a0 rank 0 nranks 2 cudaDev 0 busId 26000 - Abort COMPLETE

--- Running with smoothing: TV ---

W0509 19:10:24.926000 1245185 /vsc-hard-mounts/leuven-data/370/vsc37097/miniconda3/envs/torch/lib/python3.10/site-packages/torch/distributed/run.py:793] 
W0509 19:10:24.926000 1245185 /vsc-hard-mounts/leuven-data/370/vsc37097/miniconda3/envs/torch/lib/python3.10/site-packages/torch/distributed/run.py:793] *****************************************
W0509 19:10:24.926000 1245185 /vsc-hard-mounts/leuven-data/370/vsc37097/miniconda3/envs/torch/lib/python3.10/site-packages/torch/distributed/run.py:793] Setting OMP_NUM_THREADS environment variable for each process to be 1 in default, to avoid your system being overloaded, please further tune the variable for optimal performance in your application as needed. 
W0509 19:10:24.926000 1245185 /vsc-hard-mounts/leuven-data/370/vsc37097/miniconda3/envs/torch/lib/python3.10/site-packages/torch/distributed/run.py:793] *****************************************
[2025-05-09 19:10:38] INFO: [Rank 0] Using device: cuda:0
[2025-05-09 19:10:38] INFO: Training started at: 2025-05-09 19:10:38.588988
s16g15:1245205:1245205 [0] NCCL INFO Bootstrap : Using ib0:172.23.4.215<0>
s16g15:1245205:1245205 [0] NCCL INFO NET/Plugin: No plugin found (libnccl-net.so)
s16g15:1245205:1245205 [0] NCCL INFO NET/Plugin: Plugin load returned 2 : libnccl-net.so: cannot open shared object file: No such file or directory : when loading libnccl-net.so
s16g15:1245205:1245205 [0] NCCL INFO NET/Plugin: Using internal network plugin.
s16g15:1245205:1245205 [0] NCCL INFO cudaDriverVersion 12000
NCCL version 2.21.5+cuda12.4
s16g15:1245205:1245266 [0] NCCL INFO NET/IB : Using [0]={[0] mlx5_0:1/IB, [1] mlx5_1:1/IB} [RO]; OOB ib0:172.23.4.215<0>
s16g15:1245205:1245266 [0] NCCL INFO Using non-device net plugin version 0
s16g15:1245205:1245266 [0] NCCL INFO Using network IB
s16g15:1245206:1245206 [1] NCCL INFO cudaDriverVersion 12000
s16g15:1245206:1245206 [1] NCCL INFO Bootstrap : Using ib0:172.23.4.215<0>
s16g15:1245206:1245206 [1] NCCL INFO NET/Plugin: No plugin found (libnccl-net.so)
s16g15:1245206:1245206 [1] NCCL INFO NET/Plugin: Plugin load returned 2 : libnccl-net.so: cannot open shared object file: No such file or directory : when loading libnccl-net.so
s16g15:1245206:1245206 [1] NCCL INFO NET/Plugin: Using internal network plugin.
s16g15:1245206:1245269 [1] NCCL INFO NET/IB : Using [0]={[0] mlx5_0:1/IB, [1] mlx5_1:1/IB} [RO]; OOB ib0:172.23.4.215<0>
s16g15:1245206:1245269 [1] NCCL INFO Using non-device net plugin version 0
s16g15:1245206:1245269 [1] NCCL INFO Using network IB
s16g15:1245206:1245269 [1] NCCL INFO ncclCommInitRank comm 0x456f2310 rank 1 nranks 2 cudaDev 1 nvmlDev 1 busId 46000 commId 0x77a30d85d5659363 - Init START
s16g15:1245205:1245266 [0] NCCL INFO ncclCommInitRank comm 0x2906aa20 rank 0 nranks 2 cudaDev 0 nvmlDev 0 busId 26000 commId 0x77a30d85d5659363 - Init START
s16g15:1245206:1245269 [1] NCCL INFO Setting affinity for GPU 1 to ffff
s16g15:1245205:1245266 [0] NCCL INFO Setting affinity for GPU 0 to ffff
s16g15:1245206:1245269 [1] NCCL INFO comm 0x456f2310 rank 1 nRanks 2 nNodes 1 localRanks 2 localRank 1 MNNVL 0
s16g15:1245205:1245266 [0] NCCL INFO comm 0x2906aa20 rank 0 nRanks 2 nNodes 1 localRanks 2 localRank 0 MNNVL 0
s16g15:1245205:1245266 [0] NCCL INFO Channel 00/08 :    0   1
s16g15:1245205:1245266 [0] NCCL INFO Channel 01/08 :    0   1
s16g15:1245206:1245269 [1] NCCL INFO Trees [0] -1/-1/-1->1->0 [1] -1/-1/-1->1->0 [2] 0/-1/-1->1->-1 [3] 0/-1/-1->1->-1 [4] -1/-1/-1->1->0 [5] -1/-1/-1->1->0 [6] 0/-1/-1->1->-1 [7] 0/-1/-1->1->-1
s16g15:1245205:1245266 [0] NCCL INFO Channel 02/08 :    0   1
s16g15:1245205:1245266 [0] NCCL INFO Channel 03/08 :    0   1
s16g15:1245206:1245269 [1] NCCL INFO P2P Chunksize set to 524288
s16g15:1245205:1245266 [0] NCCL INFO Channel 04/08 :    0   1
s16g15:1245205:1245266 [0] NCCL INFO Channel 05/08 :    0   1
s16g15:1245205:1245266 [0] NCCL INFO Channel 06/08 :    0   1
s16g15:1245205:1245266 [0] NCCL INFO Channel 07/08 :    0   1
s16g15:1245205:1245266 [0] NCCL INFO Trees [0] 1/-1/-1->0->-1 [1] 1/-1/-1->0->-1 [2] -1/-1/-1->0->1 [3] -1/-1/-1->0->1 [4] 1/-1/-1->0->-1 [5] 1/-1/-1->0->-1 [6] -1/-1/-1->0->1 [7] -1/-1/-1->0->1
s16g15:1245205:1245266 [0] NCCL INFO P2P Chunksize set to 524288
s16g15:1245205:1245266 [0] NCCL INFO Channel 00/0 : 0[0] -> 1[1] via P2P/CUMEM
s16g15:1245206:1245269 [1] NCCL INFO Channel 00/0 : 1[1] -> 0[0] via P2P/CUMEM
s16g15:1245205:1245266 [0] NCCL INFO Channel 01/0 : 0[0] -> 1[1] via P2P/CUMEM
s16g15:1245206:1245269 [1] NCCL INFO Channel 01/0 : 1[1] -> 0[0] via P2P/CUMEM
s16g15:1245205:1245266 [0] NCCL INFO Channel 02/0 : 0[0] -> 1[1] via P2P/CUMEM
s16g15:1245206:1245269 [1] NCCL INFO Channel 02/0 : 1[1] -> 0[0] via P2P/CUMEM
s16g15:1245205:1245266 [0] NCCL INFO Channel 03/0 : 0[0] -> 1[1] via P2P/CUMEM
s16g15:1245206:1245269 [1] NCCL INFO Channel 03/0 : 1[1] -> 0[0] via P2P/CUMEM
s16g15:1245205:1245266 [0] NCCL INFO Channel 04/0 : 0[0] -> 1[1] via P2P/CUMEM
s16g15:1245206:1245269 [1] NCCL INFO Channel 04/0 : 1[1] -> 0[0] via P2P/CUMEM
s16g15:1245205:1245266 [0] NCCL INFO Channel 05/0 : 0[0] -> 1[1] via P2P/CUMEM
s16g15:1245206:1245269 [1] NCCL INFO Channel 05/0 : 1[1] -> 0[0] via P2P/CUMEM
s16g15:1245205:1245266 [0] NCCL INFO Channel 06/0 : 0[0] -> 1[1] via P2P/CUMEM
s16g15:1245206:1245269 [1] NCCL INFO Channel 06/0 : 1[1] -> 0[0] via P2P/CUMEM
s16g15:1245205:1245266 [0] NCCL INFO Channel 07/0 : 0[0] -> 1[1] via P2P/CUMEM
s16g15:1245206:1245269 [1] NCCL INFO Channel 07/0 : 1[1] -> 0[0] via P2P/CUMEM
s16g15:1245205:1245266 [0] NCCL INFO Connected all rings
s16g15:1245206:1245269 [1] NCCL INFO Connected all rings
s16g15:1245205:1245266 [0] NCCL INFO Connected all trees
s16g15:1245206:1245269 [1] NCCL INFO Connected all trees
s16g15:1245206:1245269 [1] NCCL INFO threadThresholds 8/8/64 | 16/8/64 | 512 | 512
s16g15:1245206:1245269 [1] NCCL INFO 8 coll channels, 8 collnet channels, 0 nvls channels, 8 p2p channels, 8 p2p channels per peer
s16g15:1245205:1245266 [0] NCCL INFO threadThresholds 8/8/64 | 16/8/64 | 512 | 512
s16g15:1245205:1245266 [0] NCCL INFO 8 coll channels, 8 collnet channels, 0 nvls channels, 8 p2p channels, 8 p2p channels per peer
s16g15:1245205:1245266 [0] NCCL INFO TUNER/Plugin: Plugin load returned 11 : libnccl-net.so: cannot open shared object file: No such file or directory : when loading libnccl-tuner.so
s16g15:1245205:1245266 [0] NCCL INFO TUNER/Plugin: Using internal tuner plugin.
s16g15:1245205:1245266 [0] NCCL INFO ncclCommInitRank comm 0x2906aa20 rank 0 nranks 2 cudaDev 0 nvmlDev 0 busId 26000 commId 0x77a30d85d5659363 - Init COMPLETE
s16g15:1245206:1245269 [1] NCCL INFO TUNER/Plugin: Plugin load returned 11 : libnccl-net.so: cannot open shared object file: No such file or directory : when loading libnccl-tuner.so
s16g15:1245206:1245269 [1] NCCL INFO TUNER/Plugin: Using internal tuner plugin.
s16g15:1245206:1245269 [1] NCCL INFO ncclCommInitRank comm 0x456f2310 rank 1 nranks 2 cudaDev 1 nvmlDev 1 busId 46000 commId 0x77a30d85d5659363 - Init COMPLETE
Fold 1:   0%|          | 0/100 [00:00<?, ?it/s]Fold 1:   0%|          | 0/100 [00:00<?, ?it/s]Fold 1:   1%|          | 1/100 [00:09<15:51,  9.61s/it][2025-05-09 19:11:16] INFO: [Rank 0] Epoch 1/100 - Loss: 0.2536, CE: 0.1331, smooth: 0.8033
Fold 1:   1%|          | 1/100 [00:09<15:51,  9.61s/it]Fold 1:   2%|▏         | 2/100 [00:16<13:11,  8.07s/it]Fold 1:   2%|▏         | 2/100 [00:16<13:10,  8.07s/it]Fold 1:   3%|▎         | 3/100 [00:23<12:09,  7.52s/it]Fold 1:   3%|▎         | 3/100 [00:23<12:10,  7.53s/it]Fold 1:   4%|▍         | 4/100 [00:30<11:42,  7.32s/it]Fold 1:   4%|▍         | 4/100 [00:30<11:44,  7.33s/it]Fold 1:   5%|▌         | 5/100 [00:37<11:18,  7.15s/it]Fold 1:   5%|▌         | 5/100 [00:37<11:19,  7.16s/it]Fold 1:   6%|▌         | 6/100 [00:44<11:07,  7.10s/it][2025-05-09 19:11:50] INFO: [Rank 0] Epoch 6/100 - Loss: 0.1275, CE: 0.0708, smooth: 0.3783
Fold 1:   6%|▌         | 6/100 [00:44<11:07,  7.10s/it]Fold 1:   7%|▋         | 7/100 [00:51<10:55,  7.05s/it]Fold 1:   7%|▋         | 7/100 [00:51<10:56,  7.05s/it]Fold 1:   8%|▊         | 8/100 [00:58<10:47,  7.03s/it]Fold 1:   8%|▊         | 8/100 [00:58<10:47,  7.04s/it]Fold 1:   9%|▉         | 9/100 [01:05<10:39,  7.02s/it]Fold 1:   9%|▉         | 9/100 [01:05<10:39,  7.03s/it]Fold 1:  10%|█         | 10/100 [01:12<10:31,  7.02s/it]Fold 1:  10%|█         | 10/100 [01:12<10:32,  7.02s/it]Fold 1:  11%|█         | 11/100 [01:19<10:20,  6.97s/it][2025-05-09 19:12:25] INFO: [Rank 0] Epoch 11/100 - Loss: 0.0859, CE: 0.0544, smooth: 0.2098
Fold 1:  11%|█         | 11/100 [01:19<10:20,  6.98s/it]Fold 1:  12%|█▏        | 12/100 [01:26<10:14,  6.98s/it]Fold 1:  12%|█▏        | 12/100 [01:26<10:14,  6.99s/it]Fold 1:  13%|█▎        | 13/100 [01:33<10:04,  6.95s/it]Fold 1:  13%|█▎        | 13/100 [01:33<10:05,  6.95s/it]Fold 1:  14%|█▍        | 14/100 [01:40<09:58,  6.96s/it]Fold 1:  14%|█▍        | 14/100 [01:40<09:59,  6.97s/it]Fold 1:  15%|█▌        | 15/100 [01:46<09:49,  6.94s/it]Fold 1:  15%|█▌        | 15/100 [01:46<09:50,  6.94s/it]Fold 1:  16%|█▌        | 16/100 [01:53<09:44,  6.96s/it][2025-05-09 19:13:00] INFO: [Rank 0] Epoch 16/100 - Loss: 0.0762, CE: 0.0522, smooth: 0.1601
Fold 1:  16%|█▌        | 16/100 [01:53<09:44,  6.96s/it]Fold 1:  17%|█▋        | 17/100 [02:00<09:38,  6.97s/it]Fold 1:  17%|█▋        | 17/100 [02:00<09:39,  6.98s/it]Fold 1:  18%|█▊        | 18/100 [02:07<09:33,  6.99s/it]Fold 1:  18%|█▊        | 18/100 [02:07<09:32,  6.98s/it]Fold 1:  19%|█▉        | 19/100 [02:15<09:27,  7.00s/it]Fold 1:  19%|█▉        | 19/100 [02:14<09:26,  7.00s/it]Fold 1:  20%|██        | 20/100 [02:22<09:20,  7.00s/it]Fold 1:  20%|██        | 20/100 [02:21<09:19,  7.00s/it]Fold 1:  21%|██        | 21/100 [02:29<09:13,  7.00s/it][2025-05-09 19:13:35] INFO: [Rank 0] Epoch 21/100 - Loss: 0.0672, CE: 0.0471, smooth: 0.1338
Fold 1:  21%|██        | 21/100 [02:29<09:13,  7.01s/it]Fold 1:  22%|██▏       | 22/100 [02:36<09:05,  7.00s/it]Fold 1:  22%|██▏       | 22/100 [02:36<09:06,  7.01s/it]Fold 1:  23%|██▎       | 23/100 [02:42<08:56,  6.96s/it]Fold 1:  23%|██▎       | 23/100 [02:42<08:55,  6.96s/it]Fold 1:  24%|██▍       | 24/100 [02:49<08:48,  6.96s/it]Fold 1:  24%|██▍       | 24/100 [02:49<08:48,  6.96s/it]Fold 1:  25%|██▌       | 25/100 [02:56<08:42,  6.96s/it]Fold 1:  25%|██▌       | 25/100 [02:56<08:42,  6.96s/it]Fold 1:  26%|██▌       | 26/100 [03:03<08:32,  6.93s/it][2025-05-09 19:14:10] INFO: [Rank 0] Epoch 26/100 - Loss: 0.0630, CE: 0.0467, smooth: 0.1087
Fold 1:  26%|██▌       | 26/100 [03:03<08:33,  6.94s/it]Fold 1:  27%|██▋       | 27/100 [03:10<08:25,  6.92s/it]Fold 1:  27%|██▋       | 27/100 [03:10<08:24,  6.91s/it]Fold 1:  28%|██▊       | 28/100 [03:17<08:16,  6.90s/it]Fold 1:  28%|██▊       | 28/100 [03:17<08:16,  6.90s/it]Fold 1:  29%|██▉       | 29/100 [03:24<08:11,  6.92s/it]Fold 1:  29%|██▉       | 29/100 [03:24<08:11,  6.93s/it]Fold 1:  30%|███       | 30/100 [03:31<08:05,  6.93s/it]Fold 1:  30%|███       | 30/100 [03:31<08:05,  6.94s/it][2025-05-09 19:14:44] INFO: [Rank 0] Epoch 31/100 - Loss: 0.0635, CE: 0.0477, smooth: 0.1053
Fold 1:  31%|███       | 31/100 [03:38<07:57,  6.92s/it]Fold 1:  31%|███       | 31/100 [03:38<07:57,  6.92s/it]Fold 1:  32%|███▏      | 32/100 [03:45<07:50,  6.92s/it]Fold 1:  32%|███▏      | 32/100 [03:45<07:50,  6.92s/it]Fold 1:  33%|███▎      | 33/100 [03:52<07:42,  6.90s/it]Fold 1:  33%|███▎      | 33/100 [03:52<07:42,  6.91s/it]Fold 1:  34%|███▍      | 34/100 [03:58<07:35,  6.90s/it]Fold 1:  34%|███▍      | 34/100 [03:58<07:35,  6.90s/it]Fold 1:  35%|███▌      | 35/100 [04:05<07:27,  6.89s/it]Fold 1:  35%|███▌      | 35/100 [04:05<07:27,  6.88s/it]Fold 1:  36%|███▌      | 36/100 [04:12<07:20,  6.88s/it][2025-05-09 19:15:19] INFO: [Rank 0] Epoch 36/100 - Loss: 0.0622, CE: 0.0487, smooth: 0.0904
Fold 1:  36%|███▌      | 36/100 [04:12<07:20,  6.88s/it]Fold 1:  37%|███▋      | 37/100 [04:19<07:16,  6.92s/it]Fold 1:  37%|███▋      | 37/100 [04:19<07:16,  6.92s/it]Fold 1:  38%|███▊      | 38/100 [04:26<07:10,  6.95s/it]Fold 1:  38%|███▊      | 38/100 [04:26<07:11,  6.96s/it]Fold 1:  39%|███▉      | 39/100 [04:33<07:05,  6.97s/it]Fold 1:  39%|███▉      | 39/100 [04:33<07:05,  6.98s/it]Fold 1:  40%|████      | 40/100 [04:40<06:59,  6.99s/it]Fold 1:  40%|████      | 40/100 [04:40<06:59,  6.99s/it][2025-05-09 19:15:54] INFO: [Rank 0] Epoch 41/100 - Loss: 0.0558, CE: 0.0429, smooth: 0.0856
Fold 1:  41%|████      | 41/100 [04:47<06:52,  6.99s/it]Fold 1:  41%|████      | 41/100 [04:47<06:53,  7.01s/it]Fold 1:  42%|████▏     | 42/100 [04:54<06:43,  6.96s/it]Fold 1:  42%|████▏     | 42/100 [04:54<06:43,  6.96s/it]Fold 1:  43%|████▎     | 43/100 [05:01<06:34,  6.92s/it]Fold 1:  43%|████▎     | 43/100 [05:01<06:34,  6.93s/it]Fold 1:  44%|████▍     | 44/100 [05:08<06:27,  6.92s/it]Fold 1:  44%|████▍     | 44/100 [05:08<06:27,  6.93s/it]Fold 1:  45%|████▌     | 45/100 [05:15<06:21,  6.93s/it]Fold 1:  45%|████▌     | 45/100 [05:15<06:21,  6.93s/it]Fold 1:  46%|████▌     | 46/100 [05:22<06:15,  6.95s/it][2025-05-09 19:16:28] INFO: [Rank 0] Epoch 46/100 - Loss: 0.0541, CE: 0.0417, smooth: 0.0826
Fold 1:  46%|████▌     | 46/100 [05:22<06:15,  6.95s/it]Fold 1:  47%|████▋     | 47/100 [05:29<06:07,  6.93s/it]Fold 1:  47%|████▋     | 47/100 [05:29<06:07,  6.94s/it]Fold 1:  48%|████▊     | 48/100 [05:36<06:00,  6.92s/it]Fold 1:  48%|████▊     | 48/100 [05:36<06:00,  6.93s/it]Fold 1:  49%|████▉     | 49/100 [05:43<05:53,  6.93s/it]Fold 1:  49%|████▉     | 49/100 [05:43<05:53,  6.94s/it]Fold 1:  50%|█████     | 50/100 [05:50<05:47,  6.96s/it]Fold 1:  50%|█████     | 50/100 [05:50<05:48,  6.97s/it]Fold 1:  51%|█████     | 51/100 [05:57<05:40,  6.95s/it][2025-05-09 19:17:03] INFO: [Rank 0] Epoch 51/100 - Loss: 0.0514, CE: 0.0369, smooth: 0.0967
Fold 1:  51%|█████     | 51/100 [05:57<05:40,  6.94s/it]Fold 1:  52%|█████▏    | 52/100 [06:04<05:33,  6.96s/it]Fold 1:  52%|█████▏    | 52/100 [06:04<05:34,  6.97s/it]Fold 1:  53%|█████▎    | 53/100 [06:11<05:27,  6.98s/it]Fold 1:  53%|█████▎    | 53/100 [06:11<05:27,  6.97s/it]Fold 1:  54%|█████▍    | 54/100 [06:18<05:20,  6.98s/it]Fold 1:  54%|█████▍    | 54/100 [06:18<05:20,  6.97s/it]Fold 1:  55%|█████▌    | 55/100 [06:24<05:12,  6.95s/it]Fold 1:  55%|█████▌    | 55/100 [06:24<05:12,  6.95s/it][2025-05-09 19:17:38] INFO: [Rank 0] Epoch 56/100 - Loss: 0.0478, CE: 0.0333, smooth: 0.0964
Fold 1:  56%|█████▌    | 56/100 [06:31<05:04,  6.92s/it]Fold 1:  56%|█████▌    | 56/100 [06:31<05:04,  6.93s/it]Fold 1:  57%|█████▋    | 57/100 [06:38<04:58,  6.94s/it]Fold 1:  57%|█████▋    | 57/100 [06:38<04:58,  6.95s/it]Fold 1:  58%|█████▊    | 58/100 [06:45<04:52,  6.96s/it]Fold 1:  58%|█████▊    | 58/100 [06:45<04:52,  6.96s/it]Fold 1:  59%|█████▉    | 59/100 [06:52<04:45,  6.97s/it]Fold 1:  59%|█████▉    | 59/100 [06:52<04:45,  6.97s/it]Fold 1:  60%|██████    | 60/100 [06:59<04:38,  6.96s/it]Fold 1:  60%|██████    | 60/100 [06:59<04:38,  6.97s/it]Fold 1:  61%|██████    | 61/100 [07:06<04:30,  6.94s/it][2025-05-09 19:18:13] INFO: [Rank 0] Epoch 61/100 - Loss: 0.0396, CE: 0.0244, smooth: 0.1009
Fold 1:  61%|██████    | 61/100 [07:06<04:30,  6.94s/it]Fold 1:  62%|██████▏   | 62/100 [07:13<04:24,  6.95s/it]Fold 1:  62%|██████▏   | 62/100 [07:13<04:24,  6.96s/it]Fold 1:  63%|██████▎   | 63/100 [07:20<04:18,  6.98s/it]Fold 1:  63%|██████▎   | 63/100 [07:20<04:18,  6.98s/it]Fold 1:  64%|██████▍   | 64/100 [07:27<04:10,  6.95s/it]Fold 1:  64%|██████▍   | 64/100 [07:27<04:10,  6.96s/it]Fold 1:  65%|██████▌   | 65/100 [07:34<04:04,  6.97s/it]Fold 1:  65%|██████▌   | 65/100 [07:34<04:04,  6.97s/it]Fold 1:  66%|██████▌   | 66/100 [07:41<03:56,  6.96s/it][2025-05-09 19:18:48] INFO: [Rank 0] Epoch 66/100 - Loss: 0.0398, CE: 0.0296, smooth: 0.0679
Fold 1:  66%|██████▌   | 66/100 [07:41<03:56,  6.96s/it]Fold 1:  67%|██████▋   | 67/100 [07:48<03:48,  6.94s/it]Fold 1:  67%|██████▋   | 67/100 [07:48<03:49,  6.95s/it]Fold 1:  68%|██████▊   | 68/100 [07:55<03:42,  6.95s/it]Fold 1:  68%|██████▊   | 68/100 [07:55<03:42,  6.95s/it]Fold 1:  69%|██████▉   | 69/100 [08:02<03:36,  6.97s/it]Fold 1:  69%|██████▉   | 69/100 [08:02<03:36,  6.98s/it]Fold 1:  70%|███████   | 70/100 [08:09<03:29,  6.99s/it]Fold 1:  70%|███████   | 70/100 [08:09<03:29,  6.99s/it]Fold 1:  71%|███████   | 71/100 [08:16<03:21,  6.95s/it][2025-05-09 19:19:22] INFO: [Rank 0] Epoch 71/100 - Loss: 0.0372, CE: 0.0268, smooth: 0.0696
Fold 1:  71%|███████   | 71/100 [08:16<03:21,  6.95s/it]Fold 1:  72%|███████▏  | 72/100 [08:23<03:13,  6.93s/it]Fold 1:  72%|███████▏  | 72/100 [08:23<03:13,  6.93s/it]Fold 1:  73%|███████▎  | 73/100 [08:30<03:07,  6.94s/it]Fold 1:  73%|███████▎  | 73/100 [08:30<03:07,  6.95s/it]Fold 1:  74%|███████▍  | 74/100 [08:36<03:00,  6.93s/it]Fold 1:  74%|███████▍  | 74/100 [08:36<03:00,  6.93s/it]Fold 1:  75%|███████▌  | 75/100 [08:43<02:52,  6.90s/it]Fold 1:  75%|███████▌  | 75/100 [08:43<02:52,  6.91s/it]Fold 1:  76%|███████▌  | 76/100 [08:50<02:45,  6.91s/it][2025-05-09 19:19:57] INFO: [Rank 0] Epoch 76/100 - Loss: 0.0318, CE: 0.0213, smooth: 0.0701
Fold 1:  76%|███████▌  | 76/100 [08:50<02:45,  6.91s/it]Fold 1:  77%|███████▋  | 77/100 [08:57<02:39,  6.95s/it]Fold 1:  77%|███████▋  | 77/100 [08:57<02:39,  6.95s/it]Fold 1:  78%|███████▊  | 78/100 [09:04<02:32,  6.95s/it]Fold 1:  78%|███████▊  | 78/100 [09:04<02:33,  6.96s/it]Fold 1:  79%|███████▉  | 79/100 [09:11<02:26,  6.96s/it]Fold 1:  79%|███████▉  | 79/100 [09:11<02:26,  6.97s/it]Fold 1:  80%|████████  | 80/100 [09:18<02:18,  6.94s/it]Fold 1:  80%|████████  | 80/100 [09:18<02:18,  6.94s/it]Fold 1:  81%|████████  | 81/100 [09:25<02:12,  6.97s/it][2025-05-09 19:20:32] INFO: [Rank 0] Epoch 81/100 - Loss: 0.0288, CE: 0.0185, smooth: 0.0686
Fold 1:  81%|████████  | 81/100 [09:25<02:12,  6.97s/it]Fold 1:  82%|████████▏ | 82/100 [09:32<02:05,  6.98s/it]Fold 1:  82%|████████▏ | 82/100 [09:32<02:05,  6.98s/it]Fold 1:  83%|████████▎ | 83/100 [09:39<01:58,  6.97s/it]Fold 1:  83%|████████▎ | 83/100 [09:39<01:58,  6.98s/it]Fold 1:  84%|████████▍ | 84/100 [09:46<01:51,  6.99s/it]Fold 1:  84%|████████▍ | 84/100 [09:46<01:51,  7.00s/it]Fold 1:  85%|████████▌ | 85/100 [09:53<01:44,  7.00s/it]Fold 1:  85%|████████▌ | 85/100 [09:53<01:45,  7.01s/it]Fold 1:  86%|████████▌ | 86/100 [10:00<01:37,  6.97s/it][2025-05-09 19:21:07] INFO: [Rank 0] Epoch 86/100 - Loss: 0.0271, CE: 0.0178, smooth: 0.0622
Fold 1:  86%|████████▌ | 86/100 [10:00<01:37,  6.98s/it]Fold 1:  87%|████████▋ | 87/100 [10:07<01:30,  6.97s/it]Fold 1:  87%|████████▋ | 87/100 [10:07<01:30,  6.98s/it]Fold 1:  88%|████████▊ | 88/100 [10:14<01:23,  6.95s/it]Fold 1:  88%|████████▊ | 88/100 [10:14<01:23,  6.97s/it]Fold 1:  89%|████████▉ | 89/100 [10:21<01:16,  6.93s/it]Fold 1:  89%|████████▉ | 89/100 [10:21<01:16,  6.94s/it]Fold 1:  90%|█████████ | 90/100 [10:28<01:09,  6.94s/it]Fold 1:  90%|█████████ | 90/100 [10:28<01:09,  6.96s/it]Fold 1:  91%|█████████ | 91/100 [10:35<01:02,  6.98s/it][2025-05-09 19:21:42] INFO: [Rank 0] Epoch 91/100 - Loss: 0.0275, CE: 0.0156, smooth: 0.0791
Fold 1:  91%|█████████ | 91/100 [10:35<01:02,  6.97s/it]Fold 1:  92%|█████████▏| 92/100 [10:42<00:55,  6.94s/it]Fold 1:  92%|█████████▏| 92/100 [10:42<00:55,  6.95s/it]Fold 1:  93%|█████████▎| 93/100 [10:49<00:48,  6.95s/it]Fold 1:  93%|█████████▎| 93/100 [10:49<00:48,  6.96s/it]Fold 1:  94%|█████████▍| 94/100 [10:56<00:41,  6.92s/it]Fold 1:  94%|█████████▍| 94/100 [10:56<00:41,  6.92s/it]Fold 1:  95%|█████████▌| 95/100 [11:02<00:34,  6.90s/it]Fold 1:  95%|█████████▌| 95/100 [11:02<00:34,  6.90s/it]Fold 1:  96%|█████████▌| 96/100 [11:09<00:27,  6.92s/it][2025-05-09 19:22:16] INFO: [Rank 0] Epoch 96/100 - Loss: 0.0237, CE: 0.0138, smooth: 0.0666
Fold 1:  96%|█████████▌| 96/100 [11:09<00:27,  6.93s/it]Fold 1:  97%|█████████▋| 97/100 [11:16<00:20,  6.96s/it]Fold 1:  97%|█████████▋| 97/100 [11:16<00:20,  6.96s/it]Fold 1:  98%|█████████▊| 98/100 [11:23<00:13,  6.97s/it]Fold 1:  98%|█████████▊| 98/100 [11:24<00:13,  6.99s/it]Fold 1:  99%|█████████▉| 99/100 [11:31<00:06,  6.99s/it]Fold 1:  99%|█████████▉| 99/100 [11:30<00:06,  6.98s/it]Fold 1: 100%|██████████| 100/100 [11:37<00:00,  6.94s/it]                                                         Fold 1: 100%|██████████| 100/100 [11:37<00:00,  6.96s/it]                                                         Fold 2:   0%|          | 0/100 [00:00<?, ?it/s]Fold 2:   0%|          | 0/100 [00:00<?, ?it/s]Fold 2:   1%|          | 1/100 [00:06<11:04,  6.71s/it][2025-05-09 19:22:51] INFO: [Rank 0] Epoch 1/100 - Loss: 0.2496, CE: 0.1320, smooth: 0.7838
Fold 2:   1%|          | 1/100 [00:06<11:07,  6.74s/it]Fold 2:   2%|▏         | 2/100 [00:13<10:56,  6.70s/it]Fold 2:   2%|▏         | 2/100 [00:13<10:59,  6.73s/it]Fold 2:   3%|▎         | 3/100 [00:20<10:54,  6.74s/it]Fold 2:   3%|▎         | 3/100 [00:20<10:54,  6.75s/it]Fold 2:   4%|▍         | 4/100 [00:26<10:46,  6.74s/it]Fold 2:   4%|▍         | 4/100 [00:26<10:47,  6.74s/it]Fold 2:   5%|▌         | 5/100 [00:33<10:35,  6.69s/it]Fold 2:   5%|▌         | 5/100 [00:33<10:37,  6.71s/it][2025-05-09 19:23:24] INFO: [Rank 0] Epoch 6/100 - Loss: 0.0957, CE: 0.0707, smooth: 0.1666
Fold 2:   6%|▌         | 6/100 [00:40<10:26,  6.67s/it]Fold 2:   6%|▌         | 6/100 [00:40<10:27,  6.68s/it]Fold 2:   7%|▋         | 7/100 [00:46<10:20,  6.68s/it]Fold 2:   7%|▋         | 7/100 [00:46<10:21,  6.68s/it]Fold 2:   8%|▊         | 8/100 [00:53<10:12,  6.66s/it]Fold 2:   8%|▊         | 8/100 [00:53<10:12,  6.66s/it]Fold 2:   9%|▉         | 9/100 [01:00<10:04,  6.64s/it]Fold 2:   9%|▉         | 9/100 [01:00<10:05,  6.65s/it]Fold 2:  10%|█         | 10/100 [01:06<10:00,  6.67s/it]Fold 2:  10%|█         | 10/100 [01:06<10:00,  6.67s/it]Fold 2:  11%|█         | 11/100 [01:13<09:55,  6.69s/it][2025-05-09 19:23:58] INFO: [Rank 0] Epoch 11/100 - Loss: 0.0913, CE: 0.0729, smooth: 0.1224
Fold 2:  11%|█         | 11/100 [01:13<09:55,  6.69s/it]Fold 2:  12%|█▏        | 12/100 [01:20<09:46,  6.66s/it]Fold 2:  12%|█▏        | 12/100 [01:20<09:46,  6.66s/it]Fold 2:  13%|█▎        | 13/100 [01:26<09:40,  6.67s/it]Fold 2:  13%|█▎        | 13/100 [01:26<09:41,  6.69s/it]Fold 2:  14%|█▍        | 14/100 [01:33<09:35,  6.70s/it]Fold 2:  14%|█▍        | 14/100 [01:33<09:36,  6.70s/it]Fold 2:  15%|█▌        | 15/100 [01:40<09:29,  6.70s/it]Fold 2:  15%|█▌        | 15/100 [01:40<09:29,  6.70s/it]Fold 2:  16%|█▌        | 16/100 [01:47<09:23,  6.71s/it][2025-05-09 19:24:31] INFO: [Rank 0] Epoch 16/100 - Loss: 0.0821, CE: 0.0660, smooth: 0.1074
Fold 2:  16%|█▌        | 16/100 [01:47<09:24,  6.72s/it]Fold 2:  17%|█▋        | 17/100 [01:53<09:18,  6.73s/it]Fold 2:  17%|█▋        | 17/100 [01:53<09:17,  6.72s/it]Fold 2:  18%|█▊        | 18/100 [02:00<09:12,  6.73s/it]Fold 2:  18%|█▊        | 18/100 [02:00<09:13,  6.74s/it]Fold 2:  19%|█▉        | 19/100 [02:07<09:06,  6.74s/it]Fold 2:  19%|█▉        | 19/100 [02:07<09:06,  6.75s/it]Fold 2:  20%|██        | 20/100 [02:14<08:58,  6.74s/it]Fold 2:  20%|██        | 20/100 [02:14<08:58,  6.73s/it]Fold 2:  21%|██        | 21/100 [02:20<08:55,  6.78s/it][2025-05-09 19:25:05] INFO: [Rank 0] Epoch 21/100 - Loss: 0.0730, CE: 0.0578, smooth: 0.1012
Fold 2:  21%|██        | 21/100 [02:20<08:55,  6.78s/it]Fold 2:  22%|██▏       | 22/100 [02:27<08:47,  6.76s/it]Fold 2:  22%|██▏       | 22/100 [02:27<08:47,  6.76s/it]Fold 2:  23%|██▎       | 23/100 [02:34<08:39,  6.74s/it]Fold 2:  23%|██▎       | 23/100 [02:34<08:40,  6.76s/it]Fold 2:  24%|██▍       | 24/100 [02:41<08:31,  6.73s/it]Fold 2:  24%|██▍       | 24/100 [02:41<08:30,  6.72s/it]Fold 2:  25%|██▌       | 25/100 [02:47<08:21,  6.69s/it]Fold 2:  25%|██▌       | 25/100 [02:47<08:22,  6.70s/it]Fold 2:  26%|██▌       | 26/100 [02:54<08:15,  6.70s/it][2025-05-09 19:25:38] INFO: [Rank 0] Epoch 26/100 - Loss: 0.0657, CE: 0.0499, smooth: 0.1051
Fold 2:  26%|██▌       | 26/100 [02:54<08:16,  6.71s/it]Fold 2:  27%|██▋       | 27/100 [03:01<08:10,  6.72s/it]Fold 2:  27%|██▋       | 27/100 [03:01<08:10,  6.72s/it]Fold 2:  28%|██▊       | 28/100 [03:07<08:01,  6.68s/it]Fold 2:  28%|██▊       | 28/100 [03:07<08:01,  6.69s/it]Fold 2:  29%|██▉       | 29/100 [03:14<07:53,  6.67s/it]Fold 2:  29%|██▉       | 29/100 [03:14<07:54,  6.68s/it]Fold 2:  30%|███       | 30/100 [03:21<07:55,  6.80s/it]Fold 2:  30%|███       | 30/100 [03:21<07:55,  6.80s/it]Fold 2:  31%|███       | 31/100 [03:28<07:48,  6.79s/it][2025-05-09 19:26:12] INFO: [Rank 0] Epoch 31/100 - Loss: 0.0633, CE: 0.0469, smooth: 0.1097
Fold 2:  31%|███       | 31/100 [03:28<07:48,  6.79s/it]Fold 2:  32%|███▏      | 32/100 [03:35<07:40,  6.77s/it]Fold 2:  32%|███▏      | 32/100 [03:35<07:40,  6.78s/it]Fold 2:  33%|███▎      | 33/100 [03:41<07:33,  6.77s/it]Fold 2:  33%|███▎      | 33/100 [03:41<07:33,  6.77s/it]Fold 2:  34%|███▍      | 34/100 [03:48<07:25,  6.74s/it]Fold 2:  34%|███▍      | 34/100 [03:48<07:25,  6.75s/it]Fold 2:  35%|███▌      | 35/100 [03:55<07:15,  6.70s/it]Fold 2:  35%|███▌      | 35/100 [03:55<07:16,  6.71s/it][2025-05-09 19:26:46] INFO: [Rank 0] Epoch 36/100 - Loss: 0.0631, CE: 0.0523, smooth: 0.0717
Fold 2:  36%|███▌      | 36/100 [04:01<07:07,  6.68s/it]Fold 2:  36%|███▌      | 36/100 [04:01<07:07,  6.68s/it]Fold 2:  37%|███▋      | 37/100 [04:08<07:02,  6.70s/it]Fold 2:  37%|███▋      | 37/100 [04:08<07:03,  6.72s/it]Fold 2:  38%|███▊      | 38/100 [04:15<06:58,  6.75s/it]Fold 2:  38%|███▊      | 38/100 [04:15<06:58,  6.75s/it]Fold 2:  39%|███▉      | 39/100 [04:21<06:48,  6.70s/it]Fold 2:  39%|███▉      | 39/100 [04:21<06:48,  6.70s/it]Fold 2:  40%|████      | 40/100 [04:28<06:40,  6.67s/it]Fold 2:  40%|████      | 40/100 [04:28<06:40,  6.67s/it]Fold 2:  41%|████      | 41/100 [04:35<06:34,  6.68s/it][2025-05-09 19:27:19] INFO: [Rank 0] Epoch 41/100 - Loss: 0.0555, CE: 0.0451, smooth: 0.0694
Fold 2:  41%|████      | 41/100 [04:35<06:33,  6.68s/it]Fold 2:  42%|████▏     | 42/100 [04:41<06:26,  6.66s/it]Fold 2:  42%|████▏     | 42/100 [04:41<06:26,  6.66s/it]Fold 2:  43%|████▎     | 43/100 [04:48<06:20,  6.67s/it]Fold 2:  43%|████▎     | 43/100 [04:48<06:20,  6.67s/it]Fold 2:  44%|████▍     | 44/100 [04:55<06:13,  6.67s/it]Fold 2:  44%|████▍     | 44/100 [04:55<06:14,  6.68s/it]Fold 2:  45%|████▌     | 45/100 [05:01<06:08,  6.69s/it]Fold 2:  45%|████▌     | 45/100 [05:01<06:08,  6.70s/it]Fold 2:  46%|████▌     | 46/100 [05:08<06:01,  6.69s/it][2025-05-09 19:27:53] INFO: [Rank 0] Epoch 46/100 - Loss: 0.0588, CE: 0.0312, smooth: 0.1836
Fold 2:  46%|████▌     | 46/100 [05:08<06:01,  6.69s/it]Fold 2:  47%|████▋     | 47/100 [05:15<05:54,  6.68s/it]Fold 2:  47%|████▋     | 47/100 [05:15<05:54,  6.69s/it]Fold 2:  48%|████▊     | 48/100 [05:22<05:48,  6.70s/it]Fold 2:  48%|████▊     | 48/100 [05:22<05:48,  6.71s/it]Fold 2:  49%|████▉     | 49/100 [05:28<05:40,  6.67s/it]Fold 2:  49%|████▉     | 49/100 [05:28<05:40,  6.67s/it]Fold 2:  50%|█████     | 50/100 [05:35<05:32,  6.66s/it]Fold 2:  50%|█████     | 50/100 [05:35<05:33,  6.67s/it][2025-05-09 19:28:26] INFO: [Rank 0] Epoch 51/100 - Loss: 0.0499, CE: 0.0244, smooth: 0.1705
Fold 2:  51%|█████     | 51/100 [05:42<05:27,  6.68s/it]Fold 2:  51%|█████     | 51/100 [05:42<05:27,  6.69s/it]Fold 2:  52%|█████▏    | 52/100 [05:48<05:19,  6.65s/it]Fold 2:  52%|█████▏    | 52/100 [05:48<05:19,  6.65s/it]Fold 2:  53%|█████▎    | 53/100 [05:55<05:13,  6.67s/it]Fold 2:  53%|█████▎    | 53/100 [05:55<05:14,  6.69s/it]Fold 2:  54%|█████▍    | 54/100 [06:01<05:06,  6.66s/it]Fold 2:  54%|█████▍    | 54/100 [06:01<05:06,  6.67s/it]Fold 2:  55%|█████▌    | 55/100 [06:08<05:01,  6.69s/it]Fold 2:  55%|█████▌    | 55/100 [06:08<05:01,  6.70s/it]Fold 2:  56%|█████▌    | 56/100 [06:15<04:53,  6.67s/it][2025-05-09 19:28:59] INFO: [Rank 0] Epoch 56/100 - Loss: 0.0486, CE: 0.0284, smooth: 0.1347
Fold 2:  56%|█████▌    | 56/100 [06:15<04:53,  6.67s/it]Fold 2:  57%|█████▋    | 57/100 [06:21<04:46,  6.66s/it]Fold 2:  57%|█████▋    | 57/100 [06:22<04:46,  6.67s/it]Fold 2:  58%|█████▊    | 58/100 [06:28<04:39,  6.65s/it]Fold 2:  58%|█████▊    | 58/100 [06:28<04:39,  6.65s/it]Fold 2:  59%|█████▉    | 59/100 [06:35<04:32,  6.64s/it]Fold 2:  59%|█████▉    | 59/100 [06:35<04:32,  6.64s/it]Fold 2:  60%|██████    | 60/100 [06:41<04:25,  6.63s/it]Fold 2:  60%|██████    | 60/100 [06:41<04:25,  6.63s/it]Fold 2:  61%|██████    | 61/100 [06:48<04:19,  6.66s/it][2025-05-09 19:29:33] INFO: [Rank 0] Epoch 61/100 - Loss: 0.0356, CE: 0.0264, smooth: 0.0612
Fold 2:  61%|██████    | 61/100 [06:48<04:19,  6.66s/it]Fold 2:  62%|██████▏   | 62/100 [06:55<04:12,  6.64s/it]Fold 2:  62%|██████▏   | 62/100 [06:55<04:12,  6.65s/it]Fold 2:  63%|██████▎   | 63/100 [07:01<04:06,  6.66s/it]Fold 2:  63%|██████▎   | 63/100 [07:01<04:06,  6.66s/it]Fold 2:  64%|██████▍   | 64/100 [07:08<03:59,  6.65s/it]Fold 2:  64%|██████▍   | 64/100 [07:08<03:59,  6.64s/it]Fold 2:  65%|██████▌   | 65/100 [07:15<03:53,  6.67s/it]Fold 2:  65%|██████▌   | 65/100 [07:15<03:53,  6.67s/it]Fold 2:  66%|██████▌   | 66/100 [07:21<03:46,  6.66s/it][2025-05-09 19:30:06] INFO: [Rank 0] Epoch 66/100 - Loss: 0.0312, CE: 0.0213, smooth: 0.0656
Fold 2:  66%|██████▌   | 66/100 [07:21<03:46,  6.67s/it]Fold 2:  67%|██████▋   | 67/100 [07:28<03:40,  6.68s/it]Fold 2:  67%|██████▋   | 67/100 [07:28<03:40,  6.69s/it]Fold 2:  68%|██████▊   | 68/100 [07:35<03:34,  6.70s/it]Fold 2:  68%|██████▊   | 68/100 [07:35<03:34,  6.71s/it]Fold 2:  69%|██████▉   | 69/100 [07:41<03:26,  6.67s/it]Fold 2:  69%|██████▉   | 69/100 [07:41<03:27,  6.68s/it]Fold 2:  70%|███████   | 70/100 [07:48<03:19,  6.66s/it]Fold 2:  70%|███████   | 70/100 [07:48<03:19,  6.66s/it]Fold 2:  71%|███████   | 71/100 [07:55<03:12,  6.64s/it][2025-05-09 19:30:39] INFO: [Rank 0] Epoch 71/100 - Loss: 0.0277, CE: 0.0162, smooth: 0.0768
Fold 2:  71%|███████   | 71/100 [07:55<03:12,  6.64s/it]Fold 2:  72%|███████▏  | 72/100 [08:01<03:05,  6.62s/it]Fold 2:  72%|███████▏  | 72/100 [08:01<03:05,  6.63s/it]Fold 2:  73%|███████▎  | 73/100 [08:08<02:59,  6.66s/it]Fold 2:  73%|███████▎  | 73/100 [08:08<03:00,  6.67s/it]Fold 2:  74%|███████▍  | 74/100 [08:15<02:52,  6.65s/it]Fold 2:  74%|███████▍  | 74/100 [08:15<02:52,  6.65s/it]Fold 2:  75%|███████▌  | 75/100 [08:21<02:46,  6.66s/it]Fold 2:  75%|███████▌  | 75/100 [08:21<02:46,  6.67s/it]Fold 2:  76%|███████▌  | 76/100 [08:28<02:39,  6.65s/it][2025-05-09 19:31:13] INFO: [Rank 0] Epoch 76/100 - Loss: 0.0259, CE: 0.0120, smooth: 0.0923
Fold 2:  76%|███████▌  | 76/100 [08:28<02:40,  6.67s/it]Fold 2:  77%|███████▋  | 77/100 [08:35<02:32,  6.64s/it]Fold 2:  77%|███████▋  | 77/100 [08:35<02:32,  6.64s/it]Fold 2:  78%|███████▊  | 78/100 [08:41<02:25,  6.64s/it]Fold 2:  78%|███████▊  | 78/100 [08:41<02:26,  6.64s/it]Fold 2:  79%|███████▉  | 79/100 [08:48<02:19,  6.63s/it]Fold 2:  79%|███████▉  | 79/100 [08:48<02:19,  6.63s/it]Fold 2:  80%|████████  | 80/100 [08:55<02:13,  6.65s/it]Fold 2:  80%|████████  | 80/100 [08:55<02:13,  6.67s/it]Fold 2:  81%|████████  | 81/100 [09:01<02:06,  6.67s/it][2025-05-09 19:31:46] INFO: [Rank 0] Epoch 81/100 - Loss: 0.0234, CE: 0.0132, smooth: 0.0678
Fold 2:  81%|████████  | 81/100 [09:01<02:06,  6.68s/it]Fold 2:  82%|████████▏ | 82/100 [09:08<02:00,  6.71s/it]Fold 2:  82%|████████▏ | 82/100 [09:08<02:00,  6.71s/it]Fold 2:  83%|████████▎ | 83/100 [09:15<01:54,  6.71s/it]Fold 2:  83%|████████▎ | 83/100 [09:15<01:53,  6.70s/it]Fold 2:  84%|████████▍ | 84/100 [09:21<01:47,  6.70s/it]Fold 2:  84%|████████▍ | 84/100 [09:21<01:47,  6.70s/it]Fold 2:  85%|████████▌ | 85/100 [09:28<01:40,  6.70s/it]Fold 2:  85%|████████▌ | 85/100 [09:28<01:40,  6.71s/it]Fold 2:  86%|████████▌ | 86/100 [09:35<01:33,  6.71s/it][2025-05-09 19:32:19] INFO: [Rank 0] Epoch 86/100 - Loss: 0.0221, CE: 0.0120, smooth: 0.0670
Fold 2:  86%|████████▌ | 86/100 [09:35<01:34,  6.72s/it]Fold 2:  87%|████████▋ | 87/100 [09:41<01:26,  6.69s/it]Fold 2:  87%|████████▋ | 87/100 [09:42<01:27,  6.70s/it]Fold 2:  88%|████████▊ | 88/100 [09:48<01:20,  6.69s/it]Fold 2:  88%|████████▊ | 88/100 [09:48<01:20,  6.69s/it]Fold 2:  89%|████████▉ | 89/100 [09:55<01:13,  6.66s/it]Fold 2:  89%|████████▉ | 89/100 [09:55<01:13,  6.67s/it]Fold 2:  90%|█████████ | 90/100 [10:02<01:07,  6.74s/it]Fold 2:  90%|█████████ | 90/100 [10:02<01:07,  6.75s/it]Fold 2:  91%|█████████ | 91/100 [10:08<01:00,  6.72s/it][2025-05-09 19:32:53] INFO: [Rank 0] Epoch 91/100 - Loss: 0.0290, CE: 0.0160, smooth: 0.0866
Fold 2:  91%|█████████ | 91/100 [10:08<01:00,  6.72s/it]Fold 2:  92%|█████████▏| 92/100 [10:15<00:53,  6.73s/it]Fold 2:  92%|█████████▏| 92/100 [10:15<00:53,  6.72s/it]Fold 2:  93%|█████████▎| 93/100 [10:22<00:47,  6.72s/it]Fold 2:  93%|█████████▎| 93/100 [10:22<00:47,  6.72s/it]Fold 2:  94%|█████████▍| 94/100 [10:29<00:40,  6.71s/it]Fold 2:  94%|█████████▍| 94/100 [10:29<00:40,  6.72s/it]Fold 2:  95%|█████████▌| 95/100 [10:35<00:33,  6.72s/it]Fold 2:  95%|█████████▌| 95/100 [10:35<00:33,  6.72s/it]Fold 2:  96%|█████████▌| 96/100 [10:42<00:26,  6.69s/it][2025-05-09 19:33:26] INFO: [Rank 0] Epoch 96/100 - Loss: 0.0386, CE: 0.0233, smooth: 0.1017
Fold 2:  96%|█████████▌| 96/100 [10:42<00:26,  6.69s/it]Fold 2:  97%|█████████▋| 97/100 [10:48<00:19,  6.66s/it]Fold 2:  97%|█████████▋| 97/100 [10:49<00:19,  6.66s/it]Fold 2:  98%|█████████▊| 98/100 [10:55<00:13,  6.68s/it]Fold 2:  98%|█████████▊| 98/100 [10:55<00:13,  6.70s/it]Fold 2:  99%|█████████▉| 99/100 [11:02<00:06,  6.71s/it]Fold 2:  99%|█████████▉| 99/100 [11:02<00:06,  6.71s/it]Fold 2: 100%|██████████| 100/100 [11:09<00:00,  6.68s/it]                                                         Fold 2: 100%|██████████| 100/100 [11:09<00:00,  6.69s/it]                                                         Fold 3:   0%|          | 0/100 [00:00<?, ?it/s]Fold 3:   0%|          | 0/100 [00:00<?, ?it/s]Fold 3:   1%|          | 1/100 [00:06<11:19,  6.86s/it][2025-05-09 19:34:00] INFO: [Rank 0] Epoch 1/100 - Loss: 0.2643, CE: 0.1389, smooth: 0.8366
Fold 3:   1%|          | 1/100 [00:06<11:23,  6.91s/it]Fold 3:   2%|▏         | 2/100 [00:13<11:21,  6.95s/it]Fold 3:   2%|▏         | 2/100 [00:13<11:21,  6.96s/it]Fold 3:   3%|▎         | 3/100 [00:20<11:14,  6.95s/it]Fold 3:   3%|▎         | 3/100 [00:20<11:15,  6.96s/it]Fold 3:   4%|▍         | 4/100 [00:27<11:02,  6.90s/it]Fold 3:   4%|▍         | 4/100 [00:27<11:03,  6.91s/it]Fold 3:   5%|▌         | 5/100 [00:34<10:55,  6.90s/it]Fold 3:   5%|▌         | 5/100 [00:34<10:55,  6.90s/it]Fold 3:   6%|▌         | 6/100 [00:41<10:51,  6.93s/it][2025-05-09 19:34:35] INFO: [Rank 0] Epoch 6/100 - Loss: 0.0892, CE: 0.0614, smooth: 0.1852
Fold 3:   6%|▌         | 6/100 [00:41<10:52,  6.94s/it]Fold 3:   7%|▋         | 7/100 [00:48<10:46,  6.95s/it]Fold 3:   7%|▋         | 7/100 [00:48<10:47,  6.96s/it]Fold 3:   8%|▊         | 8/100 [00:55<10:43,  6.99s/it]Fold 3:   8%|▊         | 8/100 [00:55<10:42,  6.98s/it]Fold 3:   9%|▉         | 9/100 [01:02<10:37,  7.00s/it]Fold 3:   9%|▉         | 9/100 [01:02<10:37,  7.01s/it]Fold 3:  10%|█         | 10/100 [01:09<10:27,  6.98s/it]Fold 3:  10%|█         | 10/100 [01:09<10:28,  6.99s/it]Fold 3:  11%|█         | 11/100 [01:16<10:17,  6.94s/it][2025-05-09 19:35:10] INFO: [Rank 0] Epoch 11/100 - Loss: 0.0799, CE: 0.0509, smooth: 0.1932
Fold 3:  11%|█         | 11/100 [01:16<10:17,  6.94s/it]Fold 3:  12%|█▏        | 12/100 [01:23<10:09,  6.93s/it]Fold 3:  12%|█▏        | 12/100 [01:23<10:10,  6.94s/it]Fold 3:  13%|█▎        | 13/100 [01:30<10:02,  6.93s/it]Fold 3:  13%|█▎        | 13/100 [01:30<10:03,  6.93s/it]Fold 3:  14%|█▍        | 14/100 [01:37<09:53,  6.90s/it]Fold 3:  14%|█▍        | 14/100 [01:37<09:54,  6.91s/it]Fold 3:  15%|█▌        | 15/100 [01:43<09:45,  6.89s/it]Fold 3:  15%|█▌        | 15/100 [01:44<09:45,  6.89s/it]Fold 3:  16%|█▌        | 16/100 [01:50<09:40,  6.91s/it][2025-05-09 19:35:44] INFO: [Rank 0] Epoch 16/100 - Loss: 0.0722, CE: 0.0510, smooth: 0.1408
Fold 3:  16%|█▌        | 16/100 [01:50<09:40,  6.91s/it]Fold 3:  17%|█▋        | 17/100 [01:57<09:33,  6.91s/it]Fold 3:  17%|█▋        | 17/100 [01:57<09:34,  6.92s/it]Fold 3:  18%|█▊        | 18/100 [02:04<09:29,  6.95s/it]Fold 3:  18%|█▊        | 18/100 [02:04<09:29,  6.95s/it]Fold 3:  19%|█▉        | 19/100 [02:11<09:21,  6.93s/it]Fold 3:  19%|█▉        | 19/100 [02:11<09:21,  6.94s/it]Fold 3:  20%|██        | 20/100 [02:18<09:14,  6.93s/it]Fold 3:  20%|██        | 20/100 [02:18<09:15,  6.95s/it]Fold 3:  21%|██        | 21/100 [02:25<09:05,  6.91s/it][2025-05-09 19:36:19] INFO: [Rank 0] Epoch 21/100 - Loss: 0.0718, CE: 0.0516, smooth: 0.1348
Fold 3:  21%|██        | 21/100 [02:25<09:05,  6.90s/it]Fold 3:  22%|██▏       | 22/100 [02:32<08:57,  6.89s/it]Fold 3:  22%|██▏       | 22/100 [02:32<08:56,  6.88s/it]Fold 3:  23%|██▎       | 23/100 [02:39<08:48,  6.87s/it]Fold 3:  23%|██▎       | 23/100 [02:39<08:49,  6.88s/it]Fold 3:  24%|██▍       | 24/100 [02:46<08:44,  6.89s/it]Fold 3:  24%|██▍       | 24/100 [02:46<08:44,  6.90s/it]Fold 3:  25%|██▌       | 25/100 [02:53<08:38,  6.91s/it]Fold 3:  25%|██▌       | 25/100 [02:53<08:37,  6.91s/it]Fold 3:  26%|██▌       | 26/100 [03:00<08:31,  6.91s/it][2025-05-09 19:36:53] INFO: [Rank 0] Epoch 26/100 - Loss: 0.0677, CE: 0.0528, smooth: 0.0990
Fold 3:  26%|██▌       | 26/100 [03:00<08:32,  6.92s/it]Fold 3:  27%|██▋       | 27/100 [03:07<08:26,  6.93s/it]Fold 3:  27%|██▋       | 27/100 [03:07<08:26,  6.93s/it]Fold 3:  28%|██▊       | 28/100 [03:13<08:17,  6.91s/it]Fold 3:  28%|██▊       | 28/100 [03:13<08:17,  6.91s/it]Fold 3:  29%|██▉       | 29/100 [03:20<08:10,  6.91s/it]Fold 3:  29%|██▉       | 29/100 [03:20<08:11,  6.92s/it]Fold 3:  30%|███       | 30/100 [03:27<08:04,  6.93s/it]Fold 3:  30%|███       | 30/100 [03:27<08:05,  6.94s/it]Fold 3:  31%|███       | 31/100 [03:34<07:56,  6.90s/it][2025-05-09 19:37:28] INFO: [Rank 0] Epoch 31/100 - Loss: 0.0713, CE: 0.0570, smooth: 0.0954
Fold 3:  31%|███       | 31/100 [03:34<07:56,  6.91s/it]Fold 3:  32%|███▏      | 32/100 [03:41<07:47,  6.88s/it]Fold 3:  32%|███▏      | 32/100 [03:41<07:47,  6.88s/it]Fold 3:  33%|███▎      | 33/100 [03:48<07:41,  6.89s/it]Fold 3:  33%|███▎      | 33/100 [03:48<07:42,  6.90s/it]Fold 3:  34%|███▍      | 34/100 [03:55<07:34,  6.88s/it]Fold 3:  34%|███▍      | 34/100 [03:55<07:34,  6.88s/it]Fold 3:  35%|███▌      | 35/100 [04:02<07:26,  6.86s/it]Fold 3:  35%|███▌      | 35/100 [04:02<07:26,  6.87s/it]Fold 3:  36%|███▌      | 36/100 [04:08<07:19,  6.86s/it][2025-05-09 19:38:02] INFO: [Rank 0] Epoch 36/100 - Loss: 0.0600, CE: 0.0471, smooth: 0.0855
Fold 3:  36%|███▌      | 36/100 [04:08<07:19,  6.86s/it]Fold 3:  37%|███▋      | 37/100 [04:15<07:14,  6.89s/it]Fold 3:  37%|███▋      | 37/100 [04:15<07:14,  6.89s/it]Fold 3:  38%|███▊      | 38/100 [04:22<07:06,  6.88s/it]Fold 3:  38%|███▊      | 38/100 [04:22<07:06,  6.88s/it]Fold 3:  39%|███▉      | 39/100 [04:29<06:58,  6.86s/it]Fold 3:  39%|███▉      | 39/100 [04:29<06:58,  6.87s/it]Fold 3:  40%|████      | 40/100 [04:36<06:53,  6.89s/it]Fold 3:  40%|████      | 40/100 [04:36<06:53,  6.90s/it]Fold 3:  41%|████      | 41/100 [04:43<06:47,  6.91s/it][2025-05-09 19:38:37] INFO: [Rank 0] Epoch 41/100 - Loss: 0.0582, CE: 0.0403, smooth: 0.1196
Fold 3:  41%|████      | 41/100 [04:43<06:47,  6.91s/it]Fold 3:  42%|████▏     | 42/100 [04:50<06:41,  6.92s/it]Fold 3:  42%|████▏     | 42/100 [04:50<06:41,  6.92s/it]Fold 3:  43%|████▎     | 43/100 [04:57<06:34,  6.93s/it]Fold 3:  43%|████▎     | 43/100 [04:57<06:34,  6.93s/it]Fold 3:  44%|████▍     | 44/100 [05:04<06:26,  6.90s/it]Fold 3:  44%|████▍     | 44/100 [05:04<06:26,  6.91s/it]Fold 3:  45%|████▌     | 45/100 [05:11<06:20,  6.91s/it]Fold 3:  45%|████▌     | 45/100 [05:11<06:20,  6.91s/it][2025-05-09 19:39:11] INFO: [Rank 0] Epoch 46/100 - Loss: 0.0535, CE: 0.0332, smooth: 0.1354
